Archive member included to satisfy reference by file (symbol)

.\CortexM0\ARM_GCC_541\Debug\Design02.a(CyLib.o)
                              .\CortexM0\ARM_GCC_541\Debug\cyfitter_cfg.o (CyIntEnable)
.\CortexM0\ARM_GCC_541\Debug\Design02.a(CyLFClk.o)
                              .\CortexM0\ARM_GCC_541\Debug\cyfitter_cfg.o (CySysClkWcoStart)
.\CortexM0\ARM_GCC_541\Debug\Design02.a(PWM_1.o)
                              .\CortexM0\ARM_GCC_541\Debug\main.o (PWM_1_Stop)
.\CortexM0\ARM_GCC_541\Debug\Design02.a(PWM_2.o)
                              .\CortexM0\ARM_GCC_541\Debug\main.o (PWM_2_Stop)
.\CortexM0\ARM_GCC_541\Debug\Design02.a(PWM_3.o)
                              .\CortexM0\ARM_GCC_541\Debug\main.o (PWM_3_Stop)
.\CortexM0\ARM_GCC_541\Debug\Design02.a(PWM_4.o)
                              .\CortexM0\ARM_GCC_541\Debug\main.o (PWM_4_Stop)
.\CortexM0\ARM_GCC_541\Debug\Design02.a(Pin_pair01.o)
                              .\CortexM0\ARM_GCC_541\Debug\main.o (Pin_pair01_Write)
.\CortexM0\ARM_GCC_541\Debug\Design02.a(Pin_pair02.o)
                              .\CortexM0\ARM_GCC_541\Debug\main.o (Pin_pair02_Write)
.\CortexM0\ARM_GCC_541\Debug\Design02.a(Pin_pair03.o)
                              .\CortexM0\ARM_GCC_541\Debug\main.o (Pin_pair03_Write)
.\CortexM0\ARM_GCC_541\Debug\Design02.a(Pin_pair04.o)
                              .\CortexM0\ARM_GCC_541\Debug\main.o (Pin_pair04_Write)
.\CortexM0\ARM_GCC_541\Debug\Design02.a(CyBootAsmGnu.o)
                              .\CortexM0\ARM_GCC_541\Debug\cyfitter_cfg.o (CyDelayCycles)
c:/program files (x86)/cypress/psoc creator/4.4/psoc creator/import/gnu/arm/5.4.1/bin/../lib/gcc/arm-none-eabi/5.4.1/armv6-m\libgcc.a(_udivsi3.o)
                              .\CortexM0\ARM_GCC_541\Debug\Design02.a(CyLib.o) (__aeabi_uidiv)
c:/program files (x86)/cypress/psoc creator/4.4/psoc creator/import/gnu/arm/5.4.1/bin/../lib/gcc/arm-none-eabi/5.4.1/armv6-m\libgcc.a(_divsi3.o)
                              .\CortexM0\ARM_GCC_541\Debug\Design02.a(CyLFClk.o) (__aeabi_idiv)
c:/program files (x86)/cypress/psoc creator/4.4/psoc creator/import/gnu/arm/5.4.1/bin/../lib/gcc/arm-none-eabi/5.4.1/armv6-m\libgcc.a(_dvmd_tls.o)
                              c:/program files (x86)/cypress/psoc creator/4.4/psoc creator/import/gnu/arm/5.4.1/bin/../lib/gcc/arm-none-eabi/5.4.1/armv6-m\libgcc.a(_udivsi3.o) (__aeabi_idiv0)
c:/program files (x86)/cypress/psoc creator/4.4/psoc creator/import/gnu/arm/5.4.1/bin/../lib/gcc/arm-none-eabi/5.4.1/../../../../arm-none-eabi/lib/armv6-m\libg_nano.a(lib_a-errno.o)
                              .\CortexM0\ARM_GCC_541\Debug\Cm0Start.o (__errno)
c:/program files (x86)/cypress/psoc creator/4.4/psoc creator/import/gnu/arm/5.4.1/bin/../lib/gcc/arm-none-eabi/5.4.1/../../../../arm-none-eabi/lib/armv6-m\libg_nano.a(lib_a-exit.o)
                              c:/program files (x86)/cypress/psoc creator/4.4/psoc creator/import/gnu/arm/5.4.1/bin/../lib/gcc/arm-none-eabi/5.4.1/../../../../arm-none-eabi/lib/armv6-m/crt0.o (exit)
c:/program files (x86)/cypress/psoc creator/4.4/psoc creator/import/gnu/arm/5.4.1/bin/../lib/gcc/arm-none-eabi/5.4.1/../../../../arm-none-eabi/lib/armv6-m\libg_nano.a(lib_a-impure.o)
                              c:/program files (x86)/cypress/psoc creator/4.4/psoc creator/import/gnu/arm/5.4.1/bin/../lib/gcc/arm-none-eabi/5.4.1/../../../../arm-none-eabi/lib/armv6-m\libg_nano.a(lib_a-exit.o) (_global_impure_ptr)
c:/program files (x86)/cypress/psoc creator/4.4/psoc creator/import/gnu/arm/5.4.1/bin/../lib/gcc/arm-none-eabi/5.4.1/../../../../arm-none-eabi/lib/armv6-m\libg_nano.a(lib_a-init.o)
                              c:/program files (x86)/cypress/psoc creator/4.4/psoc creator/import/gnu/arm/5.4.1/bin/../lib/gcc/arm-none-eabi/5.4.1/../../../../arm-none-eabi/lib/armv6-m/crt0.o (__libc_init_array)
c:/program files (x86)/cypress/psoc creator/4.4/psoc creator/import/gnu/arm/5.4.1/bin/../lib/gcc/arm-none-eabi/5.4.1/../../../../arm-none-eabi/lib/armv6-m\libg_nano.a(lib_a-memset.o)
                              c:/program files (x86)/cypress/psoc creator/4.4/psoc creator/import/gnu/arm/5.4.1/bin/../lib/gcc/arm-none-eabi/5.4.1/../../../../arm-none-eabi/lib/armv6-m/crt0.o (memset)

Discarded input sections

 .text          0x00000000        0x0 c:/program files (x86)/cypress/psoc creator/4.4/psoc creator/import/gnu/arm/5.4.1/bin/../lib/gcc/arm-none-eabi/5.4.1/armv6-m/crti.o
 .data          0x00000000        0x0 c:/program files (x86)/cypress/psoc creator/4.4/psoc creator/import/gnu/arm/5.4.1/bin/../lib/gcc/arm-none-eabi/5.4.1/armv6-m/crti.o
 .bss           0x00000000        0x0 c:/program files (x86)/cypress/psoc creator/4.4/psoc creator/import/gnu/arm/5.4.1/bin/../lib/gcc/arm-none-eabi/5.4.1/armv6-m/crti.o
 .data          0x00000000        0x4 c:/program files (x86)/cypress/psoc creator/4.4/psoc creator/import/gnu/arm/5.4.1/bin/../lib/gcc/arm-none-eabi/5.4.1/armv6-m/crtbegin.o
 .text          0x00000000       0x78 c:/program files (x86)/cypress/psoc creator/4.4/psoc creator/import/gnu/arm/5.4.1/bin/../lib/gcc/arm-none-eabi/5.4.1/../../../../arm-none-eabi/lib/armv6-m/crt0.o
 .data          0x00000000        0x0 c:/program files (x86)/cypress/psoc creator/4.4/psoc creator/import/gnu/arm/5.4.1/bin/../lib/gcc/arm-none-eabi/5.4.1/../../../../arm-none-eabi/lib/armv6-m/crt0.o
 .bss           0x00000000        0x0 c:/program files (x86)/cypress/psoc creator/4.4/psoc creator/import/gnu/arm/5.4.1/bin/../lib/gcc/arm-none-eabi/5.4.1/../../../../arm-none-eabi/lib/armv6-m/crt0.o
 .ARM.extab     0x00000000        0x0 c:/program files (x86)/cypress/psoc creator/4.4/psoc creator/import/gnu/arm/5.4.1/bin/../lib/gcc/arm-none-eabi/5.4.1/../../../../arm-none-eabi/lib/armv6-m/crt0.o
 .ARM.exidx     0x00000000        0x8 c:/program files (x86)/cypress/psoc creator/4.4/psoc creator/import/gnu/arm/5.4.1/bin/../lib/gcc/arm-none-eabi/5.4.1/../../../../arm-none-eabi/lib/armv6-m/crt0.o
 .text          0x00000000        0x0 .\CortexM0\ARM_GCC_541\Debug\main.o
 .data          0x00000000        0x0 .\CortexM0\ARM_GCC_541\Debug\main.o
 .bss           0x00000000        0x0 .\CortexM0\ARM_GCC_541\Debug\main.o
 .text.move_servo
                0x00000000       0x48 .\CortexM0\ARM_GCC_541\Debug\main.o
 .text          0x00000000        0x0 .\CortexM0\ARM_GCC_541\Debug\cyfitter_cfg.o
 .data          0x00000000        0x0 .\CortexM0\ARM_GCC_541\Debug\cyfitter_cfg.o
 .bss           0x00000000        0x0 .\CortexM0\ARM_GCC_541\Debug\cyfitter_cfg.o
 .text          0x00000000        0x0 .\CortexM0\ARM_GCC_541\Debug\cymetadata.o
 .data          0x00000000        0x0 .\CortexM0\ARM_GCC_541\Debug\cymetadata.o
 .bss           0x00000000        0x0 .\CortexM0\ARM_GCC_541\Debug\cymetadata.o
 .text          0x00000000        0x0 .\CortexM0\ARM_GCC_541\Debug\Cm0Start.o
 .data          0x00000000        0x4 .\CortexM0\ARM_GCC_541\Debug\Cm0Start.o
 .bss           0x00000000        0x0 .\CortexM0\ARM_GCC_541\Debug\Cm0Start.o
 .text._exit    0x00000000        0xc .\CortexM0\ARM_GCC_541\Debug\Cm0Start.o
 .text._sbrk    0x00000000       0x30 .\CortexM0\ARM_GCC_541\Debug\Cm0Start.o
 .text          0x00000000        0x0 .\CortexM0\ARM_GCC_541\Debug\Design02.a(CyLib.o)
 .bss           0x00000000       0x18 .\CortexM0\ARM_GCC_541\Debug\Design02.a(CyLib.o)
 .text.CySysClkImoStart
                0x00000000       0x14 .\CortexM0\ARM_GCC_541\Debug\Design02.a(CyLib.o)
 .text.CySysClkImoStop
                0x00000000       0x10 .\CortexM0\ARM_GCC_541\Debug\Design02.a(CyLib.o)
 .text.CySysClkWriteHfclkDirect
                0x00000000       0x20 .\CortexM0\ARM_GCC_541\Debug\Design02.a(CyLib.o)
 .text.CySysEnablePumpClock
                0x00000000       0x38 .\CortexM0\ARM_GCC_541\Debug\Design02.a(CyLib.o)
 .text.CySysClkGetSysclkSource
                0x00000000       0x1c .\CortexM0\ARM_GCC_541\Debug\Design02.a(CyLib.o)
 .text.CySysClkWriteSysclkDiv
                0x00000000       0x30 .\CortexM0\ARM_GCC_541\Debug\Design02.a(CyLib.o)
 .text.CySysClkEcoStop
                0x00000000       0x24 .\CortexM0\ARM_GCC_541\Debug\Design02.a(CyLib.o)
 .text.CySysLvdDisable
                0x00000000       0x20 .\CortexM0\ARM_GCC_541\Debug\Design02.a(CyLib.o)
 .text.CySysLvdGetInterruptSource
                0x00000000       0x10 .\CortexM0\ARM_GCC_541\Debug\Design02.a(CyLib.o)
 .text.CySysLvdClearInterrupt
                0x00000000        0xc .\CortexM0\ARM_GCC_541\Debug\Design02.a(CyLib.o)
 .text.CySysGetResetReason
                0x00000000       0x14 .\CortexM0\ARM_GCC_541\Debug\Design02.a(CyLib.o)
 .text.CyDisableInts
                0x00000000       0x10 .\CortexM0\ARM_GCC_541\Debug\Design02.a(CyLib.o)
 .text.CyEnableInts
                0x00000000        0xc .\CortexM0\ARM_GCC_541\Debug\Design02.a(CyLib.o)
 .text.CyIntGetState
                0x00000000       0x18 .\CortexM0\ARM_GCC_541\Debug\Design02.a(CyLib.o)
 .text.CyIntDisable
                0x00000000       0x14 .\CortexM0\ARM_GCC_541\Debug\Design02.a(CyLib.o)
 .text.CyIntSetPending
                0x00000000       0x14 .\CortexM0\ARM_GCC_541\Debug\Design02.a(CyLib.o)
 .text.CyIntClearPending
                0x00000000       0x14 .\CortexM0\ARM_GCC_541\Debug\Design02.a(CyLib.o)
 .text.CySysClkWriteEcoDiv
                0x00000000       0x38 .\CortexM0\ARM_GCC_541\Debug\Design02.a(CyLib.o)
 .text.CyIntSetSysVector
                0x00000000       0x20 .\CortexM0\ARM_GCC_541\Debug\Design02.a(CyLib.o)
 .text.CyIntGetSysVector
                0x00000000       0x1c .\CortexM0\ARM_GCC_541\Debug\Design02.a(CyLib.o)
 .text.CyIntGetVector
                0x00000000       0x20 .\CortexM0\ARM_GCC_541\Debug\Design02.a(CyLib.o)
 .text.CyIntSetPriority
                0x00000000       0x4c .\CortexM0\ARM_GCC_541\Debug\Design02.a(CyLib.o)
 .text.CyIntGetPriority
                0x00000000       0x2c .\CortexM0\ARM_GCC_541\Debug\Design02.a(CyLib.o)
 .text.CySoftwareReset
                0x00000000       0x18 .\CortexM0\ARM_GCC_541\Debug\Design02.a(CyLib.o)
 .text.CySysLvdEnable
                0x00000000       0x44 .\CortexM0\ARM_GCC_541\Debug\Design02.a(CyLib.o)
 .text.CyDelayFreq
                0x00000000       0x4c .\CortexM0\ARM_GCC_541\Debug\Design02.a(CyLib.o)
 .text.CySysTickStop
                0x00000000       0x10 .\CortexM0\ARM_GCC_541\Debug\Design02.a(CyLib.o)
 .text.CySysTickEnableInterrupt
                0x00000000       0x10 .\CortexM0\ARM_GCC_541\Debug\Design02.a(CyLib.o)
 .text.CySysTickEnable
                0x00000000       0x18 .\CortexM0\ARM_GCC_541\Debug\Design02.a(CyLib.o)
 .text.CySysTickDisableInterrupt
                0x00000000       0x10 .\CortexM0\ARM_GCC_541\Debug\Design02.a(CyLib.o)
 .text.CySysTickSetReload
                0x00000000       0x10 .\CortexM0\ARM_GCC_541\Debug\Design02.a(CyLib.o)
 .text.CySysTickGetReload
                0x00000000       0x10 .\CortexM0\ARM_GCC_541\Debug\Design02.a(CyLib.o)
 .text.CySysTickGetValue
                0x00000000       0x10 .\CortexM0\ARM_GCC_541\Debug\Design02.a(CyLib.o)
 .text.CySysTickSetClockSource
                0x00000000       0x20 .\CortexM0\ARM_GCC_541\Debug\Design02.a(CyLib.o)
 .text.CySysTickGetClockSource
                0x00000000       0x10 .\CortexM0\ARM_GCC_541\Debug\Design02.a(CyLib.o)
 .text.CySysTickGetCountFlag
                0x00000000       0x10 .\CortexM0\ARM_GCC_541\Debug\Design02.a(CyLib.o)
 .text.CySysTickServiceCallbacks
                0x00000000       0x28 .\CortexM0\ARM_GCC_541\Debug\Design02.a(CyLib.o)
 .text.CySysTickClear
                0x00000000        0xc .\CortexM0\ARM_GCC_541\Debug\Design02.a(CyLib.o)
 .text.CySysTickInit
                0x00000000       0x44 .\CortexM0\ARM_GCC_541\Debug\Design02.a(CyLib.o)
 .text.CySysTickStart
                0x00000000       0x20 .\CortexM0\ARM_GCC_541\Debug\Design02.a(CyLib.o)
 .text.CySysTickSetCallback
                0x00000000       0x10 .\CortexM0\ARM_GCC_541\Debug\Design02.a(CyLib.o)
 .text.CySysTickGetCallback
                0x00000000        0xc .\CortexM0\ARM_GCC_541\Debug\Design02.a(CyLib.o)
 .text.CyGetUniqueId
                0x00000000       0x70 .\CortexM0\ARM_GCC_541\Debug\Design02.a(CyLib.o)
 .text.CySysSetRamAccessArbPriority
                0x00000000       0x20 .\CortexM0\ARM_GCC_541\Debug\Design02.a(CyLib.o)
 .text.CySysSetFlashAccessArbPriority
                0x00000000       0x20 .\CortexM0\ARM_GCC_541\Debug\Design02.a(CyLib.o)
 .text.CySysSetDmacAccessArbPriority
                0x00000000       0x20 .\CortexM0\ARM_GCC_541\Debug\Design02.a(CyLib.o)
 .text.CySysSetPeripheralAccessArbPriority
                0x00000000       0x68 .\CortexM0\ARM_GCC_541\Debug\Design02.a(CyLib.o)
 .text          0x00000000        0x0 .\CortexM0\ARM_GCC_541\Debug\Design02.a(CyLFClk.o)
 .text.CySysClkIloEnabled
                0x00000000       0x14 .\CortexM0\ARM_GCC_541\Debug\Design02.a(CyLFClk.o)
 .text.CySysClkGetLfclkSource
                0x00000000       0x10 .\CortexM0\ARM_GCC_541\Debug\Design02.a(CyLFClk.o)
 .text.CySysClkIloStart
                0x00000000       0x14 .\CortexM0\ARM_GCC_541\Debug\Design02.a(CyLFClk.o)
 .text.CySysClkIloStartMeasurement
                0x00000000       0x5c .\CortexM0\ARM_GCC_541\Debug\Design02.a(CyLFClk.o)
 .text.CySysClkIloStopMeasurement
                0x00000000       0x14 .\CortexM0\ARM_GCC_541\Debug\Design02.a(CyLFClk.o)
 .text.CySysClkIloCompensate
                0x00000000      0x104 .\CortexM0\ARM_GCC_541\Debug\Design02.a(CyLFClk.o)
 .text.CySysClkIloUpdateTrimReg
                0x00000000       0xa8 .\CortexM0\ARM_GCC_541\Debug\Design02.a(CyLFClk.o)
 .text.CySysClkIloTrim
                0x00000000       0xd8 .\CortexM0\ARM_GCC_541\Debug\Design02.a(CyLFClk.o)
 .text.CySysClkIloRestoreFactoryTrim
                0x00000000       0x30 .\CortexM0\ARM_GCC_541\Debug\Design02.a(CyLFClk.o)
 .text.CySysClkWcoEnabled
                0x00000000       0x14 .\CortexM0\ARM_GCC_541\Debug\Design02.a(CyLFClk.o)
 .text.CySysClkWcoClockOutSelect
                0x00000000       0x2c .\CortexM0\ARM_GCC_541\Debug\Design02.a(CyLFClk.o)
 .text.CySysWdtGetEnabledStatus
                0x00000000       0x24 .\CortexM0\ARM_GCC_541\Debug\Design02.a(CyLFClk.o)
 .text.CySysWdtSetMode
                0x00000000       0x38 .\CortexM0\ARM_GCC_541\Debug\Design02.a(CyLFClk.o)
 .text.CySysClkLfclkPosedgeRestore
                0x00000000       0x2c .\CortexM0\ARM_GCC_541\Debug\Design02.a(CyLFClk.o)
 .text.CySysWdtGetMode
                0x00000000       0x14 .\CortexM0\ARM_GCC_541\Debug\Design02.a(CyLFClk.o)
 .text.CySysWdtSetClearOnMatch
                0x00000000       0x34 .\CortexM0\ARM_GCC_541\Debug\Design02.a(CyLFClk.o)
 .text.CySysWdtGetClearOnMatch
                0x00000000       0x24 .\CortexM0\ARM_GCC_541\Debug\Design02.a(CyLFClk.o)
 .text.CySysWdtEnable
                0x00000000       0x3c .\CortexM0\ARM_GCC_541\Debug\Design02.a(CyLFClk.o)
 .text.CySysWdtDisable
                0x00000000       0x44 .\CortexM0\ARM_GCC_541\Debug\Design02.a(CyLFClk.o)
 .text.CySysWdtSetCascade
                0x00000000       0x34 .\CortexM0\ARM_GCC_541\Debug\Design02.a(CyLFClk.o)
 .text.CySysWdtGetCascade
                0x00000000       0x14 .\CortexM0\ARM_GCC_541\Debug\Design02.a(CyLFClk.o)
 .text.CySysWdtSetMatch
                0x00000000       0x54 .\CortexM0\ARM_GCC_541\Debug\Design02.a(CyLFClk.o)
 .text.CySysWdtSetToggleBit
                0x00000000       0x30 .\CortexM0\ARM_GCC_541\Debug\Design02.a(CyLFClk.o)
 .text.CySysWdtGetToggleBit
                0x00000000       0x10 .\CortexM0\ARM_GCC_541\Debug\Design02.a(CyLFClk.o)
 .text.CySysWdtGetMatch
                0x00000000       0x20 .\CortexM0\ARM_GCC_541\Debug\Design02.a(CyLFClk.o)
 .text.CySysWdtGetCount
                0x00000000       0x3c .\CortexM0\ARM_GCC_541\Debug\Design02.a(CyLFClk.o)
 .text.CySysClkLfclkPosedgeCatch
                0x00000000       0x74 .\CortexM0\ARM_GCC_541\Debug\Design02.a(CyLFClk.o)
 .text.CySysClkIloStop
                0x00000000       0x4c .\CortexM0\ARM_GCC_541\Debug\Design02.a(CyLFClk.o)
 .text.CySysClkSetLfclkSource
                0x00000000       0x38 .\CortexM0\ARM_GCC_541\Debug\Design02.a(CyLFClk.o)
 .text.CySysClkWcoStop
                0x00000000       0x48 .\CortexM0\ARM_GCC_541\Debug\Design02.a(CyLFClk.o)
 .text.CySysWdtGetInterruptSource
                0x00000000       0x14 .\CortexM0\ARM_GCC_541\Debug\Design02.a(CyLFClk.o)
 .text.CySysWdtResetCounters
                0x00000000       0x20 .\CortexM0\ARM_GCC_541\Debug\Design02.a(CyLFClk.o)
 .text.CySysWdtSetInterruptCallback
                0x00000000       0x20 .\CortexM0\ARM_GCC_541\Debug\Design02.a(CyLFClk.o)
 .text.CySysWdtGetInterruptCallback
                0x00000000       0x20 .\CortexM0\ARM_GCC_541\Debug\Design02.a(CyLFClk.o)
 .text.CySysWdtEnableCounterIsr
                0x00000000       0x34 .\CortexM0\ARM_GCC_541\Debug\Design02.a(CyLFClk.o)
 .text.CySysWdtDisableCounterIsr
                0x00000000       0x28 .\CortexM0\ARM_GCC_541\Debug\Design02.a(CyLFClk.o)
 .text.CySysWatchdogFeed
                0x00000000       0x60 .\CortexM0\ARM_GCC_541\Debug\Design02.a(CyLFClk.o)
 .text.CySysTimerDelayUntilMatch
                0x00000000       0x6c .\CortexM0\ARM_GCC_541\Debug\Design02.a(CyLFClk.o)
 .text.CySysTimerDelay
                0x00000000       0x3c .\CortexM0\ARM_GCC_541\Debug\Design02.a(CyLFClk.o)
 .rodata        0x00000000        0xc .\CortexM0\ARM_GCC_541\Debug\Design02.a(CyLFClk.o)
 .text          0x00000000        0x0 .\CortexM0\ARM_GCC_541\Debug\Design02.a(PWM_1.o)
 .data          0x00000000        0x0 .\CortexM0\ARM_GCC_541\Debug\Design02.a(PWM_1.o)
 .text.PWM_1_SetMode
                0x00000000       0x28 .\CortexM0\ARM_GCC_541\Debug\Design02.a(PWM_1.o)
 .text.PWM_1_SetQDMode
                0x00000000       0x28 .\CortexM0\ARM_GCC_541\Debug\Design02.a(PWM_1.o)
 .text.PWM_1_SetPrescaler
                0x00000000       0x28 .\CortexM0\ARM_GCC_541\Debug\Design02.a(PWM_1.o)
 .text.PWM_1_SetOneShot
                0x00000000       0x30 .\CortexM0\ARM_GCC_541\Debug\Design02.a(PWM_1.o)
 .text.PWM_1_SetPWMMode
                0x00000000       0x10 .\CortexM0\ARM_GCC_541\Debug\Design02.a(PWM_1.o)
 .text.PWM_1_SetPWMSyncKill
                0x00000000       0x28 .\CortexM0\ARM_GCC_541\Debug\Design02.a(PWM_1.o)
 .text.PWM_1_SetPWMStopOnKill
                0x00000000       0x28 .\CortexM0\ARM_GCC_541\Debug\Design02.a(PWM_1.o)
 .text.PWM_1_SetPWMDeadTime
                0x00000000       0x2c .\CortexM0\ARM_GCC_541\Debug\Design02.a(PWM_1.o)
 .text.PWM_1_SetPWMInvert
                0x00000000       0x28 .\CortexM0\ARM_GCC_541\Debug\Design02.a(PWM_1.o)
 .text.PWM_1_ReadCounter
                0x00000000       0x10 .\CortexM0\ARM_GCC_541\Debug\Design02.a(PWM_1.o)
 .text.PWM_1_SetCounterMode
                0x00000000       0x28 .\CortexM0\ARM_GCC_541\Debug\Design02.a(PWM_1.o)
 .text.PWM_1_ReadPeriod
                0x00000000       0x10 .\CortexM0\ARM_GCC_541\Debug\Design02.a(PWM_1.o)
 .text.PWM_1_SetCompareSwap
                0x00000000       0x24 .\CortexM0\ARM_GCC_541\Debug\Design02.a(PWM_1.o)
 .text.PWM_1_WritePeriodBuf
                0x00000000       0x10 .\CortexM0\ARM_GCC_541\Debug\Design02.a(PWM_1.o)
 .text.PWM_1_ReadPeriodBuf
                0x00000000       0x10 .\CortexM0\ARM_GCC_541\Debug\Design02.a(PWM_1.o)
 .text.PWM_1_SetPeriodSwap
                0x00000000       0x28 .\CortexM0\ARM_GCC_541\Debug\Design02.a(PWM_1.o)
 .text.PWM_1_ReadCompare
                0x00000000       0x10 .\CortexM0\ARM_GCC_541\Debug\Design02.a(PWM_1.o)
 .text.PWM_1_WriteCompareBuf
                0x00000000       0x10 .\CortexM0\ARM_GCC_541\Debug\Design02.a(PWM_1.o)
 .text.PWM_1_ReadCompareBuf
                0x00000000       0x10 .\CortexM0\ARM_GCC_541\Debug\Design02.a(PWM_1.o)
 .text.PWM_1_ReadCapture
                0x00000000       0x10 .\CortexM0\ARM_GCC_541\Debug\Design02.a(PWM_1.o)
 .text.PWM_1_ReadCaptureBuf
                0x00000000       0x10 .\CortexM0\ARM_GCC_541\Debug\Design02.a(PWM_1.o)
 .text.PWM_1_SetCaptureMode
                0x00000000       0x24 .\CortexM0\ARM_GCC_541\Debug\Design02.a(PWM_1.o)
 .text.PWM_1_SetReloadMode
                0x00000000       0x24 .\CortexM0\ARM_GCC_541\Debug\Design02.a(PWM_1.o)
 .text.PWM_1_SetStartMode
                0x00000000       0x28 .\CortexM0\ARM_GCC_541\Debug\Design02.a(PWM_1.o)
 .text.PWM_1_SetStopMode
                0x00000000       0x24 .\CortexM0\ARM_GCC_541\Debug\Design02.a(PWM_1.o)
 .text.PWM_1_SetCountMode
                0x00000000       0x24 .\CortexM0\ARM_GCC_541\Debug\Design02.a(PWM_1.o)
 .text.PWM_1_ReadStatus
                0x00000000       0x14 .\CortexM0\ARM_GCC_541\Debug\Design02.a(PWM_1.o)
 .text.PWM_1_GetInterruptSourceMasked
                0x00000000        0xc .\CortexM0\ARM_GCC_541\Debug\Design02.a(PWM_1.o)
 .text.PWM_1_GetInterruptSource
                0x00000000        0xc .\CortexM0\ARM_GCC_541\Debug\Design02.a(PWM_1.o)
 .text.PWM_1_ClearInterrupt
                0x00000000        0xc .\CortexM0\ARM_GCC_541\Debug\Design02.a(PWM_1.o)
 .text.PWM_1_SetInterrupt
                0x00000000        0xc .\CortexM0\ARM_GCC_541\Debug\Design02.a(PWM_1.o)
 .text          0x00000000        0x0 .\CortexM0\ARM_GCC_541\Debug\Design02.a(PWM_2.o)
 .data          0x00000000        0x0 .\CortexM0\ARM_GCC_541\Debug\Design02.a(PWM_2.o)
 .text.PWM_2_SetMode
                0x00000000       0x28 .\CortexM0\ARM_GCC_541\Debug\Design02.a(PWM_2.o)
 .text.PWM_2_SetQDMode
                0x00000000       0x28 .\CortexM0\ARM_GCC_541\Debug\Design02.a(PWM_2.o)
 .text.PWM_2_SetPrescaler
                0x00000000       0x28 .\CortexM0\ARM_GCC_541\Debug\Design02.a(PWM_2.o)
 .text.PWM_2_SetOneShot
                0x00000000       0x30 .\CortexM0\ARM_GCC_541\Debug\Design02.a(PWM_2.o)
 .text.PWM_2_SetPWMMode
                0x00000000       0x10 .\CortexM0\ARM_GCC_541\Debug\Design02.a(PWM_2.o)
 .text.PWM_2_SetPWMSyncKill
                0x00000000       0x28 .\CortexM0\ARM_GCC_541\Debug\Design02.a(PWM_2.o)
 .text.PWM_2_SetPWMStopOnKill
                0x00000000       0x28 .\CortexM0\ARM_GCC_541\Debug\Design02.a(PWM_2.o)
 .text.PWM_2_SetPWMDeadTime
                0x00000000       0x2c .\CortexM0\ARM_GCC_541\Debug\Design02.a(PWM_2.o)
 .text.PWM_2_SetPWMInvert
                0x00000000       0x28 .\CortexM0\ARM_GCC_541\Debug\Design02.a(PWM_2.o)
 .text.PWM_2_ReadCounter
                0x00000000       0x10 .\CortexM0\ARM_GCC_541\Debug\Design02.a(PWM_2.o)
 .text.PWM_2_SetCounterMode
                0x00000000       0x28 .\CortexM0\ARM_GCC_541\Debug\Design02.a(PWM_2.o)
 .text.PWM_2_ReadPeriod
                0x00000000       0x10 .\CortexM0\ARM_GCC_541\Debug\Design02.a(PWM_2.o)
 .text.PWM_2_SetCompareSwap
                0x00000000       0x24 .\CortexM0\ARM_GCC_541\Debug\Design02.a(PWM_2.o)
 .text.PWM_2_WritePeriodBuf
                0x00000000       0x10 .\CortexM0\ARM_GCC_541\Debug\Design02.a(PWM_2.o)
 .text.PWM_2_ReadPeriodBuf
                0x00000000       0x10 .\CortexM0\ARM_GCC_541\Debug\Design02.a(PWM_2.o)
 .text.PWM_2_SetPeriodSwap
                0x00000000       0x28 .\CortexM0\ARM_GCC_541\Debug\Design02.a(PWM_2.o)
 .text.PWM_2_ReadCompare
                0x00000000       0x10 .\CortexM0\ARM_GCC_541\Debug\Design02.a(PWM_2.o)
 .text.PWM_2_WriteCompareBuf
                0x00000000       0x10 .\CortexM0\ARM_GCC_541\Debug\Design02.a(PWM_2.o)
 .text.PWM_2_ReadCompareBuf
                0x00000000       0x10 .\CortexM0\ARM_GCC_541\Debug\Design02.a(PWM_2.o)
 .text.PWM_2_ReadCapture
                0x00000000       0x10 .\CortexM0\ARM_GCC_541\Debug\Design02.a(PWM_2.o)
 .text.PWM_2_ReadCaptureBuf
                0x00000000       0x10 .\CortexM0\ARM_GCC_541\Debug\Design02.a(PWM_2.o)
 .text.PWM_2_SetCaptureMode
                0x00000000       0x24 .\CortexM0\ARM_GCC_541\Debug\Design02.a(PWM_2.o)
 .text.PWM_2_SetReloadMode
                0x00000000       0x24 .\CortexM0\ARM_GCC_541\Debug\Design02.a(PWM_2.o)
 .text.PWM_2_SetStartMode
                0x00000000       0x28 .\CortexM0\ARM_GCC_541\Debug\Design02.a(PWM_2.o)
 .text.PWM_2_SetStopMode
                0x00000000       0x24 .\CortexM0\ARM_GCC_541\Debug\Design02.a(PWM_2.o)
 .text.PWM_2_SetCountMode
                0x00000000       0x24 .\CortexM0\ARM_GCC_541\Debug\Design02.a(PWM_2.o)
 .text.PWM_2_ReadStatus
                0x00000000       0x14 .\CortexM0\ARM_GCC_541\Debug\Design02.a(PWM_2.o)
 .text.PWM_2_GetInterruptSourceMasked
                0x00000000        0xc .\CortexM0\ARM_GCC_541\Debug\Design02.a(PWM_2.o)
 .text.PWM_2_GetInterruptSource
                0x00000000        0xc .\CortexM0\ARM_GCC_541\Debug\Design02.a(PWM_2.o)
 .text.PWM_2_ClearInterrupt
                0x00000000        0xc .\CortexM0\ARM_GCC_541\Debug\Design02.a(PWM_2.o)
 .text.PWM_2_SetInterrupt
                0x00000000        0xc .\CortexM0\ARM_GCC_541\Debug\Design02.a(PWM_2.o)
 .text          0x00000000        0x0 .\CortexM0\ARM_GCC_541\Debug\Design02.a(PWM_3.o)
 .data          0x00000000        0x0 .\CortexM0\ARM_GCC_541\Debug\Design02.a(PWM_3.o)
 .text.PWM_3_SetMode
                0x00000000       0x28 .\CortexM0\ARM_GCC_541\Debug\Design02.a(PWM_3.o)
 .text.PWM_3_SetQDMode
                0x00000000       0x28 .\CortexM0\ARM_GCC_541\Debug\Design02.a(PWM_3.o)
 .text.PWM_3_SetPrescaler
                0x00000000       0x28 .\CortexM0\ARM_GCC_541\Debug\Design02.a(PWM_3.o)
 .text.PWM_3_SetOneShot
                0x00000000       0x30 .\CortexM0\ARM_GCC_541\Debug\Design02.a(PWM_3.o)
 .text.PWM_3_SetPWMMode
                0x00000000       0x10 .\CortexM0\ARM_GCC_541\Debug\Design02.a(PWM_3.o)
 .text.PWM_3_SetPWMSyncKill
                0x00000000       0x28 .\CortexM0\ARM_GCC_541\Debug\Design02.a(PWM_3.o)
 .text.PWM_3_SetPWMStopOnKill
                0x00000000       0x28 .\CortexM0\ARM_GCC_541\Debug\Design02.a(PWM_3.o)
 .text.PWM_3_SetPWMDeadTime
                0x00000000       0x2c .\CortexM0\ARM_GCC_541\Debug\Design02.a(PWM_3.o)
 .text.PWM_3_SetPWMInvert
                0x00000000       0x28 .\CortexM0\ARM_GCC_541\Debug\Design02.a(PWM_3.o)
 .text.PWM_3_ReadCounter
                0x00000000       0x10 .\CortexM0\ARM_GCC_541\Debug\Design02.a(PWM_3.o)
 .text.PWM_3_SetCounterMode
                0x00000000       0x28 .\CortexM0\ARM_GCC_541\Debug\Design02.a(PWM_3.o)
 .text.PWM_3_ReadPeriod
                0x00000000       0x10 .\CortexM0\ARM_GCC_541\Debug\Design02.a(PWM_3.o)
 .text.PWM_3_SetCompareSwap
                0x00000000       0x24 .\CortexM0\ARM_GCC_541\Debug\Design02.a(PWM_3.o)
 .text.PWM_3_WritePeriodBuf
                0x00000000       0x10 .\CortexM0\ARM_GCC_541\Debug\Design02.a(PWM_3.o)
 .text.PWM_3_ReadPeriodBuf
                0x00000000       0x10 .\CortexM0\ARM_GCC_541\Debug\Design02.a(PWM_3.o)
 .text.PWM_3_SetPeriodSwap
                0x00000000       0x28 .\CortexM0\ARM_GCC_541\Debug\Design02.a(PWM_3.o)
 .text.PWM_3_ReadCompare
                0x00000000       0x10 .\CortexM0\ARM_GCC_541\Debug\Design02.a(PWM_3.o)
 .text.PWM_3_WriteCompareBuf
                0x00000000       0x10 .\CortexM0\ARM_GCC_541\Debug\Design02.a(PWM_3.o)
 .text.PWM_3_ReadCompareBuf
                0x00000000       0x10 .\CortexM0\ARM_GCC_541\Debug\Design02.a(PWM_3.o)
 .text.PWM_3_ReadCapture
                0x00000000       0x10 .\CortexM0\ARM_GCC_541\Debug\Design02.a(PWM_3.o)
 .text.PWM_3_ReadCaptureBuf
                0x00000000       0x10 .\CortexM0\ARM_GCC_541\Debug\Design02.a(PWM_3.o)
 .text.PWM_3_SetCaptureMode
                0x00000000       0x24 .\CortexM0\ARM_GCC_541\Debug\Design02.a(PWM_3.o)
 .text.PWM_3_SetReloadMode
                0x00000000       0x24 .\CortexM0\ARM_GCC_541\Debug\Design02.a(PWM_3.o)
 .text.PWM_3_SetStartMode
                0x00000000       0x28 .\CortexM0\ARM_GCC_541\Debug\Design02.a(PWM_3.o)
 .text.PWM_3_SetStopMode
                0x00000000       0x24 .\CortexM0\ARM_GCC_541\Debug\Design02.a(PWM_3.o)
 .text.PWM_3_SetCountMode
                0x00000000       0x24 .\CortexM0\ARM_GCC_541\Debug\Design02.a(PWM_3.o)
 .text.PWM_3_ReadStatus
                0x00000000       0x14 .\CortexM0\ARM_GCC_541\Debug\Design02.a(PWM_3.o)
 .text.PWM_3_GetInterruptSourceMasked
                0x00000000        0xc .\CortexM0\ARM_GCC_541\Debug\Design02.a(PWM_3.o)
 .text.PWM_3_GetInterruptSource
                0x00000000        0xc .\CortexM0\ARM_GCC_541\Debug\Design02.a(PWM_3.o)
 .text.PWM_3_ClearInterrupt
                0x00000000        0xc .\CortexM0\ARM_GCC_541\Debug\Design02.a(PWM_3.o)
 .text.PWM_3_SetInterrupt
                0x00000000        0xc .\CortexM0\ARM_GCC_541\Debug\Design02.a(PWM_3.o)
 .text          0x00000000        0x0 .\CortexM0\ARM_GCC_541\Debug\Design02.a(PWM_4.o)
 .data          0x00000000        0x0 .\CortexM0\ARM_GCC_541\Debug\Design02.a(PWM_4.o)
 .text.PWM_4_SetMode
                0x00000000       0x28 .\CortexM0\ARM_GCC_541\Debug\Design02.a(PWM_4.o)
 .text.PWM_4_SetQDMode
                0x00000000       0x28 .\CortexM0\ARM_GCC_541\Debug\Design02.a(PWM_4.o)
 .text.PWM_4_SetPrescaler
                0x00000000       0x28 .\CortexM0\ARM_GCC_541\Debug\Design02.a(PWM_4.o)
 .text.PWM_4_SetOneShot
                0x00000000       0x30 .\CortexM0\ARM_GCC_541\Debug\Design02.a(PWM_4.o)
 .text.PWM_4_SetPWMMode
                0x00000000       0x10 .\CortexM0\ARM_GCC_541\Debug\Design02.a(PWM_4.o)
 .text.PWM_4_SetPWMSyncKill
                0x00000000       0x28 .\CortexM0\ARM_GCC_541\Debug\Design02.a(PWM_4.o)
 .text.PWM_4_SetPWMStopOnKill
                0x00000000       0x28 .\CortexM0\ARM_GCC_541\Debug\Design02.a(PWM_4.o)
 .text.PWM_4_SetPWMDeadTime
                0x00000000       0x2c .\CortexM0\ARM_GCC_541\Debug\Design02.a(PWM_4.o)
 .text.PWM_4_SetPWMInvert
                0x00000000       0x28 .\CortexM0\ARM_GCC_541\Debug\Design02.a(PWM_4.o)
 .text.PWM_4_ReadCounter
                0x00000000       0x10 .\CortexM0\ARM_GCC_541\Debug\Design02.a(PWM_4.o)
 .text.PWM_4_SetCounterMode
                0x00000000       0x28 .\CortexM0\ARM_GCC_541\Debug\Design02.a(PWM_4.o)
 .text.PWM_4_ReadPeriod
                0x00000000       0x10 .\CortexM0\ARM_GCC_541\Debug\Design02.a(PWM_4.o)
 .text.PWM_4_SetCompareSwap
                0x00000000       0x24 .\CortexM0\ARM_GCC_541\Debug\Design02.a(PWM_4.o)
 .text.PWM_4_WritePeriodBuf
                0x00000000       0x10 .\CortexM0\ARM_GCC_541\Debug\Design02.a(PWM_4.o)
 .text.PWM_4_ReadPeriodBuf
                0x00000000       0x10 .\CortexM0\ARM_GCC_541\Debug\Design02.a(PWM_4.o)
 .text.PWM_4_SetPeriodSwap
                0x00000000       0x28 .\CortexM0\ARM_GCC_541\Debug\Design02.a(PWM_4.o)
 .text.PWM_4_ReadCompare
                0x00000000       0x10 .\CortexM0\ARM_GCC_541\Debug\Design02.a(PWM_4.o)
 .text.PWM_4_WriteCompareBuf
                0x00000000       0x10 .\CortexM0\ARM_GCC_541\Debug\Design02.a(PWM_4.o)
 .text.PWM_4_ReadCompareBuf
                0x00000000       0x10 .\CortexM0\ARM_GCC_541\Debug\Design02.a(PWM_4.o)
 .text.PWM_4_ReadCapture
                0x00000000       0x10 .\CortexM0\ARM_GCC_541\Debug\Design02.a(PWM_4.o)
 .text.PWM_4_ReadCaptureBuf
                0x00000000       0x10 .\CortexM0\ARM_GCC_541\Debug\Design02.a(PWM_4.o)
 .text.PWM_4_SetCaptureMode
                0x00000000       0x24 .\CortexM0\ARM_GCC_541\Debug\Design02.a(PWM_4.o)
 .text.PWM_4_SetReloadMode
                0x00000000       0x24 .\CortexM0\ARM_GCC_541\Debug\Design02.a(PWM_4.o)
 .text.PWM_4_SetStartMode
                0x00000000       0x28 .\CortexM0\ARM_GCC_541\Debug\Design02.a(PWM_4.o)
 .text.PWM_4_SetStopMode
                0x00000000       0x24 .\CortexM0\ARM_GCC_541\Debug\Design02.a(PWM_4.o)
 .text.PWM_4_SetCountMode
                0x00000000       0x24 .\CortexM0\ARM_GCC_541\Debug\Design02.a(PWM_4.o)
 .text.PWM_4_ReadStatus
                0x00000000       0x14 .\CortexM0\ARM_GCC_541\Debug\Design02.a(PWM_4.o)
 .text.PWM_4_GetInterruptSourceMasked
                0x00000000        0xc .\CortexM0\ARM_GCC_541\Debug\Design02.a(PWM_4.o)
 .text.PWM_4_GetInterruptSource
                0x00000000        0xc .\CortexM0\ARM_GCC_541\Debug\Design02.a(PWM_4.o)
 .text.PWM_4_ClearInterrupt
                0x00000000        0xc .\CortexM0\ARM_GCC_541\Debug\Design02.a(PWM_4.o)
 .text.PWM_4_SetInterrupt
                0x00000000        0xc .\CortexM0\ARM_GCC_541\Debug\Design02.a(PWM_4.o)
 .text          0x00000000        0x0 .\CortexM0\ARM_GCC_541\Debug\Design02.a(Pin_pair01.o)
 .data          0x00000000        0x0 .\CortexM0\ARM_GCC_541\Debug\Design02.a(Pin_pair01.o)
 .bss           0x00000000        0x0 .\CortexM0\ARM_GCC_541\Debug\Design02.a(Pin_pair01.o)
 .text.Pin_pair01_SetDriveMode
                0x00000000       0x18 .\CortexM0\ARM_GCC_541\Debug\Design02.a(Pin_pair01.o)
 .text.Pin_pair01_Read
                0x00000000       0x10 .\CortexM0\ARM_GCC_541\Debug\Design02.a(Pin_pair01.o)
 .text.Pin_pair01_ReadDataReg
                0x00000000       0x10 .\CortexM0\ARM_GCC_541\Debug\Design02.a(Pin_pair01.o)
 .text.Pin_pair01_SetInterruptMode
                0x00000000       0x14 .\CortexM0\ARM_GCC_541\Debug\Design02.a(Pin_pair01.o)
 .text.Pin_pair01_ClearInterrupt
                0x00000000       0x14 .\CortexM0\ARM_GCC_541\Debug\Design02.a(Pin_pair01.o)
 .text          0x00000000        0x0 .\CortexM0\ARM_GCC_541\Debug\Design02.a(Pin_pair02.o)
 .data          0x00000000        0x0 .\CortexM0\ARM_GCC_541\Debug\Design02.a(Pin_pair02.o)
 .bss           0x00000000        0x0 .\CortexM0\ARM_GCC_541\Debug\Design02.a(Pin_pair02.o)
 .text.Pin_pair02_SetDriveMode
                0x00000000       0x14 .\CortexM0\ARM_GCC_541\Debug\Design02.a(Pin_pair02.o)
 .text.Pin_pair02_Read
                0x00000000       0x10 .\CortexM0\ARM_GCC_541\Debug\Design02.a(Pin_pair02.o)
 .text.Pin_pair02_ReadDataReg
                0x00000000       0x10 .\CortexM0\ARM_GCC_541\Debug\Design02.a(Pin_pair02.o)
 .text.Pin_pair02_SetInterruptMode
                0x00000000       0x14 .\CortexM0\ARM_GCC_541\Debug\Design02.a(Pin_pair02.o)
 .text.Pin_pair02_ClearInterrupt
                0x00000000       0x10 .\CortexM0\ARM_GCC_541\Debug\Design02.a(Pin_pair02.o)
 .text          0x00000000        0x0 .\CortexM0\ARM_GCC_541\Debug\Design02.a(Pin_pair03.o)
 .data          0x00000000        0x0 .\CortexM0\ARM_GCC_541\Debug\Design02.a(Pin_pair03.o)
 .bss           0x00000000        0x0 .\CortexM0\ARM_GCC_541\Debug\Design02.a(Pin_pair03.o)
 .text.Pin_pair03_SetDriveMode
                0x00000000       0x18 .\CortexM0\ARM_GCC_541\Debug\Design02.a(Pin_pair03.o)
 .text.Pin_pair03_Read
                0x00000000       0x10 .\CortexM0\ARM_GCC_541\Debug\Design02.a(Pin_pair03.o)
 .text.Pin_pair03_ReadDataReg
                0x00000000       0x10 .\CortexM0\ARM_GCC_541\Debug\Design02.a(Pin_pair03.o)
 .text.Pin_pair03_SetInterruptMode
                0x00000000       0x14 .\CortexM0\ARM_GCC_541\Debug\Design02.a(Pin_pair03.o)
 .text.Pin_pair03_ClearInterrupt
                0x00000000       0x14 .\CortexM0\ARM_GCC_541\Debug\Design02.a(Pin_pair03.o)
 .text          0x00000000        0x0 .\CortexM0\ARM_GCC_541\Debug\Design02.a(Pin_pair04.o)
 .data          0x00000000        0x0 .\CortexM0\ARM_GCC_541\Debug\Design02.a(Pin_pair04.o)
 .bss           0x00000000        0x0 .\CortexM0\ARM_GCC_541\Debug\Design02.a(Pin_pair04.o)
 .text.Pin_pair04_SetDriveMode
                0x00000000       0x18 .\CortexM0\ARM_GCC_541\Debug\Design02.a(Pin_pair04.o)
 .text.Pin_pair04_Read
                0x00000000       0x10 .\CortexM0\ARM_GCC_541\Debug\Design02.a(Pin_pair04.o)
 .text.Pin_pair04_ReadDataReg
                0x00000000       0x10 .\CortexM0\ARM_GCC_541\Debug\Design02.a(Pin_pair04.o)
 .text.Pin_pair04_SetInterruptMode
                0x00000000       0x14 .\CortexM0\ARM_GCC_541\Debug\Design02.a(Pin_pair04.o)
 .text.Pin_pair04_ClearInterrupt
                0x00000000       0x14 .\CortexM0\ARM_GCC_541\Debug\Design02.a(Pin_pair04.o)
 .data          0x00000000        0x0 .\CortexM0\ARM_GCC_541\Debug\Design02.a(CyBootAsmGnu.o)
 .bss           0x00000000        0x0 .\CortexM0\ARM_GCC_541\Debug\Design02.a(CyBootAsmGnu.o)
 .text          0x00000000      0x114 c:/program files (x86)/cypress/psoc creator/4.4/psoc creator/import/gnu/arm/5.4.1/bin/../lib/gcc/arm-none-eabi/5.4.1/armv6-m\libgcc.a(_udivsi3.o)
 .data          0x00000000        0x0 c:/program files (x86)/cypress/psoc creator/4.4/psoc creator/import/gnu/arm/5.4.1/bin/../lib/gcc/arm-none-eabi/5.4.1/armv6-m\libgcc.a(_udivsi3.o)
 .bss           0x00000000        0x0 c:/program files (x86)/cypress/psoc creator/4.4/psoc creator/import/gnu/arm/5.4.1/bin/../lib/gcc/arm-none-eabi/5.4.1/armv6-m\libgcc.a(_udivsi3.o)
 .text          0x00000000      0x1d4 c:/program files (x86)/cypress/psoc creator/4.4/psoc creator/import/gnu/arm/5.4.1/bin/../lib/gcc/arm-none-eabi/5.4.1/armv6-m\libgcc.a(_divsi3.o)
 .data          0x00000000        0x0 c:/program files (x86)/cypress/psoc creator/4.4/psoc creator/import/gnu/arm/5.4.1/bin/../lib/gcc/arm-none-eabi/5.4.1/armv6-m\libgcc.a(_divsi3.o)
 .bss           0x00000000        0x0 c:/program files (x86)/cypress/psoc creator/4.4/psoc creator/import/gnu/arm/5.4.1/bin/../lib/gcc/arm-none-eabi/5.4.1/armv6-m\libgcc.a(_divsi3.o)
 .text          0x00000000        0x4 c:/program files (x86)/cypress/psoc creator/4.4/psoc creator/import/gnu/arm/5.4.1/bin/../lib/gcc/arm-none-eabi/5.4.1/armv6-m\libgcc.a(_dvmd_tls.o)
 .data          0x00000000        0x0 c:/program files (x86)/cypress/psoc creator/4.4/psoc creator/import/gnu/arm/5.4.1/bin/../lib/gcc/arm-none-eabi/5.4.1/armv6-m\libgcc.a(_dvmd_tls.o)
 .bss           0x00000000        0x0 c:/program files (x86)/cypress/psoc creator/4.4/psoc creator/import/gnu/arm/5.4.1/bin/../lib/gcc/arm-none-eabi/5.4.1/armv6-m\libgcc.a(_dvmd_tls.o)
 .text          0x00000000        0x0 c:/program files (x86)/cypress/psoc creator/4.4/psoc creator/import/gnu/arm/5.4.1/bin/../lib/gcc/arm-none-eabi/5.4.1/../../../../arm-none-eabi/lib/armv6-m\libg_nano.a(lib_a-errno.o)
 .data          0x00000000        0x0 c:/program files (x86)/cypress/psoc creator/4.4/psoc creator/import/gnu/arm/5.4.1/bin/../lib/gcc/arm-none-eabi/5.4.1/../../../../arm-none-eabi/lib/armv6-m\libg_nano.a(lib_a-errno.o)
 .bss           0x00000000        0x0 c:/program files (x86)/cypress/psoc creator/4.4/psoc creator/import/gnu/arm/5.4.1/bin/../lib/gcc/arm-none-eabi/5.4.1/../../../../arm-none-eabi/lib/armv6-m\libg_nano.a(lib_a-errno.o)
 .text          0x00000000        0x0 c:/program files (x86)/cypress/psoc creator/4.4/psoc creator/import/gnu/arm/5.4.1/bin/../lib/gcc/arm-none-eabi/5.4.1/../../../../arm-none-eabi/lib/armv6-m\libg_nano.a(lib_a-exit.o)
 .data          0x00000000        0x0 c:/program files (x86)/cypress/psoc creator/4.4/psoc creator/import/gnu/arm/5.4.1/bin/../lib/gcc/arm-none-eabi/5.4.1/../../../../arm-none-eabi/lib/armv6-m\libg_nano.a(lib_a-exit.o)
 .bss           0x00000000        0x0 c:/program files (x86)/cypress/psoc creator/4.4/psoc creator/import/gnu/arm/5.4.1/bin/../lib/gcc/arm-none-eabi/5.4.1/../../../../arm-none-eabi/lib/armv6-m\libg_nano.a(lib_a-exit.o)
 .text.exit     0x00000000       0x2c c:/program files (x86)/cypress/psoc creator/4.4/psoc creator/import/gnu/arm/5.4.1/bin/../lib/gcc/arm-none-eabi/5.4.1/../../../../arm-none-eabi/lib/armv6-m\libg_nano.a(lib_a-exit.o)
 .text          0x00000000        0x0 c:/program files (x86)/cypress/psoc creator/4.4/psoc creator/import/gnu/arm/5.4.1/bin/../lib/gcc/arm-none-eabi/5.4.1/../../../../arm-none-eabi/lib/armv6-m\libg_nano.a(lib_a-impure.o)
 .data          0x00000000        0x0 c:/program files (x86)/cypress/psoc creator/4.4/psoc creator/import/gnu/arm/5.4.1/bin/../lib/gcc/arm-none-eabi/5.4.1/../../../../arm-none-eabi/lib/armv6-m\libg_nano.a(lib_a-impure.o)
 .bss           0x00000000        0x0 c:/program files (x86)/cypress/psoc creator/4.4/psoc creator/import/gnu/arm/5.4.1/bin/../lib/gcc/arm-none-eabi/5.4.1/../../../../arm-none-eabi/lib/armv6-m\libg_nano.a(lib_a-impure.o)
 .rodata._global_impure_ptr
                0x00000000        0x4 c:/program files (x86)/cypress/psoc creator/4.4/psoc creator/import/gnu/arm/5.4.1/bin/../lib/gcc/arm-none-eabi/5.4.1/../../../../arm-none-eabi/lib/armv6-m\libg_nano.a(lib_a-impure.o)
 .text          0x00000000        0x0 c:/program files (x86)/cypress/psoc creator/4.4/psoc creator/import/gnu/arm/5.4.1/bin/../lib/gcc/arm-none-eabi/5.4.1/../../../../arm-none-eabi/lib/armv6-m\libg_nano.a(lib_a-init.o)
 .data          0x00000000        0x0 c:/program files (x86)/cypress/psoc creator/4.4/psoc creator/import/gnu/arm/5.4.1/bin/../lib/gcc/arm-none-eabi/5.4.1/../../../../arm-none-eabi/lib/armv6-m\libg_nano.a(lib_a-init.o)
 .bss           0x00000000        0x0 c:/program files (x86)/cypress/psoc creator/4.4/psoc creator/import/gnu/arm/5.4.1/bin/../lib/gcc/arm-none-eabi/5.4.1/../../../../arm-none-eabi/lib/armv6-m\libg_nano.a(lib_a-init.o)
 .text          0x00000000        0x0 c:/program files (x86)/cypress/psoc creator/4.4/psoc creator/import/gnu/arm/5.4.1/bin/../lib/gcc/arm-none-eabi/5.4.1/../../../../arm-none-eabi/lib/armv6-m\libg_nano.a(lib_a-memset.o)
 .data          0x00000000        0x0 c:/program files (x86)/cypress/psoc creator/4.4/psoc creator/import/gnu/arm/5.4.1/bin/../lib/gcc/arm-none-eabi/5.4.1/../../../../arm-none-eabi/lib/armv6-m\libg_nano.a(lib_a-memset.o)
 .bss           0x00000000        0x0 c:/program files (x86)/cypress/psoc creator/4.4/psoc creator/import/gnu/arm/5.4.1/bin/../lib/gcc/arm-none-eabi/5.4.1/../../../../arm-none-eabi/lib/armv6-m\libg_nano.a(lib_a-memset.o)
 .text          0x00000000        0x0 c:/program files (x86)/cypress/psoc creator/4.4/psoc creator/import/gnu/arm/5.4.1/bin/../lib/gcc/arm-none-eabi/5.4.1/armv6-m/crtend.o
 .data          0x00000000        0x0 c:/program files (x86)/cypress/psoc creator/4.4/psoc creator/import/gnu/arm/5.4.1/bin/../lib/gcc/arm-none-eabi/5.4.1/armv6-m/crtend.o
 .bss           0x00000000        0x0 c:/program files (x86)/cypress/psoc creator/4.4/psoc creator/import/gnu/arm/5.4.1/bin/../lib/gcc/arm-none-eabi/5.4.1/armv6-m/crtend.o
 .text          0x00000000        0x0 c:/program files (x86)/cypress/psoc creator/4.4/psoc creator/import/gnu/arm/5.4.1/bin/../lib/gcc/arm-none-eabi/5.4.1/armv6-m/crtn.o
 .data          0x00000000        0x0 c:/program files (x86)/cypress/psoc creator/4.4/psoc creator/import/gnu/arm/5.4.1/bin/../lib/gcc/arm-none-eabi/5.4.1/armv6-m/crtn.o
 .bss           0x00000000        0x0 c:/program files (x86)/cypress/psoc creator/4.4/psoc creator/import/gnu/arm/5.4.1/bin/../lib/gcc/arm-none-eabi/5.4.1/armv6-m/crtn.o

Memory Configuration

Name             Origin             Length             Attributes
rom              0x00000000         0x00040000         xr
ram              0x20000000         0x00008000         xrw
*default*        0x00000000         0xffffffff

Linker script and memory map

LOAD c:/program files (x86)/cypress/psoc creator/4.4/psoc creator/import/gnu/arm/5.4.1/bin/../lib/gcc/arm-none-eabi/5.4.1/armv6-m/crti.o
LOAD c:/program files (x86)/cypress/psoc creator/4.4/psoc creator/import/gnu/arm/5.4.1/bin/../lib/gcc/arm-none-eabi/5.4.1/armv6-m/crtbegin.o
LOAD c:/program files (x86)/cypress/psoc creator/4.4/psoc creator/import/gnu/arm/5.4.1/bin/../lib/gcc/arm-none-eabi/5.4.1/../../../../arm-none-eabi/lib/armv6-m/crt0.o
START GROUP
LOAD .\CortexM0\ARM_GCC_541\Debug\main.o
LOAD .\CortexM0\ARM_GCC_541\Debug\cyfitter_cfg.o
LOAD .\CortexM0\ARM_GCC_541\Debug\cymetadata.o
LOAD .\CortexM0\ARM_GCC_541\Debug\Cm0Start.o
LOAD .\CortexM0\ARM_GCC_541\Debug\Design02.a
END GROUP
START GROUP
LOAD c:/program files (x86)/cypress/psoc creator/4.4/psoc creator/import/gnu/arm/5.4.1/bin/../lib/gcc/arm-none-eabi/5.4.1/armv6-m\libgcc.a
LOAD c:/program files (x86)/cypress/psoc creator/4.4/psoc creator/import/gnu/arm/5.4.1/bin/../lib/gcc/arm-none-eabi/5.4.1/../../../../arm-none-eabi/lib/armv6-m\libg_nano.a
LOAD c:/program files (x86)/cypress/psoc creator/4.4/psoc creator/import/gnu/arm/5.4.1/bin/../lib/gcc/arm-none-eabi/5.4.1/../../../../arm-none-eabi/lib/armv6-m\libc_nano.a
END GROUP
START GROUP
LOAD c:/program files (x86)/cypress/psoc creator/4.4/psoc creator/import/gnu/arm/5.4.1/bin/../lib/gcc/arm-none-eabi/5.4.1/armv6-m\libgcc.a
LOAD c:/program files (x86)/cypress/psoc creator/4.4/psoc creator/import/gnu/arm/5.4.1/bin/../lib/gcc/arm-none-eabi/5.4.1/../../../../arm-none-eabi/lib/armv6-m\libc_nano.a
END GROUP
LOAD c:/program files (x86)/cypress/psoc creator/4.4/psoc creator/import/gnu/arm/5.4.1/bin/../lib/gcc/arm-none-eabi/5.4.1/armv6-m/crtend.o
LOAD c:/program files (x86)/cypress/psoc creator/4.4/psoc creator/import/gnu/arm/5.4.1/bin/../lib/gcc/arm-none-eabi/5.4.1/armv6-m/crtn.o
START GROUP
LOAD c:/program files (x86)/cypress/psoc creator/4.4/psoc creator/import/gnu/arm/5.4.1/bin/../lib/gcc/arm-none-eabi/5.4.1/armv6-m\libgcc.a
LOAD c:/program files (x86)/cypress/psoc creator/4.4/psoc creator/import/gnu/arm/5.4.1/bin/../lib/gcc/arm-none-eabi/5.4.1/../../../../arm-none-eabi/lib/armv6-m\libc.a
LOAD c:/program files (x86)/cypress/psoc creator/4.4/psoc creator/import/gnu/arm/5.4.1/bin/../lib/gcc/arm-none-eabi/5.4.1/../../../../arm-none-eabi/lib/armv6-m\libnosys.a
END GROUP
                0x00000000                CY_APPL_ORIGIN = 0x0
                0x00000100                CY_FLASH_ROW_SIZE = 0x100
                0x00000001                CY_APPL_NUM = 0x1
                0x00000001                CY_APPL_MAX = 0x1
                0x00000040                CY_METADATA_SIZE = 0x40
                0x00000000                CY_APPL_LOADABLE = 0x0
                0x00000000                CY_CHECKSUM_EXCLUDE_SIZE = ALIGN (0x0, CY_FLASH_ROW_SIZE)
                0x00000000                CY_APP_FOR_STACK_AND_COPIER = 0x0
                [!provide]                PROVIDE (__cy_heap_start, _end)
                0x00000001                PROVIDE (__cy_region_num, ((__cy_regions_end - __cy_regions) / 0x10))
                0x20008000                PROVIDE (__cy_stack, (ORIGIN (ram) + LENGTH (ram)))
                [!provide]                PROVIDE (__cy_heap_end, (__cy_stack - 0x800))

.cybootloader   0x00000000        0x0
 *(.cybootloader)
                0x00000000                appl1_start = CY_APPL_ORIGIN?CY_APPL_ORIGIN:ALIGN (CY_FLASH_ROW_SIZE)
                0x0001ff00                appl2_start = (appl1_start + ALIGN ((((LENGTH (rom) - appl1_start) - (0x2 * CY_FLASH_ROW_SIZE)) / 0x2), CY_FLASH_ROW_SIZE))
                0x00000000                appl_start = (CY_APPL_NUM == 0x1)?appl1_start:appl2_start
                0x00000001                cy_project_type_bootloader = (appl_start == 0x0)?0x1:0x0
                0x00000000                cy_project_type_app_for_stack_and_copier = (CY_APP_FOR_STACK_AND_COPIER == 0x1)?0x1:0x0

.text           0x00000000      0xf18
 CREATE_OBJECT_SYMBOLS
                0x00000000                PROVIDE (__cy_interrupt_vector, RomVectors)
 *(.romvectors)
 .romvectors    0x00000000       0x10 .\CortexM0\ARM_GCC_541\Debug\Cm0Start.o
                0x00000000                RomVectors
                0x00000001                ASSERT ((. != __cy_interrupt_vector), No interrupt vector)
                0x00000001                ASSERT (CY_APPL_ORIGIN?(SIZEOF (.cybootloader) <= CY_APPL_ORIGIN):0x1, Wrong image location)
                0x00000010                PROVIDE (__cy_reset, Reset)
 *(.text.Reset)
 .text.Reset    0x00000010        0x8 .\CortexM0\ARM_GCC_541\Debug\Cm0Start.o
                0x00000010                Reset
                0x00000001                ASSERT ((. != __cy_reset), No reset code)
 *(.psocinit)
 .psocinit      0x00000018      0x22c .\CortexM0\ARM_GCC_541\Debug\cyfitter_cfg.o
                0x00000140                cyfitter_cfg
                0x00000244                . = MAX (., 0x100)
 *(.text .text.* .gnu.linkonce.t.*)
 .text          0x00000244       0x60 c:/program files (x86)/cypress/psoc creator/4.4/psoc creator/import/gnu/arm/5.4.1/bin/../lib/gcc/arm-none-eabi/5.4.1/armv6-m/crtbegin.o
 .text.control_direction
                0x000002a4       0x50 .\CortexM0\ARM_GCC_541\Debug\main.o
                0x000002a4                control_direction
 .text.stop_servo
                0x000002f4       0x28 .\CortexM0\ARM_GCC_541\Debug\main.o
                0x000002f4                stop_servo
 .text.start_servo
                0x0000031c       0x28 .\CortexM0\ARM_GCC_541\Debug\main.o
                0x0000031c                start_servo
 .text.move     0x00000344       0x84 .\CortexM0\ARM_GCC_541\Debug\main.o
                0x00000344                move
 .text.algo     0x000003c8      0x10c .\CortexM0\ARM_GCC_541\Debug\main.o
                0x000003c8                algo
 .text.main     0x000004d4        0xc .\CortexM0\ARM_GCC_541\Debug\main.o
                0x000004d4                main
 .text.cfg_write_bytes32
                0x000004e0       0x34 .\CortexM0\ARM_GCC_541\Debug\cyfitter_cfg.o
 .text.AnalogSetDefault
                0x00000514       0x20 .\CortexM0\ARM_GCC_541\Debug\cyfitter_cfg.o
 .text.CYMEMZERO
                0x00000534        0xc .\CortexM0\ARM_GCC_541\Debug\cyfitter_cfg.o
 .text.IntDefaultHandler
                0x00000540       0x10 .\CortexM0\ARM_GCC_541\Debug\Cm0Start.o
                0x00000540                IntDefaultHandler
 .text.Start_c  0x00000550       0x48 .\CortexM0\ARM_GCC_541\Debug\Cm0Start.o
                0x00000550                Start_c
 .text.initialize_psoc
                0x00000598       0x4c .\CortexM0\ARM_GCC_541\Debug\Cm0Start.o
                0x00000598                initialize_psoc
 .text.CySysClkEcoReadStatus
                0x000005e4       0x10 .\CortexM0\ARM_GCC_541\Debug\Design02.a(CyLib.o)
                0x000005e4                CySysClkEcoReadStatus
 .text.CyIntEnable
                0x000005f4       0x14 .\CortexM0\ARM_GCC_541\Debug\Design02.a(CyLib.o)
                0x000005f4                CyIntEnable
 .text.CyHalt   0x00000608        0x4 .\CortexM0\ARM_GCC_541\Debug\Design02.a(CyLib.o)
                0x00000608                CyHalt
 .text.CyIntSetVector
                0x0000060c       0x24 .\CortexM0\ARM_GCC_541\Debug\Design02.a(CyLib.o)
                0x0000060c                CyIntSetVector
 .text.CyDelay  0x00000630       0x30 .\CortexM0\ARM_GCC_541\Debug\Design02.a(CyLib.o)
                0x00000630                CyDelay
 .text.CyDelayUs
                0x00000660       0x14 .\CortexM0\ARM_GCC_541\Debug\Design02.a(CyLib.o)
                0x00000660                CyDelayUs
 .text.CySysClkWriteImoFreq
                0x00000674      0x164 .\CortexM0\ARM_GCC_541\Debug\Design02.a(CyLib.o)
                0x00000674                CySysClkWriteImoFreq
 .text.CySysClkEcoStart
                0x000007d8       0x54 .\CortexM0\ARM_GCC_541\Debug\Design02.a(CyLib.o)
                0x000007d8                CySysClkEcoStart
 .text.CySysWdtLocked
                0x0000082c       0x14 .\CortexM0\ARM_GCC_541\Debug\Design02.a(CyLFClk.o)
 .text.CySysClkWcoStart
                0x00000840       0x40 .\CortexM0\ARM_GCC_541\Debug\Design02.a(CyLFClk.o)
                0x00000840                CySysClkWcoStart
 .text.CySysClkWcoSetPowerMode
                0x00000880       0x80 .\CortexM0\ARM_GCC_541\Debug\Design02.a(CyLFClk.o)
                0x00000880                CySysClkWcoSetPowerMode
 .text.CySysWdtLock
                0x00000900       0x1c .\CortexM0\ARM_GCC_541\Debug\Design02.a(CyLFClk.o)
                0x00000900                CySysWdtLock
 .text.CySysWdtUnlock
                0x0000091c       0x30 .\CortexM0\ARM_GCC_541\Debug\Design02.a(CyLFClk.o)
                0x0000091c                CySysWdtUnlock
 .text.CySysWdtClearInterrupt
                0x0000094c       0x4c .\CortexM0\ARM_GCC_541\Debug\Design02.a(CyLFClk.o)
                0x0000094c                CySysWdtClearInterrupt
 .text.CySysWdtIsr
                0x00000998       0xa4 .\CortexM0\ARM_GCC_541\Debug\Design02.a(CyLFClk.o)
                0x00000998                CySysWdtIsr
 .text.PWM_1_Stop
                0x00000a3c       0x1c .\CortexM0\ARM_GCC_541\Debug\Design02.a(PWM_1.o)
                0x00000a3c                PWM_1_Stop
 .text.PWM_1_WriteCounter
                0x00000a58       0x10 .\CortexM0\ARM_GCC_541\Debug\Design02.a(PWM_1.o)
                0x00000a58                PWM_1_WriteCounter
 .text.PWM_1_WritePeriod
                0x00000a68       0x10 .\CortexM0\ARM_GCC_541\Debug\Design02.a(PWM_1.o)
                0x00000a68                PWM_1_WritePeriod
 .text.PWM_1_WriteCompare
                0x00000a78       0x10 .\CortexM0\ARM_GCC_541\Debug\Design02.a(PWM_1.o)
                0x00000a78                PWM_1_WriteCompare
 .text.PWM_1_TriggerCommand
                0x00000a88       0x1c .\CortexM0\ARM_GCC_541\Debug\Design02.a(PWM_1.o)
                0x00000a88                PWM_1_TriggerCommand
 .text.PWM_1_Enable
                0x00000aa4       0x24 .\CortexM0\ARM_GCC_541\Debug\Design02.a(PWM_1.o)
                0x00000aa4                PWM_1_Enable
 .text.PWM_1_SetInterruptMode
                0x00000ac8        0xc .\CortexM0\ARM_GCC_541\Debug\Design02.a(PWM_1.o)
                0x00000ac8                PWM_1_SetInterruptMode
 .text.PWM_1_Init
                0x00000ad4       0x44 .\CortexM0\ARM_GCC_541\Debug\Design02.a(PWM_1.o)
                0x00000ad4                PWM_1_Init
 .text.PWM_1_Start
                0x00000b18       0x20 .\CortexM0\ARM_GCC_541\Debug\Design02.a(PWM_1.o)
                0x00000b18                PWM_1_Start
 .text.PWM_2_Stop
                0x00000b38       0x1c .\CortexM0\ARM_GCC_541\Debug\Design02.a(PWM_2.o)
                0x00000b38                PWM_2_Stop
 .text.PWM_2_WriteCounter
                0x00000b54       0x10 .\CortexM0\ARM_GCC_541\Debug\Design02.a(PWM_2.o)
                0x00000b54                PWM_2_WriteCounter
 .text.PWM_2_WritePeriod
                0x00000b64       0x10 .\CortexM0\ARM_GCC_541\Debug\Design02.a(PWM_2.o)
                0x00000b64                PWM_2_WritePeriod
 .text.PWM_2_WriteCompare
                0x00000b74       0x10 .\CortexM0\ARM_GCC_541\Debug\Design02.a(PWM_2.o)
                0x00000b74                PWM_2_WriteCompare
 .text.PWM_2_TriggerCommand
                0x00000b84       0x1c .\CortexM0\ARM_GCC_541\Debug\Design02.a(PWM_2.o)
                0x00000b84                PWM_2_TriggerCommand
 .text.PWM_2_Enable
                0x00000ba0       0x24 .\CortexM0\ARM_GCC_541\Debug\Design02.a(PWM_2.o)
                0x00000ba0                PWM_2_Enable
 .text.PWM_2_SetInterruptMode
                0x00000bc4        0xc .\CortexM0\ARM_GCC_541\Debug\Design02.a(PWM_2.o)
                0x00000bc4                PWM_2_SetInterruptMode
 .text.PWM_2_Init
                0x00000bd0       0x44 .\CortexM0\ARM_GCC_541\Debug\Design02.a(PWM_2.o)
                0x00000bd0                PWM_2_Init
 .text.PWM_2_Start
                0x00000c14       0x20 .\CortexM0\ARM_GCC_541\Debug\Design02.a(PWM_2.o)
                0x00000c14                PWM_2_Start
 .text.PWM_3_Stop
                0x00000c34       0x1c .\CortexM0\ARM_GCC_541\Debug\Design02.a(PWM_3.o)
                0x00000c34                PWM_3_Stop
 .text.PWM_3_WriteCounter
                0x00000c50       0x10 .\CortexM0\ARM_GCC_541\Debug\Design02.a(PWM_3.o)
                0x00000c50                PWM_3_WriteCounter
 .text.PWM_3_WritePeriod
                0x00000c60       0x10 .\CortexM0\ARM_GCC_541\Debug\Design02.a(PWM_3.o)
                0x00000c60                PWM_3_WritePeriod
 .text.PWM_3_WriteCompare
                0x00000c70       0x10 .\CortexM0\ARM_GCC_541\Debug\Design02.a(PWM_3.o)
                0x00000c70                PWM_3_WriteCompare
 .text.PWM_3_TriggerCommand
                0x00000c80       0x1c .\CortexM0\ARM_GCC_541\Debug\Design02.a(PWM_3.o)
                0x00000c80                PWM_3_TriggerCommand
 .text.PWM_3_Enable
                0x00000c9c       0x24 .\CortexM0\ARM_GCC_541\Debug\Design02.a(PWM_3.o)
                0x00000c9c                PWM_3_Enable
 .text.PWM_3_SetInterruptMode
                0x00000cc0        0xc .\CortexM0\ARM_GCC_541\Debug\Design02.a(PWM_3.o)
                0x00000cc0                PWM_3_SetInterruptMode
 .text.PWM_3_Init
                0x00000ccc       0x44 .\CortexM0\ARM_GCC_541\Debug\Design02.a(PWM_3.o)
                0x00000ccc                PWM_3_Init
 .text.PWM_3_Start
                0x00000d10       0x20 .\CortexM0\ARM_GCC_541\Debug\Design02.a(PWM_3.o)
                0x00000d10                PWM_3_Start
 .text.PWM_4_Stop
                0x00000d30       0x1c .\CortexM0\ARM_GCC_541\Debug\Design02.a(PWM_4.o)
                0x00000d30                PWM_4_Stop
 .text.PWM_4_WriteCounter
                0x00000d4c       0x10 .\CortexM0\ARM_GCC_541\Debug\Design02.a(PWM_4.o)
                0x00000d4c                PWM_4_WriteCounter
 .text.PWM_4_WritePeriod
                0x00000d5c       0x10 .\CortexM0\ARM_GCC_541\Debug\Design02.a(PWM_4.o)
                0x00000d5c                PWM_4_WritePeriod
 .text.PWM_4_WriteCompare
                0x00000d6c       0x10 .\CortexM0\ARM_GCC_541\Debug\Design02.a(PWM_4.o)
                0x00000d6c                PWM_4_WriteCompare
 .text.PWM_4_TriggerCommand
                0x00000d7c       0x1c .\CortexM0\ARM_GCC_541\Debug\Design02.a(PWM_4.o)
                0x00000d7c                PWM_4_TriggerCommand
 .text.PWM_4_Enable
                0x00000d98       0x24 .\CortexM0\ARM_GCC_541\Debug\Design02.a(PWM_4.o)
                0x00000d98                PWM_4_Enable
 .text.PWM_4_SetInterruptMode
                0x00000dbc        0xc .\CortexM0\ARM_GCC_541\Debug\Design02.a(PWM_4.o)
                0x00000dbc                PWM_4_SetInterruptMode
 .text.PWM_4_Init
                0x00000dc8       0x44 .\CortexM0\ARM_GCC_541\Debug\Design02.a(PWM_4.o)
                0x00000dc8                PWM_4_Init
 .text.PWM_4_Start
                0x00000e0c       0x20 .\CortexM0\ARM_GCC_541\Debug\Design02.a(PWM_4.o)
                0x00000e0c                PWM_4_Start
 .text.Pin_pair01_Write
                0x00000e2c       0x18 .\CortexM0\ARM_GCC_541\Debug\Design02.a(Pin_pair01.o)
                0x00000e2c                Pin_pair01_Write
 .text.Pin_pair02_Write
                0x00000e44       0x18 .\CortexM0\ARM_GCC_541\Debug\Design02.a(Pin_pair02.o)
                0x00000e44                Pin_pair02_Write
 .text.Pin_pair03_Write
                0x00000e5c       0x18 .\CortexM0\ARM_GCC_541\Debug\Design02.a(Pin_pair03.o)
                0x00000e5c                Pin_pair03_Write
 .text.Pin_pair04_Write
                0x00000e74       0x18 .\CortexM0\ARM_GCC_541\Debug\Design02.a(Pin_pair04.o)
                0x00000e74                Pin_pair04_Write
 *fill*         0x00000e8c        0x4 
 .text          0x00000e90       0x20 .\CortexM0\ARM_GCC_541\Debug\Design02.a(CyBootAsmGnu.o)
                0x00000e90                CyDelayCycles
                0x00000ea2                CyEnterCriticalSection
                0x00000eaa                CyExitCriticalSection
 .text.__errno  0x00000eb0        0xc c:/program files (x86)/cypress/psoc creator/4.4/psoc creator/import/gnu/arm/5.4.1/bin/../lib/gcc/arm-none-eabi/5.4.1/../../../../arm-none-eabi/lib/armv6-m\libg_nano.a(lib_a-errno.o)
                0x00000eb0                __errno
 .text.__libc_init_array
                0x00000ebc       0x4c c:/program files (x86)/cypress/psoc creator/4.4/psoc creator/import/gnu/arm/5.4.1/bin/../lib/gcc/arm-none-eabi/5.4.1/../../../../arm-none-eabi/lib/armv6-m\libg_nano.a(lib_a-init.o)
                0x00000ebc                __libc_init_array
 .text.memset   0x00000f08       0x10 c:/program files (x86)/cypress/psoc creator/4.4/psoc creator/import/gnu/arm/5.4.1/bin/../lib/gcc/arm-none-eabi/5.4.1/../../../../arm-none-eabi/lib/armv6-m\libg_nano.a(lib_a-memset.o)
                0x00000f08                memset
 *(.plt)
 *(.gnu.warning)
 *(.glue_7t)
 .glue_7t       0x00000f18        0x0 linker stubs
 *(.glue_7)
 .glue_7        0x00000f18        0x0 linker stubs
 *(.vfp11_veneer)
 .vfp11_veneer  0x00000f18        0x0 linker stubs
 *(.bootloader)
 *(.ARM.extab* .gnu.linkonce.armextab.*)
 *(.gcc_except_table)

.v4_bx          0x00000f18        0x0
 .v4_bx         0x00000f18        0x0 linker stubs

.iplt           0x00000f18        0x0
 .iplt          0x00000f18        0x0 c:/program files (x86)/cypress/psoc creator/4.4/psoc creator/import/gnu/arm/5.4.1/bin/../lib/gcc/arm-none-eabi/5.4.1/armv6-m/crtbegin.o

.eh_frame_hdr
 *(.eh_frame_hdr)

.eh_frame       0x00000f18        0x4
 *(.eh_frame)
 .eh_frame      0x00000f18        0x0 c:/program files (x86)/cypress/psoc creator/4.4/psoc creator/import/gnu/arm/5.4.1/bin/../lib/gcc/arm-none-eabi/5.4.1/armv6-m/crtbegin.o
 .eh_frame      0x00000f18        0x4 c:/program files (x86)/cypress/psoc creator/4.4/psoc creator/import/gnu/arm/5.4.1/bin/../lib/gcc/arm-none-eabi/5.4.1/armv6-m/crtend.o
                [!provide]                PROVIDE (__exidx_start, .)

.ARM.exidx
 *(.ARM.exidx* .gnu.linkonce.armexidx.*)
                0x00000f1c                __exidx_end = .

.rodata         0x00000f1c       0xec
 *(.rodata .rodata.* .gnu.linkonce.r.*)
 .rodata        0x00000f1c       0x20 .\CortexM0\ARM_GCC_541\Debug\main.o
 .rodata        0x00000f3c       0x68 .\CortexM0\ARM_GCC_541\Debug\cyfitter_cfg.o
 .rodata        0x00000fa4       0x2e .\CortexM0\ARM_GCC_541\Debug\Design02.a(CyLib.o)
                0x00000fa4                cyImoFreqMhz2Reg
 .rodata.str1.1
                0x00000fd2        0x2 c:/program files (x86)/cypress/psoc creator/4.4/psoc creator/import/gnu/arm/5.4.1/bin/../lib/gcc/arm-none-eabi/5.4.1/../../../../arm-none-eabi/lib/armv6-m\libg_nano.a(lib_a-impure.o)
                0x00000fd4                . = ALIGN (0x4)
 *(.init)
 .init          0x00000fd4        0x4 c:/program files (x86)/cypress/psoc creator/4.4/psoc creator/import/gnu/arm/5.4.1/bin/../lib/gcc/arm-none-eabi/5.4.1/armv6-m/crti.o
                0x00000fd4                _init
 .init          0x00000fd8        0x8 c:/program files (x86)/cypress/psoc creator/4.4/psoc creator/import/gnu/arm/5.4.1/bin/../lib/gcc/arm-none-eabi/5.4.1/armv6-m/crtn.o
                0x00000fe0                . = ALIGN (0x4)
                0x00000fe0                __preinit_array_start = .
 *(.preinit_array)
                0x00000fe0                __preinit_array_end = .
                0x00000fe0                . = ALIGN (0x4)
                0x00000fe0                __init_array_start = .
 *(SORT(.init_array.*))
 *(.init_array)
 .init_array    0x00000fe0        0x4 c:/program files (x86)/cypress/psoc creator/4.4/psoc creator/import/gnu/arm/5.4.1/bin/../lib/gcc/arm-none-eabi/5.4.1/armv6-m/crtbegin.o
 .init_array    0x00000fe4        0x4 .\CortexM0\ARM_GCC_541\Debug\Cm0Start.o
                0x00000fe8                __init_array_end = .
                0x00000fe8                . = ALIGN (0x4)
 *(.fini)
 .fini          0x00000fe8        0x4 c:/program files (x86)/cypress/psoc creator/4.4/psoc creator/import/gnu/arm/5.4.1/bin/../lib/gcc/arm-none-eabi/5.4.1/armv6-m/crti.o
                0x00000fe8                _fini
 .fini          0x00000fec        0x8 c:/program files (x86)/cypress/psoc creator/4.4/psoc creator/import/gnu/arm/5.4.1/bin/../lib/gcc/arm-none-eabi/5.4.1/armv6-m/crtn.o
                0x00000ff4                . = ALIGN (0x4)
                0x00000ff4                __fini_array_start = .
 *(.fini_array)
 .fini_array    0x00000ff4        0x4 c:/program files (x86)/cypress/psoc creator/4.4/psoc creator/import/gnu/arm/5.4.1/bin/../lib/gcc/arm-none-eabi/5.4.1/armv6-m/crtbegin.o
 *(SORT(.fini_array.*))
                0x00000ff8                __fini_array_end = .
                0x00000ff8                . = ALIGN (0x4)
 *crtbegin.o(.ctors)
 *(EXCLUDE_FILE(*crtend.o) .ctors)
 *(SORT(.ctors.*))
 *crtend.o(.ctors)
                0x00000ff8                . = ALIGN (0x4)
 *crtbegin.o(.dtors)
 *(EXCLUDE_FILE(*crtend.o) .dtors)
 *(SORT(.dtors.*))
 *crtend.o(.dtors)
                0x00000ff8                . = ALIGN (0x4)
                0x00000ff8                __cy_regions = .
                0x00000ff8        0x4 LONG 0x1008 __cy_region_init_ram
                0x00000ffc        0x4 LONG 0x200000c0 __cy_region_start_data
                0x00001000        0x4 LONG 0x88 __cy_region_init_size_ram
                0x00001004        0x4 LONG 0x48 __cy_region_zero_size_ram
                0x00001008                __cy_regions_end = .
                0x00001008                . = ALIGN (0x8)
                0x00001008                _etext = .

.cy_checksum_exclude
                0x00001008        0x0
 *(.cy_checksum_exclude)

.ramvectors     0x20000000       0xc0
                0x20000000                __cy_region_start_ram = .
 *(.ramvectors)
 .ramvectors    0x20000000       0xc0 .\CortexM0\ARM_GCC_541\Debug\Cm0Start.o
                0x20000000                CyRamVectors

.noinit
 *(.noinit)

.data           0x200000c0       0x88 load address 0x00001008
                0x200000c0                __cy_region_start_data = .
 *(.jcr)
 .jcr           0x200000c0        0x0 c:/program files (x86)/cypress/psoc creator/4.4/psoc creator/import/gnu/arm/5.4.1/bin/../lib/gcc/arm-none-eabi/5.4.1/armv6-m/crtbegin.o
 .jcr           0x200000c0        0x4 c:/program files (x86)/cypress/psoc creator/4.4/psoc creator/import/gnu/arm/5.4.1/bin/../lib/gcc/arm-none-eabi/5.4.1/armv6-m/crtend.o
 *(.got.plt)
 *(.got)
 *(.shdata)
 *(.data .data.* .gnu.linkonce.d.*)
 .data          0x200000c4       0x14 .\CortexM0\ARM_GCC_541\Debug\Design02.a(CyLib.o)
                0x200000c4                CySysClkPumpConfig
                0x200000c8                cydelay32kMs
                0x200000cc                cydelayFreqKhz
                0x200000d0                cydelayFreqMhz
                0x200000d4                cydelayFreqHz
 .data          0x200000d8        0x8 .\CortexM0\ARM_GCC_541\Debug\Design02.a(CyLFClk.o)
 .data.impure_data
                0x200000e0       0x60 c:/program files (x86)/cypress/psoc creator/4.4/psoc creator/import/gnu/arm/5.4.1/bin/../lib/gcc/arm-none-eabi/5.4.1/../../../../arm-none-eabi/lib/armv6-m\libg_nano.a(lib_a-impure.o)
 .data._impure_ptr
                0x20000140        0x4 c:/program files (x86)/cypress/psoc creator/4.4/psoc creator/import/gnu/arm/5.4.1/bin/../lib/gcc/arm-none-eabi/5.4.1/../../../../arm-none-eabi/lib/armv6-m\libg_nano.a(lib_a-impure.o)
                0x20000140                _impure_ptr
                0x20000148                . = ALIGN (0x8)
 *fill*         0x20000144        0x4 
 *(.ram)
                0x20000148                _edata = .

.igot.plt       0x20000148        0x0 load address 0x00001090
 .igot.plt      0x20000148        0x0 c:/program files (x86)/cypress/psoc creator/4.4/psoc creator/import/gnu/arm/5.4.1/bin/../lib/gcc/arm-none-eabi/5.4.1/armv6-m/crtbegin.o

.bss            0x20000148       0x48 load address 0x00001090
                0x20000148                PROVIDE (__bss_start__, .)
 *(.shbss)
 *(.bss .bss.* .gnu.linkonce.b.*)
 .bss           0x20000148       0x1c c:/program files (x86)/cypress/psoc creator/4.4/psoc creator/import/gnu/arm/5.4.1/bin/../lib/gcc/arm-none-eabi/5.4.1/armv6-m/crtbegin.o
 .bss           0x20000164       0x28 .\CortexM0\ARM_GCC_541\Debug\Design02.a(CyLFClk.o)
 .bss           0x2000018c        0x1 .\CortexM0\ARM_GCC_541\Debug\Design02.a(PWM_1.o)
                0x2000018c                PWM_1_initVar
 .bss           0x2000018d        0x1 .\CortexM0\ARM_GCC_541\Debug\Design02.a(PWM_2.o)
                0x2000018d                PWM_2_initVar
 .bss           0x2000018e        0x1 .\CortexM0\ARM_GCC_541\Debug\Design02.a(PWM_3.o)
                0x2000018e                PWM_3_initVar
 .bss           0x2000018f        0x1 .\CortexM0\ARM_GCC_541\Debug\Design02.a(PWM_4.o)
                0x2000018f                PWM_4_initVar
 *(COMMON)
                0x20000190                . = ALIGN (0x8)
 *(.ram.b)
                0x20000190                _end = .
                0x20000190                __end = .
                0x20000190                PROVIDE (end, .)
                0x20000190                PROVIDE (__bss_end__, .)
                0x00001008                __cy_region_init_ram = LOADADDR (.data)
                0x00000088                __cy_region_init_size_ram = (_edata - ADDR (.data))
                0x00000048                __cy_region_zero_size_ram = (_end - _edata)

.heap           0x20000190       0x80 load address 0x00001090
                0x20000190                . = _end
                0x20000210                . = (. + 0x80)
 *fill*         0x20000190       0x80 
                0x20000210                __cy_heap_limit = .

.stack          0x20007800      0x800
                0x20007800                __cy_stack_limit = .
                0x20008000                . = (. + 0x800)
 *fill*         0x20007800      0x800 
                0x00000001                ASSERT ((__cy_stack_limit >= __cy_heap_limit), region RAM overflowed with stack)
                0x00000000                cy_checksum_exclude_size = (CY_APPL_LOADABLE == 0x1)?SIZEOF (.cy_checksum_exclude):0x0
                0x00000001                ASSERT ((cy_checksum_exclude_size <= CY_CHECKSUM_EXCLUDE_SIZE), CY_BOOT: Section .cy_checksum_exclude size exceedes specified limit.)
                0x0003ffc0                cyloadermeta_start = (cy_project_type_bootloader || cy_project_type_app_for_stack_and_copier)?(LENGTH (rom) - CY_METADATA_SIZE):0xf0000000

.cyloadermeta
 *(.cyloadermeta)
                0x0003ffc0                cyloadablemeta_start = cy_project_type_app_for_stack_and_copier?((LENGTH (rom) - CY_FLASH_ROW_SIZE) - CY_METADATA_SIZE):((LENGTH (rom) - (CY_FLASH_ROW_SIZE * (CY_APPL_NUM - 0x1))) - CY_METADATA_SIZE)

.cyloadablemeta
 *(.cyloadablemeta)

.cyflashprotect
                0x90400000       0x80
 *(.cyflashprotect)
 .cyflashprotect
                0x90400000       0x80 .\CortexM0\ARM_GCC_541\Debug\cymetadata.o
                0x90400000                cy_meta_flashprotect

.cymeta         0x90500000        0xc
 *(.cymeta)
 .cymeta        0x90500000        0xc .\CortexM0\ARM_GCC_541\Debug\cymetadata.o
                0x90500000                cy_metadata

.cychipprotect  0x90600000        0x1
 *(.cychipprotect)
 .cychipprotect
                0x90600000        0x1 .\CortexM0\ARM_GCC_541\Debug\cymetadata.o
                0x90600000                cy_meta_chipprotect

.rel.dyn        0x00001090        0x0 load address 0x90600004
 .rel.iplt      0x00001090        0x0 c:/program files (x86)/cypress/psoc creator/4.4/psoc creator/import/gnu/arm/5.4.1/bin/../lib/gcc/arm-none-eabi/5.4.1/armv6-m/crtbegin.o

.stab
 *(.stab)

.stabstr
 *(.stabstr)

.debug
 *(.debug)

.line
 *(.line)

.debug_srcinfo
 *(.debug_srcinfo)

.debug_sfnames
 *(.debug_sfnames)

.debug_aranges  0x00000000      0xae8
 *(.debug_aranges)
 .debug_aranges
                0x00000000       0x50 .\CortexM0\ARM_GCC_541\Debug\main.o
 .debug_aranges
                0x00000050       0x40 .\CortexM0\ARM_GCC_541\Debug\cyfitter_cfg.o
 .debug_aranges
                0x00000090       0x18 .\CortexM0\ARM_GCC_541\Debug\cymetadata.o
 .debug_aranges
                0x000000a8       0x48 .\CortexM0\ARM_GCC_541\Debug\Cm0Start.o
 .debug_aranges
                0x000000f0      0x1d0 .\CortexM0\ARM_GCC_541\Debug\Design02.a(CyLib.o)
 .debug_aranges
                0x000002c0      0x188 .\CortexM0\ARM_GCC_541\Debug\Design02.a(CyLFClk.o)
 .debug_aranges
                0x00000448      0x158 .\CortexM0\ARM_GCC_541\Debug\Design02.a(PWM_1.o)
 .debug_aranges
                0x000005a0      0x158 .\CortexM0\ARM_GCC_541\Debug\Design02.a(PWM_2.o)
 .debug_aranges
                0x000006f8      0x158 .\CortexM0\ARM_GCC_541\Debug\Design02.a(PWM_3.o)
 .debug_aranges
                0x00000850      0x158 .\CortexM0\ARM_GCC_541\Debug\Design02.a(PWM_4.o)
 .debug_aranges
                0x000009a8       0x48 .\CortexM0\ARM_GCC_541\Debug\Design02.a(Pin_pair01.o)
 .debug_aranges
                0x000009f0       0x48 .\CortexM0\ARM_GCC_541\Debug\Design02.a(Pin_pair02.o)
 .debug_aranges
                0x00000a38       0x48 .\CortexM0\ARM_GCC_541\Debug\Design02.a(Pin_pair03.o)
 .debug_aranges
                0x00000a80       0x48 .\CortexM0\ARM_GCC_541\Debug\Design02.a(Pin_pair04.o)
 .debug_aranges
                0x00000ac8       0x20 .\CortexM0\ARM_GCC_541\Debug\Design02.a(CyBootAsmGnu.o)

.debug_pubnames
 *(.debug_pubnames)

.debug_info     0x00000000     0x5986
 *(.debug_info .gnu.linkonce.wi.*)
 .debug_info    0x00000000      0x7d2 .\CortexM0\ARM_GCC_541\Debug\main.o
 .debug_info    0x000007d2      0x450 .\CortexM0\ARM_GCC_541\Debug\cyfitter_cfg.o
 .debug_info    0x00000c22       0xf8 .\CortexM0\ARM_GCC_541\Debug\cymetadata.o
 .debug_info    0x00000d1a      0x3a2 .\CortexM0\ARM_GCC_541\Debug\Cm0Start.o
 .debug_info    0x000010bc      0xd2c .\CortexM0\ARM_GCC_541\Debug\Design02.a(CyLib.o)
 .debug_info    0x00001de8     0x1071 .\CortexM0\ARM_GCC_541\Debug\Design02.a(CyLFClk.o)
 .debug_info    0x00002e59      0x909 .\CortexM0\ARM_GCC_541\Debug\Design02.a(PWM_1.o)
 .debug_info    0x00003762      0x909 .\CortexM0\ARM_GCC_541\Debug\Design02.a(PWM_2.o)
 .debug_info    0x0000406b      0x909 .\CortexM0\ARM_GCC_541\Debug\Design02.a(PWM_3.o)
 .debug_info    0x00004974      0x909 .\CortexM0\ARM_GCC_541\Debug\Design02.a(PWM_4.o)
 .debug_info    0x0000527d      0x19d .\CortexM0\ARM_GCC_541\Debug\Design02.a(Pin_pair01.o)
 .debug_info    0x0000541a      0x19b .\CortexM0\ARM_GCC_541\Debug\Design02.a(Pin_pair02.o)
 .debug_info    0x000055b5      0x19d .\CortexM0\ARM_GCC_541\Debug\Design02.a(Pin_pair03.o)
 .debug_info    0x00005752      0x19d .\CortexM0\ARM_GCC_541\Debug\Design02.a(Pin_pair04.o)
 .debug_info    0x000058ef       0x97 .\CortexM0\ARM_GCC_541\Debug\Design02.a(CyBootAsmGnu.o)

.debug_abbrev   0x00000000     0x1109
 *(.debug_abbrev)
 .debug_abbrev  0x00000000      0x173 .\CortexM0\ARM_GCC_541\Debug\main.o
 .debug_abbrev  0x00000173      0x1af .\CortexM0\ARM_GCC_541\Debug\cyfitter_cfg.o
 .debug_abbrev  0x00000322       0x5d .\CortexM0\ARM_GCC_541\Debug\cymetadata.o
 .debug_abbrev  0x0000037f      0x1d7 .\CortexM0\ARM_GCC_541\Debug\Cm0Start.o
 .debug_abbrev  0x00000556      0x1d3 .\CortexM0\ARM_GCC_541\Debug\Design02.a(CyLib.o)
 .debug_abbrev  0x00000729      0x248 .\CortexM0\ARM_GCC_541\Debug\Design02.a(CyLFClk.o)
 .debug_abbrev  0x00000971      0x119 .\CortexM0\ARM_GCC_541\Debug\Design02.a(PWM_1.o)
 .debug_abbrev  0x00000a8a      0x119 .\CortexM0\ARM_GCC_541\Debug\Design02.a(PWM_2.o)
 .debug_abbrev  0x00000ba3      0x119 .\CortexM0\ARM_GCC_541\Debug\Design02.a(PWM_3.o)
 .debug_abbrev  0x00000cbc      0x119 .\CortexM0\ARM_GCC_541\Debug\Design02.a(PWM_4.o)
 .debug_abbrev  0x00000dd5       0xc8 .\CortexM0\ARM_GCC_541\Debug\Design02.a(Pin_pair01.o)
 .debug_abbrev  0x00000e9d       0xc8 .\CortexM0\ARM_GCC_541\Debug\Design02.a(Pin_pair02.o)
 .debug_abbrev  0x00000f65       0xc8 .\CortexM0\ARM_GCC_541\Debug\Design02.a(Pin_pair03.o)
 .debug_abbrev  0x0000102d       0xc8 .\CortexM0\ARM_GCC_541\Debug\Design02.a(Pin_pair04.o)
 .debug_abbrev  0x000010f5       0x14 .\CortexM0\ARM_GCC_541\Debug\Design02.a(CyBootAsmGnu.o)

.debug_line     0x00000000     0x23a7
 *(.debug_line)
 .debug_line    0x00000000      0x201 .\CortexM0\ARM_GCC_541\Debug\main.o
 .debug_line    0x00000201      0x19a .\CortexM0\ARM_GCC_541\Debug\cyfitter_cfg.o
 .debug_line    0x0000039b      0x141 .\CortexM0\ARM_GCC_541\Debug\cymetadata.o
 .debug_line    0x000004dc      0x236 .\CortexM0\ARM_GCC_541\Debug\Cm0Start.o
 .debug_line    0x00000712      0x553 .\CortexM0\ARM_GCC_541\Debug\Design02.a(CyLib.o)
 .debug_line    0x00000c65      0x5db .\CortexM0\ARM_GCC_541\Debug\Design02.a(CyLFClk.o)
 .debug_line    0x00001240      0x37e .\CortexM0\ARM_GCC_541\Debug\Design02.a(PWM_1.o)
 .debug_line    0x000015be      0x37e .\CortexM0\ARM_GCC_541\Debug\Design02.a(PWM_2.o)
 .debug_line    0x0000193c      0x37e .\CortexM0\ARM_GCC_541\Debug\Design02.a(PWM_3.o)
 .debug_line    0x00001cba      0x37e .\CortexM0\ARM_GCC_541\Debug\Design02.a(PWM_4.o)
 .debug_line    0x00002038       0xc2 .\CortexM0\ARM_GCC_541\Debug\Design02.a(Pin_pair01.o)
 .debug_line    0x000020fa       0xc1 .\CortexM0\ARM_GCC_541\Debug\Design02.a(Pin_pair02.o)
 .debug_line    0x000021bb       0xc2 .\CortexM0\ARM_GCC_541\Debug\Design02.a(Pin_pair03.o)
 .debug_line    0x0000227d       0xc2 .\CortexM0\ARM_GCC_541\Debug\Design02.a(Pin_pair04.o)
 .debug_line    0x0000233f       0x68 .\CortexM0\ARM_GCC_541\Debug\Design02.a(CyBootAsmGnu.o)

.debug_frame    0x00000000     0x1cac
 *(.debug_frame)
 .debug_frame   0x00000000       0xf4 .\CortexM0\ARM_GCC_541\Debug\main.o
 .debug_frame   0x000000f4       0x9c .\CortexM0\ARM_GCC_541\Debug\cyfitter_cfg.o
 .debug_frame   0x00000190       0xbc .\CortexM0\ARM_GCC_541\Debug\Cm0Start.o
 .debug_frame   0x0000024c      0x4a4 .\CortexM0\ARM_GCC_541\Debug\Design02.a(CyLib.o)
 .debug_frame   0x000006f0      0x4a8 .\CortexM0\ARM_GCC_541\Debug\Design02.a(CyLFClk.o)
 .debug_frame   0x00000b98      0x3a0 .\CortexM0\ARM_GCC_541\Debug\Design02.a(PWM_1.o)
 .debug_frame   0x00000f38      0x3a0 .\CortexM0\ARM_GCC_541\Debug\Design02.a(PWM_2.o)
 .debug_frame   0x000012d8      0x3a0 .\CortexM0\ARM_GCC_541\Debug\Design02.a(PWM_3.o)
 .debug_frame   0x00001678      0x3a0 .\CortexM0\ARM_GCC_541\Debug\Design02.a(PWM_4.o)
 .debug_frame   0x00001a18       0x70 .\CortexM0\ARM_GCC_541\Debug\Design02.a(Pin_pair01.o)
 .debug_frame   0x00001a88       0x70 .\CortexM0\ARM_GCC_541\Debug\Design02.a(Pin_pair02.o)
 .debug_frame   0x00001af8       0x70 .\CortexM0\ARM_GCC_541\Debug\Design02.a(Pin_pair03.o)
 .debug_frame   0x00001b68       0x70 .\CortexM0\ARM_GCC_541\Debug\Design02.a(Pin_pair04.o)
 .debug_frame   0x00001bd8       0x20 c:/program files (x86)/cypress/psoc creator/4.4/psoc creator/import/gnu/arm/5.4.1/bin/../lib/gcc/arm-none-eabi/5.4.1/armv6-m\libgcc.a(_udivsi3.o)
 .debug_frame   0x00001bf8       0x20 c:/program files (x86)/cypress/psoc creator/4.4/psoc creator/import/gnu/arm/5.4.1/bin/../lib/gcc/arm-none-eabi/5.4.1/armv6-m\libgcc.a(_divsi3.o)
 .debug_frame   0x00001c18       0x20 c:/program files (x86)/cypress/psoc creator/4.4/psoc creator/import/gnu/arm/5.4.1/bin/../lib/gcc/arm-none-eabi/5.4.1/../../../../arm-none-eabi/lib/armv6-m\libg_nano.a(lib_a-errno.o)
 .debug_frame   0x00001c38       0x28 c:/program files (x86)/cypress/psoc creator/4.4/psoc creator/import/gnu/arm/5.4.1/bin/../lib/gcc/arm-none-eabi/5.4.1/../../../../arm-none-eabi/lib/armv6-m\libg_nano.a(lib_a-exit.o)
 .debug_frame   0x00001c60       0x2c c:/program files (x86)/cypress/psoc creator/4.4/psoc creator/import/gnu/arm/5.4.1/bin/../lib/gcc/arm-none-eabi/5.4.1/../../../../arm-none-eabi/lib/armv6-m\libg_nano.a(lib_a-init.o)
 .debug_frame   0x00001c8c       0x20 c:/program files (x86)/cypress/psoc creator/4.4/psoc creator/import/gnu/arm/5.4.1/bin/../lib/gcc/arm-none-eabi/5.4.1/../../../../arm-none-eabi/lib/armv6-m\libg_nano.a(lib_a-memset.o)

.debug_str      0x00000000     0x220b
 *(.debug_str)
 .debug_str     0x00000000      0x2fb .\CortexM0\ARM_GCC_541\Debug\main.o
                                0x345 (size before relaxing)
 .debug_str     0x000002fb      0x17d .\CortexM0\ARM_GCC_541\Debug\cyfitter_cfg.o
                                0x32f (size before relaxing)
 .debug_str     0x00000478       0x63 .\CortexM0\ARM_GCC_541\Debug\cymetadata.o
                                0x1cf (size before relaxing)
 .debug_str     0x000004db      0x13a .\CortexM0\ARM_GCC_541\Debug\Cm0Start.o
                                0x308 (size before relaxing)
 .debug_str     0x00000615      0x5cf .\CortexM0\ARM_GCC_541\Debug\Design02.a(CyLib.o)
                                0x7ff (size before relaxing)
 .debug_str     0x00000be4      0x6ec .\CortexM0\ARM_GCC_541\Debug\Design02.a(CyLFClk.o)
                                0x93f (size before relaxing)
 .debug_str     0x000012d0      0x3bc .\CortexM0\ARM_GCC_541\Debug\Design02.a(PWM_1.o)
                                0x5b8 (size before relaxing)
 .debug_str     0x0000168c      0x2fd .\CortexM0\ARM_GCC_541\Debug\Design02.a(PWM_2.o)
                                0x5b8 (size before relaxing)
 .debug_str     0x00001989      0x2fd .\CortexM0\ARM_GCC_541\Debug\Design02.a(PWM_3.o)
                                0x5b8 (size before relaxing)
 .debug_str     0x00001c86      0x2fd .\CortexM0\ARM_GCC_541\Debug\Design02.a(PWM_4.o)
                                0x5b8 (size before relaxing)
 .debug_str     0x00001f83       0xbd .\CortexM0\ARM_GCC_541\Debug\Design02.a(Pin_pair01.o)
                                0x260 (size before relaxing)
 .debug_str     0x00002040       0x99 .\CortexM0\ARM_GCC_541\Debug\Design02.a(Pin_pair02.o)
                                0x260 (size before relaxing)
 .debug_str     0x000020d9       0x99 .\CortexM0\ARM_GCC_541\Debug\Design02.a(Pin_pair03.o)
                                0x260 (size before relaxing)
 .debug_str     0x00002172       0x99 .\CortexM0\ARM_GCC_541\Debug\Design02.a(Pin_pair04.o)
                                0x260 (size before relaxing)

.debug_loc      0x00000000     0x3478
 *(.debug_loc)
 .debug_loc     0x00000000      0x4cc .\CortexM0\ARM_GCC_541\Debug\main.o
 .debug_loc     0x000004cc      0x118 .\CortexM0\ARM_GCC_541\Debug\cyfitter_cfg.o
 .debug_loc     0x000005e4      0x14f .\CortexM0\ARM_GCC_541\Debug\Cm0Start.o
 .debug_loc     0x00000733      0x818 .\CortexM0\ARM_GCC_541\Debug\Design02.a(CyLib.o)
 .debug_loc     0x00000f4b      0xdaa .\CortexM0\ARM_GCC_541\Debug\Design02.a(CyLFClk.o)
 .debug_loc     0x00001cf5      0x547 .\CortexM0\ARM_GCC_541\Debug\Design02.a(PWM_1.o)
 .debug_loc     0x0000223c      0x547 .\CortexM0\ARM_GCC_541\Debug\Design02.a(PWM_2.o)
 .debug_loc     0x00002783      0x547 .\CortexM0\ARM_GCC_541\Debug\Design02.a(PWM_3.o)
 .debug_loc     0x00002cca      0x547 .\CortexM0\ARM_GCC_541\Debug\Design02.a(PWM_4.o)
 .debug_loc     0x00003211       0xa2 .\CortexM0\ARM_GCC_541\Debug\Design02.a(Pin_pair01.o)
 .debug_loc     0x000032b3       0x81 .\CortexM0\ARM_GCC_541\Debug\Design02.a(Pin_pair02.o)
 .debug_loc     0x00003334       0xa2 .\CortexM0\ARM_GCC_541\Debug\Design02.a(Pin_pair03.o)
 .debug_loc     0x000033d6       0xa2 .\CortexM0\ARM_GCC_541\Debug\Design02.a(Pin_pair04.o)

.debug_macinfo
 *(.debug_macinfo)

.debug_ranges   0x00000000      0x9e0
 *(.debug_ranges)
 .debug_ranges  0x00000000       0x40 .\CortexM0\ARM_GCC_541\Debug\main.o
 .debug_ranges  0x00000040       0x30 .\CortexM0\ARM_GCC_541\Debug\cyfitter_cfg.o
 .debug_ranges  0x00000070       0x38 .\CortexM0\ARM_GCC_541\Debug\Cm0Start.o
 .debug_ranges  0x000000a8      0x1c0 .\CortexM0\ARM_GCC_541\Debug\Design02.a(CyLib.o)
 .debug_ranges  0x00000268      0x178 .\CortexM0\ARM_GCC_541\Debug\Design02.a(CyLFClk.o)
 .debug_ranges  0x000003e0      0x148 .\CortexM0\ARM_GCC_541\Debug\Design02.a(PWM_1.o)
 .debug_ranges  0x00000528      0x148 .\CortexM0\ARM_GCC_541\Debug\Design02.a(PWM_2.o)
 .debug_ranges  0x00000670      0x148 .\CortexM0\ARM_GCC_541\Debug\Design02.a(PWM_3.o)
 .debug_ranges  0x000007b8      0x148 .\CortexM0\ARM_GCC_541\Debug\Design02.a(PWM_4.o)
 .debug_ranges  0x00000900       0x38 .\CortexM0\ARM_GCC_541\Debug\Design02.a(Pin_pair01.o)
 .debug_ranges  0x00000938       0x38 .\CortexM0\ARM_GCC_541\Debug\Design02.a(Pin_pair02.o)
 .debug_ranges  0x00000970       0x38 .\CortexM0\ARM_GCC_541\Debug\Design02.a(Pin_pair03.o)
 .debug_ranges  0x000009a8       0x38 .\CortexM0\ARM_GCC_541\Debug\Design02.a(Pin_pair04.o)

.comment        0x00000000       0x6e
 .comment       0x00000000       0x6e .\CortexM0\ARM_GCC_541\Debug\main.o
                                 0x6f (size before relaxing)
 .comment       0x0000006e       0x6f .\CortexM0\ARM_GCC_541\Debug\cyfitter_cfg.o
 .comment       0x0000006e       0x6f .\CortexM0\ARM_GCC_541\Debug\cymetadata.o
 .comment       0x0000006e       0x6f .\CortexM0\ARM_GCC_541\Debug\Cm0Start.o
 .comment       0x0000006e       0x6f .\CortexM0\ARM_GCC_541\Debug\Design02.a(CyLib.o)
 .comment       0x0000006e       0x6f .\CortexM0\ARM_GCC_541\Debug\Design02.a(CyLFClk.o)
 .comment       0x0000006e       0x6f .\CortexM0\ARM_GCC_541\Debug\Design02.a(PWM_1.o)
 .comment       0x0000006e       0x6f .\CortexM0\ARM_GCC_541\Debug\Design02.a(PWM_2.o)
 .comment       0x0000006e       0x6f .\CortexM0\ARM_GCC_541\Debug\Design02.a(PWM_3.o)
 .comment       0x0000006e       0x6f .\CortexM0\ARM_GCC_541\Debug\Design02.a(PWM_4.o)
 .comment       0x0000006e       0x6f .\CortexM0\ARM_GCC_541\Debug\Design02.a(Pin_pair01.o)
 .comment       0x0000006e       0x6f .\CortexM0\ARM_GCC_541\Debug\Design02.a(Pin_pair02.o)
 .comment       0x0000006e       0x6f .\CortexM0\ARM_GCC_541\Debug\Design02.a(Pin_pair03.o)
 .comment       0x0000006e       0x6f .\CortexM0\ARM_GCC_541\Debug\Design02.a(Pin_pair04.o)

.debug_weaknames
 *(.debug_weaknames)

.debug_funcnames
 *(.debug_funcnames)

.debug_typenames
 *(.debug_typenames)

.debug_varnames
 *(.debug_varnames)

.note.gnu.arm.ident
 *(.note.gnu.arm.ident)

.ARM.attributes
                0x00000000       0x28
 *(.ARM.attributes)
 .ARM.attributes
                0x00000000       0x1e c:/program files (x86)/cypress/psoc creator/4.4/psoc creator/import/gnu/arm/5.4.1/bin/../lib/gcc/arm-none-eabi/5.4.1/armv6-m/crti.o
 .ARM.attributes
                0x0000001e       0x2c c:/program files (x86)/cypress/psoc creator/4.4/psoc creator/import/gnu/arm/5.4.1/bin/../lib/gcc/arm-none-eabi/5.4.1/armv6-m/crtbegin.o
 .ARM.attributes
                0x0000004a       0x1b c:/program files (x86)/cypress/psoc creator/4.4/psoc creator/import/gnu/arm/5.4.1/bin/../lib/gcc/arm-none-eabi/5.4.1/../../../../arm-none-eabi/lib/armv6-m/crt0.o
 .ARM.attributes
                0x00000065       0x31 .\CortexM0\ARM_GCC_541\Debug\main.o
 .ARM.attributes
                0x00000096       0x31 .\CortexM0\ARM_GCC_541\Debug\cyfitter_cfg.o
 .ARM.attributes
                0x000000c7       0x31 .\CortexM0\ARM_GCC_541\Debug\cymetadata.o
 .ARM.attributes
                0x000000f8       0x31 .\CortexM0\ARM_GCC_541\Debug\Cm0Start.o
 .ARM.attributes
                0x00000129       0x31 .\CortexM0\ARM_GCC_541\Debug\Design02.a(CyLib.o)
 .ARM.attributes
                0x0000015a       0x31 .\CortexM0\ARM_GCC_541\Debug\Design02.a(CyLFClk.o)
 .ARM.attributes
                0x0000018b       0x31 .\CortexM0\ARM_GCC_541\Debug\Design02.a(PWM_1.o)
 .ARM.attributes
                0x000001bc       0x31 .\CortexM0\ARM_GCC_541\Debug\Design02.a(PWM_2.o)
 .ARM.attributes
                0x000001ed       0x31 .\CortexM0\ARM_GCC_541\Debug\Design02.a(PWM_3.o)
 .ARM.attributes
                0x0000021e       0x31 .\CortexM0\ARM_GCC_541\Debug\Design02.a(PWM_4.o)
 .ARM.attributes
                0x0000024f       0x31 .\CortexM0\ARM_GCC_541\Debug\Design02.a(Pin_pair01.o)
 .ARM.attributes
                0x00000280       0x31 .\CortexM0\ARM_GCC_541\Debug\Design02.a(Pin_pair02.o)
 .ARM.attributes
                0x000002b1       0x31 .\CortexM0\ARM_GCC_541\Debug\Design02.a(Pin_pair03.o)
 .ARM.attributes
                0x000002e2       0x31 .\CortexM0\ARM_GCC_541\Debug\Design02.a(Pin_pair04.o)
 .ARM.attributes
                0x00000313       0x21 .\CortexM0\ARM_GCC_541\Debug\Design02.a(CyBootAsmGnu.o)
 .ARM.attributes
                0x00000334       0x1e c:/program files (x86)/cypress/psoc creator/4.4/psoc creator/import/gnu/arm/5.4.1/bin/../lib/gcc/arm-none-eabi/5.4.1/armv6-m\libgcc.a(_udivsi3.o)
 .ARM.attributes
                0x00000352       0x1e c:/program files (x86)/cypress/psoc creator/4.4/psoc creator/import/gnu/arm/5.4.1/bin/../lib/gcc/arm-none-eabi/5.4.1/armv6-m\libgcc.a(_divsi3.o)
 .ARM.attributes
                0x00000370       0x1e c:/program files (x86)/cypress/psoc creator/4.4/psoc creator/import/gnu/arm/5.4.1/bin/../lib/gcc/arm-none-eabi/5.4.1/armv6-m\libgcc.a(_dvmd_tls.o)
 .ARM.attributes
                0x0000038e       0x2c c:/program files (x86)/cypress/psoc creator/4.4/psoc creator/import/gnu/arm/5.4.1/bin/../lib/gcc/arm-none-eabi/5.4.1/../../../../arm-none-eabi/lib/armv6-m\libg_nano.a(lib_a-errno.o)
 .ARM.attributes
                0x000003ba       0x2c c:/program files (x86)/cypress/psoc creator/4.4/psoc creator/import/gnu/arm/5.4.1/bin/../lib/gcc/arm-none-eabi/5.4.1/../../../../arm-none-eabi/lib/armv6-m\libg_nano.a(lib_a-exit.o)
 .ARM.attributes
                0x000003e6       0x2c c:/program files (x86)/cypress/psoc creator/4.4/psoc creator/import/gnu/arm/5.4.1/bin/../lib/gcc/arm-none-eabi/5.4.1/../../../../arm-none-eabi/lib/armv6-m\libg_nano.a(lib_a-impure.o)
 .ARM.attributes
                0x00000412       0x2c c:/program files (x86)/cypress/psoc creator/4.4/psoc creator/import/gnu/arm/5.4.1/bin/../lib/gcc/arm-none-eabi/5.4.1/../../../../arm-none-eabi/lib/armv6-m\libg_nano.a(lib_a-init.o)
 .ARM.attributes
                0x0000043e       0x2c c:/program files (x86)/cypress/psoc creator/4.4/psoc creator/import/gnu/arm/5.4.1/bin/../lib/gcc/arm-none-eabi/5.4.1/../../../../arm-none-eabi/lib/armv6-m\libg_nano.a(lib_a-memset.o)
 .ARM.attributes
                0x0000046a       0x2c c:/program files (x86)/cypress/psoc creator/4.4/psoc creator/import/gnu/arm/5.4.1/bin/../lib/gcc/arm-none-eabi/5.4.1/armv6-m/crtend.o
 .ARM.attributes
                0x00000496       0x1e c:/program files (x86)/cypress/psoc creator/4.4/psoc creator/import/gnu/arm/5.4.1/bin/../lib/gcc/arm-none-eabi/5.4.1/armv6-m/crtn.o

/DISCARD/
 *(.note.GNU-stack)
OUTPUT(C:\Users\Bogdan\Documents\poc_roboarm_project\second_part\Design02.cydsn\CortexM0\ARM_GCC_541\Debug\Design02.elf elf32-littlearm)
