ARM GAS  C:\Users\ivddo\AppData\Local\Temp\cc95ADQL.s 			page 1


   1              		.syntax unified
   2              		.cpu cortex-m0
   3              		.fpu softvfp
   4              		.eabi_attribute 20, 1
   5              		.eabi_attribute 21, 1
   6              		.eabi_attribute 23, 3
   7              		.eabi_attribute 24, 1
   8              		.eabi_attribute 25, 1
   9              		.eabi_attribute 26, 1
  10              		.eabi_attribute 30, 1
  11              		.eabi_attribute 34, 0
  12              		.eabi_attribute 18, 4
  13              		.thumb
  14              		.syntax unified
  15              		.file	"cyfitter_cfg.c"
  16              		.text
  17              	.Ltext0:
  18              		.cfi_sections	.debug_frame
  19              		.section	.text.CYMEMZERO,"ax",%progbits
  20              		.align	2
  21              		.code	16
  22              		.thumb_func
  23              		.type	CYMEMZERO, %function
  24              	CYMEMZERO:
  25              	.LFB0:
  26              		.file 1 "Generated_Source\\PSoC4\\cyfitter_cfg.c"
   1:Generated_Source\PSoC4/cyfitter_cfg.c **** 
   2:Generated_Source\PSoC4/cyfitter_cfg.c **** /*******************************************************************************
   3:Generated_Source\PSoC4/cyfitter_cfg.c **** * File Name: cyfitter_cfg.c
   4:Generated_Source\PSoC4/cyfitter_cfg.c **** * 
   5:Generated_Source\PSoC4/cyfitter_cfg.c **** * PSoC Creator  4.4
   6:Generated_Source\PSoC4/cyfitter_cfg.c **** *
   7:Generated_Source\PSoC4/cyfitter_cfg.c **** * Description:
   8:Generated_Source\PSoC4/cyfitter_cfg.c **** * This file contains device initialization code.
   9:Generated_Source\PSoC4/cyfitter_cfg.c **** * Except for the user defined sections in CyClockStartupError(), this file should not be modified.
  10:Generated_Source\PSoC4/cyfitter_cfg.c **** * This file is automatically generated by PSoC Creator.
  11:Generated_Source\PSoC4/cyfitter_cfg.c **** *
  12:Generated_Source\PSoC4/cyfitter_cfg.c **** ********************************************************************************
  13:Generated_Source\PSoC4/cyfitter_cfg.c **** * Copyright (c) 2007-2020 Cypress Semiconductor.  All rights reserved.
  14:Generated_Source\PSoC4/cyfitter_cfg.c **** * You may use this file only in accordance with the license, terms, conditions, 
  15:Generated_Source\PSoC4/cyfitter_cfg.c **** * disclaimers, and limitations in the end user license agreement accompanying 
  16:Generated_Source\PSoC4/cyfitter_cfg.c **** * the software package with which this file was provided.
  17:Generated_Source\PSoC4/cyfitter_cfg.c **** ********************************************************************************/
  18:Generated_Source\PSoC4/cyfitter_cfg.c **** 
  19:Generated_Source\PSoC4/cyfitter_cfg.c **** #include <string.h>
  20:Generated_Source\PSoC4/cyfitter_cfg.c **** #include "cytypes.h"
  21:Generated_Source\PSoC4/cyfitter_cfg.c **** #include "cydevice_trm.h"
  22:Generated_Source\PSoC4/cyfitter_cfg.c **** #include "cyfitter.h"
  23:Generated_Source\PSoC4/cyfitter_cfg.c **** #include "CyLib.h"
  24:Generated_Source\PSoC4/cyfitter_cfg.c **** #include "CyLFClk.h"
  25:Generated_Source\PSoC4/cyfitter_cfg.c **** #include "cyfitter_cfg.h"
  26:Generated_Source\PSoC4/cyfitter_cfg.c **** #include "cyapicallbacks.h"
  27:Generated_Source\PSoC4/cyfitter_cfg.c **** 
  28:Generated_Source\PSoC4/cyfitter_cfg.c **** 
  29:Generated_Source\PSoC4/cyfitter_cfg.c **** #if defined(__GNUC__) || defined(__ARMCC_VERSION)
  30:Generated_Source\PSoC4/cyfitter_cfg.c ****     #define CYPACKED 
  31:Generated_Source\PSoC4/cyfitter_cfg.c ****     #define CYPACKED_ATTR __attribute__ ((packed))
ARM GAS  C:\Users\ivddo\AppData\Local\Temp\cc95ADQL.s 			page 2


  32:Generated_Source\PSoC4/cyfitter_cfg.c ****     #define CYALIGNED __attribute__ ((aligned))
  33:Generated_Source\PSoC4/cyfitter_cfg.c ****     #define CY_CFG_UNUSED __attribute__ ((unused))
  34:Generated_Source\PSoC4/cyfitter_cfg.c ****     #ifndef CY_CFG_SECTION
  35:Generated_Source\PSoC4/cyfitter_cfg.c ****         #define CY_CFG_SECTION __attribute__ ((section(".psocinit")))
  36:Generated_Source\PSoC4/cyfitter_cfg.c ****     #endif
  37:Generated_Source\PSoC4/cyfitter_cfg.c ****     
  38:Generated_Source\PSoC4/cyfitter_cfg.c ****     #if defined(__ARMCC_VERSION)
  39:Generated_Source\PSoC4/cyfitter_cfg.c ****         #define CY_CFG_MEMORY_BARRIER() __memory_changed()
  40:Generated_Source\PSoC4/cyfitter_cfg.c ****     #else
  41:Generated_Source\PSoC4/cyfitter_cfg.c ****         #define CY_CFG_MEMORY_BARRIER() __sync_synchronize()
  42:Generated_Source\PSoC4/cyfitter_cfg.c ****     #endif
  43:Generated_Source\PSoC4/cyfitter_cfg.c ****     
  44:Generated_Source\PSoC4/cyfitter_cfg.c **** #elif defined(__ICCARM__)
  45:Generated_Source\PSoC4/cyfitter_cfg.c ****     #include <intrinsics.h>
  46:Generated_Source\PSoC4/cyfitter_cfg.c **** 
  47:Generated_Source\PSoC4/cyfitter_cfg.c ****     #define CYPACKED __packed
  48:Generated_Source\PSoC4/cyfitter_cfg.c ****     #define CYPACKED_ATTR 
  49:Generated_Source\PSoC4/cyfitter_cfg.c ****     #define CYALIGNED _Pragma("data_alignment=4")
  50:Generated_Source\PSoC4/cyfitter_cfg.c ****     #define CY_CFG_UNUSED _Pragma("diag_suppress=Pe177")
  51:Generated_Source\PSoC4/cyfitter_cfg.c ****     #define CY_CFG_SECTION _Pragma("location=\".psocinit\"")
  52:Generated_Source\PSoC4/cyfitter_cfg.c ****     
  53:Generated_Source\PSoC4/cyfitter_cfg.c ****     #define CY_CFG_MEMORY_BARRIER() __DMB()
  54:Generated_Source\PSoC4/cyfitter_cfg.c ****     
  55:Generated_Source\PSoC4/cyfitter_cfg.c **** #else
  56:Generated_Source\PSoC4/cyfitter_cfg.c ****     #error Unsupported toolchain
  57:Generated_Source\PSoC4/cyfitter_cfg.c **** #endif
  58:Generated_Source\PSoC4/cyfitter_cfg.c **** 
  59:Generated_Source\PSoC4/cyfitter_cfg.c **** #ifndef CYCODE
  60:Generated_Source\PSoC4/cyfitter_cfg.c ****     #define CYCODE
  61:Generated_Source\PSoC4/cyfitter_cfg.c **** #endif
  62:Generated_Source\PSoC4/cyfitter_cfg.c **** #ifndef CYDATA
  63:Generated_Source\PSoC4/cyfitter_cfg.c ****     #define CYDATA
  64:Generated_Source\PSoC4/cyfitter_cfg.c **** #endif
  65:Generated_Source\PSoC4/cyfitter_cfg.c **** #ifndef CYFAR
  66:Generated_Source\PSoC4/cyfitter_cfg.c ****     #define CYFAR
  67:Generated_Source\PSoC4/cyfitter_cfg.c **** #endif
  68:Generated_Source\PSoC4/cyfitter_cfg.c **** #ifndef CYXDATA
  69:Generated_Source\PSoC4/cyfitter_cfg.c ****     #define CYXDATA
  70:Generated_Source\PSoC4/cyfitter_cfg.c **** #endif
  71:Generated_Source\PSoC4/cyfitter_cfg.c **** 
  72:Generated_Source\PSoC4/cyfitter_cfg.c **** 
  73:Generated_Source\PSoC4/cyfitter_cfg.c **** CY_CFG_UNUSED
  74:Generated_Source\PSoC4/cyfitter_cfg.c **** static void CYMEMZERO(void *s, size_t n);
  75:Generated_Source\PSoC4/cyfitter_cfg.c **** CY_CFG_UNUSED
  76:Generated_Source\PSoC4/cyfitter_cfg.c **** static void CYMEMZERO(void *s, size_t n)
  77:Generated_Source\PSoC4/cyfitter_cfg.c **** {
  27              		.loc 1 77 0
  28              		.cfi_startproc
  29              		@ args = 0, pretend = 0, frame = 0
  30              		@ frame_needed = 0, uses_anonymous_args = 0
  31              	.LVL0:
  32 0000 10B5     		push	{r4, lr}
  33              		.cfi_def_cfa_offset 8
  34              		.cfi_offset 4, -8
  35              		.cfi_offset 14, -4
  36 0002 0A00     		movs	r2, r1
  78:Generated_Source\PSoC4/cyfitter_cfg.c **** 	(void)memset(s, 0, n);
ARM GAS  C:\Users\ivddo\AppData\Local\Temp\cc95ADQL.s 			page 3


  37              		.loc 1 78 0
  38 0004 0021     		movs	r1, #0
  39              	.LVL1:
  40 0006 FFF7FEFF 		bl	memset
  41              	.LVL2:
  79:Generated_Source\PSoC4/cyfitter_cfg.c **** }
  42              		.loc 1 79 0
  43              		@ sp needed
  44 000a 10BD     		pop	{r4, pc}
  45              		.cfi_endproc
  46              	.LFE0:
  47              		.size	CYMEMZERO, .-CYMEMZERO
  48              		.section	.psocinit,"ax",%progbits
  49              		.align	2
  50              		.code	16
  51              		.thumb_func
  52              		.type	ClockSetup, %function
  53              	ClockSetup:
  54              	.LFB3:
  80:Generated_Source\PSoC4/cyfitter_cfg.c **** CY_CFG_UNUSED
  81:Generated_Source\PSoC4/cyfitter_cfg.c **** static void CYCONFIGCPY(void *dest, const void *src, size_t n);
  82:Generated_Source\PSoC4/cyfitter_cfg.c **** CY_CFG_UNUSED
  83:Generated_Source\PSoC4/cyfitter_cfg.c **** static void CYCONFIGCPY(void *dest, const void *src, size_t n)
  84:Generated_Source\PSoC4/cyfitter_cfg.c **** {
  85:Generated_Source\PSoC4/cyfitter_cfg.c **** 	(void)memcpy(dest, src, n);
  86:Generated_Source\PSoC4/cyfitter_cfg.c **** }
  87:Generated_Source\PSoC4/cyfitter_cfg.c **** CY_CFG_UNUSED
  88:Generated_Source\PSoC4/cyfitter_cfg.c **** static void CYCONFIGCPYCODE(void *dest, const void *src, size_t n);
  89:Generated_Source\PSoC4/cyfitter_cfg.c **** CY_CFG_UNUSED
  90:Generated_Source\PSoC4/cyfitter_cfg.c **** static void CYCONFIGCPYCODE(void *dest, const void *src, size_t n)
  91:Generated_Source\PSoC4/cyfitter_cfg.c **** {
  92:Generated_Source\PSoC4/cyfitter_cfg.c **** 	(void)memcpy(dest, src, n);
  93:Generated_Source\PSoC4/cyfitter_cfg.c **** }
  94:Generated_Source\PSoC4/cyfitter_cfg.c **** 
  95:Generated_Source\PSoC4/cyfitter_cfg.c **** 
  96:Generated_Source\PSoC4/cyfitter_cfg.c **** 
  97:Generated_Source\PSoC4/cyfitter_cfg.c **** 
  98:Generated_Source\PSoC4/cyfitter_cfg.c **** /* Clock startup error codes                                                   */
  99:Generated_Source\PSoC4/cyfitter_cfg.c **** #define CYCLOCKSTART_NO_ERROR    0u
 100:Generated_Source\PSoC4/cyfitter_cfg.c **** #define CYCLOCKSTART_XTAL_ERROR  1u
 101:Generated_Source\PSoC4/cyfitter_cfg.c **** #define CYCLOCKSTART_32KHZ_ERROR 2u
 102:Generated_Source\PSoC4/cyfitter_cfg.c **** #define CYCLOCKSTART_PLL_ERROR   3u
 103:Generated_Source\PSoC4/cyfitter_cfg.c **** #define CYCLOCKSTART_FLL_ERROR   4u
 104:Generated_Source\PSoC4/cyfitter_cfg.c **** #define CYCLOCKSTART_WCO_ERROR   5u
 105:Generated_Source\PSoC4/cyfitter_cfg.c **** 
 106:Generated_Source\PSoC4/cyfitter_cfg.c **** 
 107:Generated_Source\PSoC4/cyfitter_cfg.c **** #ifdef CY_NEED_CYCLOCKSTARTUPERROR
 108:Generated_Source\PSoC4/cyfitter_cfg.c **** /*******************************************************************************
 109:Generated_Source\PSoC4/cyfitter_cfg.c **** * Function Name: CyClockStartupError
 110:Generated_Source\PSoC4/cyfitter_cfg.c **** ********************************************************************************
 111:Generated_Source\PSoC4/cyfitter_cfg.c **** * Summary:
 112:Generated_Source\PSoC4/cyfitter_cfg.c **** *  If an error is encountered during clock configuration (crystal startup error,
 113:Generated_Source\PSoC4/cyfitter_cfg.c **** *  PLL lock error, etc.), the system will end up here.  Unless reimplemented by
 114:Generated_Source\PSoC4/cyfitter_cfg.c **** *  the customer, this function will stop in an infinite loop.
 115:Generated_Source\PSoC4/cyfitter_cfg.c **** *
 116:Generated_Source\PSoC4/cyfitter_cfg.c **** * Parameters:
 117:Generated_Source\PSoC4/cyfitter_cfg.c **** *   void
ARM GAS  C:\Users\ivddo\AppData\Local\Temp\cc95ADQL.s 			page 4


 118:Generated_Source\PSoC4/cyfitter_cfg.c **** *
 119:Generated_Source\PSoC4/cyfitter_cfg.c **** * Return:
 120:Generated_Source\PSoC4/cyfitter_cfg.c **** *   void
 121:Generated_Source\PSoC4/cyfitter_cfg.c **** *
 122:Generated_Source\PSoC4/cyfitter_cfg.c **** *******************************************************************************/
 123:Generated_Source\PSoC4/cyfitter_cfg.c **** CY_CFG_UNUSED
 124:Generated_Source\PSoC4/cyfitter_cfg.c **** static void CyClockStartupError(uint8 errorCode);
 125:Generated_Source\PSoC4/cyfitter_cfg.c **** CY_CFG_UNUSED
 126:Generated_Source\PSoC4/cyfitter_cfg.c **** static void CyClockStartupError(uint8 errorCode)
 127:Generated_Source\PSoC4/cyfitter_cfg.c **** {
 128:Generated_Source\PSoC4/cyfitter_cfg.c ****     /* To remove the compiler warning if errorCode not used.                */
 129:Generated_Source\PSoC4/cyfitter_cfg.c ****     errorCode = errorCode;
 130:Generated_Source\PSoC4/cyfitter_cfg.c **** 
 131:Generated_Source\PSoC4/cyfitter_cfg.c ****     /* If we have a clock startup error (bad MHz crystal, PLL lock, etc.),  */
 132:Generated_Source\PSoC4/cyfitter_cfg.c ****     /* we will end up here to allow the customer to implement something to  */
 133:Generated_Source\PSoC4/cyfitter_cfg.c ****     /* deal with the clock condition.                                       */
 134:Generated_Source\PSoC4/cyfitter_cfg.c **** 
 135:Generated_Source\PSoC4/cyfitter_cfg.c **** #ifdef CY_CFG_CLOCK_STARTUP_ERROR_CALLBACK
 136:Generated_Source\PSoC4/cyfitter_cfg.c ****     CY_CFG_Clock_Startup_ErrorCallback();
 137:Generated_Source\PSoC4/cyfitter_cfg.c **** #else
 138:Generated_Source\PSoC4/cyfitter_cfg.c ****     /*  If not using CY_CFG_CLOCK_STARTUP_ERROR_CALLBACK, place your clock startup code here. */
 139:Generated_Source\PSoC4/cyfitter_cfg.c ****     /* `#START CyClockStartupError` */
 140:Generated_Source\PSoC4/cyfitter_cfg.c **** 
 141:Generated_Source\PSoC4/cyfitter_cfg.c **** 
 142:Generated_Source\PSoC4/cyfitter_cfg.c **** 
 143:Generated_Source\PSoC4/cyfitter_cfg.c ****     /* `#END` */
 144:Generated_Source\PSoC4/cyfitter_cfg.c **** 
 145:Generated_Source\PSoC4/cyfitter_cfg.c ****     while(1) {}
 146:Generated_Source\PSoC4/cyfitter_cfg.c **** #endif /* CY_CFG_CLOCK_STARTUP_ERROR_CALLBACK */
 147:Generated_Source\PSoC4/cyfitter_cfg.c **** }
 148:Generated_Source\PSoC4/cyfitter_cfg.c **** #endif
 149:Generated_Source\PSoC4/cyfitter_cfg.c **** 
 150:Generated_Source\PSoC4/cyfitter_cfg.c **** 
 151:Generated_Source\PSoC4/cyfitter_cfg.c **** 
 152:Generated_Source\PSoC4/cyfitter_cfg.c **** /*******************************************************************************
 153:Generated_Source\PSoC4/cyfitter_cfg.c **** * Function Name: ClockSetup
 154:Generated_Source\PSoC4/cyfitter_cfg.c **** ********************************************************************************
 155:Generated_Source\PSoC4/cyfitter_cfg.c **** *
 156:Generated_Source\PSoC4/cyfitter_cfg.c **** * Summary:
 157:Generated_Source\PSoC4/cyfitter_cfg.c **** *   Performs the initialization of all of the clocks in the device based on the
 158:Generated_Source\PSoC4/cyfitter_cfg.c **** *   settings in the Clock tab of the DWR.  This includes enabling the requested
 159:Generated_Source\PSoC4/cyfitter_cfg.c **** *   clocks and setting the necessary dividers to produce the desired frequency. 
 160:Generated_Source\PSoC4/cyfitter_cfg.c **** *
 161:Generated_Source\PSoC4/cyfitter_cfg.c **** * Parameters:
 162:Generated_Source\PSoC4/cyfitter_cfg.c **** *   void
 163:Generated_Source\PSoC4/cyfitter_cfg.c **** *
 164:Generated_Source\PSoC4/cyfitter_cfg.c **** * Return:
 165:Generated_Source\PSoC4/cyfitter_cfg.c **** *   void
 166:Generated_Source\PSoC4/cyfitter_cfg.c **** *
 167:Generated_Source\PSoC4/cyfitter_cfg.c **** *******************************************************************************/
 168:Generated_Source\PSoC4/cyfitter_cfg.c **** static void ClockSetup(void);
 169:Generated_Source\PSoC4/cyfitter_cfg.c **** CY_CFG_SECTION
 170:Generated_Source\PSoC4/cyfitter_cfg.c **** static void ClockSetup(void)
 171:Generated_Source\PSoC4/cyfitter_cfg.c **** {
  55              		.loc 1 171 0
  56              		.cfi_startproc
  57              		@ args = 0, pretend = 0, frame = 0
ARM GAS  C:\Users\ivddo\AppData\Local\Temp\cc95ADQL.s 			page 5


  58              		@ frame_needed = 0, uses_anonymous_args = 0
  59 0000 70B5     		push	{r4, r5, r6, lr}
  60              		.cfi_def_cfa_offset 16
  61              		.cfi_offset 4, -16
  62              		.cfi_offset 5, -12
  63              		.cfi_offset 6, -8
  64              		.cfi_offset 14, -4
 172:Generated_Source\PSoC4/cyfitter_cfg.c **** 	/* Enable HALF_EN before trimming for the flash accelerator. */
 173:Generated_Source\PSoC4/cyfitter_cfg.c **** 	CY_SET_REG32((void CYXDATA *)(CYREG_CLK_SELECT), (CY_GET_REG32((void *)CYREG_CLK_SELECT) | 0x00040
  65              		.loc 1 173 0
  66 0002 0D4C     		ldr	r4, .L3
  67 0004 2368     		ldr	r3, [r4]
  68 0006 8025     		movs	r5, #128
  69 0008 ED02     		lsls	r5, r5, #11
  70 000a 2B43     		orrs	r3, r5
  71 000c 2360     		str	r3, [r4]
 174:Generated_Source\PSoC4/cyfitter_cfg.c **** 
 175:Generated_Source\PSoC4/cyfitter_cfg.c **** 	/* Setup and trim IMO based on desired frequency. */
 176:Generated_Source\PSoC4/cyfitter_cfg.c **** 	CySysClkWriteImoFreq(48u);
  72              		.loc 1 176 0
  73 000e 3020     		movs	r0, #48
  74 0010 FFF7FEFF 		bl	CySysClkWriteImoFreq
  75              	.LVL3:
 177:Generated_Source\PSoC4/cyfitter_cfg.c **** 	/* CYDEV_CLK_ILO_CONFIG Starting address: CYDEV_CLK_ILO_CONFIG */
 178:Generated_Source\PSoC4/cyfitter_cfg.c **** 	CY_SET_REG32((void *)(CYREG_CLK_ILO_CONFIG), 0x80000006u);
  76              		.loc 1 178 0
  77 0014 094A     		ldr	r2, .L3+4
  78 0016 0A4B     		ldr	r3, .L3+8
  79 0018 1A60     		str	r2, [r3]
 179:Generated_Source\PSoC4/cyfitter_cfg.c **** 
 180:Generated_Source\PSoC4/cyfitter_cfg.c **** 
 181:Generated_Source\PSoC4/cyfitter_cfg.c **** 	/* CYDEV_CLK_IMO_CONFIG Starting address: CYDEV_CLK_IMO_CONFIG */
 182:Generated_Source\PSoC4/cyfitter_cfg.c **** 	CY_SET_REG32((void *)(CYREG_CLK_IMO_CONFIG), 0x80000000u);
  80              		.loc 1 182 0
  81 001a 063A     		subs	r2, r2, #6
  82 001c 094B     		ldr	r3, .L3+12
  83 001e 1A60     		str	r2, [r3]
 183:Generated_Source\PSoC4/cyfitter_cfg.c **** 
 184:Generated_Source\PSoC4/cyfitter_cfg.c **** 	/* CYDEV_CLK_SELECT Starting address: CYDEV_CLK_SELECT */
 185:Generated_Source\PSoC4/cyfitter_cfg.c **** 	CY_SET_REG32((void *)(CYREG_CLK_SELECT), 0x00040000u);
  84              		.loc 1 185 0
  85 0020 2560     		str	r5, [r4]
 186:Generated_Source\PSoC4/cyfitter_cfg.c **** 
 187:Generated_Source\PSoC4/cyfitter_cfg.c **** 	(void)CyIntSetVector(9u, &CySysWdtIsr);
  86              		.loc 1 187 0
  87 0022 0949     		ldr	r1, .L3+16
  88 0024 0920     		movs	r0, #9
  89 0026 FFF7FEFF 		bl	CyIntSetVector
  90              	.LVL4:
 188:Generated_Source\PSoC4/cyfitter_cfg.c **** 	CyIntEnable(9u);
  91              		.loc 1 188 0
  92 002a 0920     		movs	r0, #9
  93 002c FFF7FEFF 		bl	CyIntEnable
  94              	.LVL5:
 189:Generated_Source\PSoC4/cyfitter_cfg.c **** 	CY_SET_REG32((void *)(CYREG_WDT_CONFIG), 0x00000000u);
  95              		.loc 1 189 0
  96 0030 0022     		movs	r2, #0
ARM GAS  C:\Users\ivddo\AppData\Local\Temp\cc95ADQL.s 			page 6


  97 0032 064B     		ldr	r3, .L3+20
  98 0034 1A60     		str	r2, [r3]
 190:Generated_Source\PSoC4/cyfitter_cfg.c **** }
  99              		.loc 1 190 0
 100              		@ sp needed
 101 0036 70BD     		pop	{r4, r5, r6, pc}
 102              	.L4:
 103              		.align	2
 104              	.L3:
 105 0038 00010B40 		.word	1074462976
 106 003c 06000080 		.word	-2147483642
 107 0040 04010B40 		.word	1074462980
 108 0044 08010B40 		.word	1074462984
 109 0048 00000000 		.word	CySysWdtIsr
 110 004c 0C020B40 		.word	1074463244
 111              		.cfi_endproc
 112              	.LFE3:
 113              		.size	ClockSetup, .-ClockSetup
 114              		.align	2
 115              		.global	cyfitter_cfg
 116              		.code	16
 117              		.thumb_func
 118              		.type	cyfitter_cfg, %function
 119              	cyfitter_cfg:
 120              	.LFB5:
 191:Generated_Source\PSoC4/cyfitter_cfg.c **** 
 192:Generated_Source\PSoC4/cyfitter_cfg.c **** 
 193:Generated_Source\PSoC4/cyfitter_cfg.c **** /* Analog API Functions */
 194:Generated_Source\PSoC4/cyfitter_cfg.c **** 
 195:Generated_Source\PSoC4/cyfitter_cfg.c **** 
 196:Generated_Source\PSoC4/cyfitter_cfg.c **** /*******************************************************************************
 197:Generated_Source\PSoC4/cyfitter_cfg.c **** * Function Name: AnalogSetDefault
 198:Generated_Source\PSoC4/cyfitter_cfg.c **** ********************************************************************************
 199:Generated_Source\PSoC4/cyfitter_cfg.c **** *
 200:Generated_Source\PSoC4/cyfitter_cfg.c **** * Summary:
 201:Generated_Source\PSoC4/cyfitter_cfg.c **** *  Sets up the analog portions of the chip to default values based on chip
 202:Generated_Source\PSoC4/cyfitter_cfg.c **** *  configuration options from the project.
 203:Generated_Source\PSoC4/cyfitter_cfg.c **** *
 204:Generated_Source\PSoC4/cyfitter_cfg.c **** * Parameters:
 205:Generated_Source\PSoC4/cyfitter_cfg.c **** *  void
 206:Generated_Source\PSoC4/cyfitter_cfg.c **** *
 207:Generated_Source\PSoC4/cyfitter_cfg.c **** * Return:
 208:Generated_Source\PSoC4/cyfitter_cfg.c **** *  void
 209:Generated_Source\PSoC4/cyfitter_cfg.c **** *
 210:Generated_Source\PSoC4/cyfitter_cfg.c **** *******************************************************************************/
 211:Generated_Source\PSoC4/cyfitter_cfg.c **** static void AnalogSetDefault(void);
 212:Generated_Source\PSoC4/cyfitter_cfg.c **** static void AnalogSetDefault(void)
 213:Generated_Source\PSoC4/cyfitter_cfg.c **** {
 214:Generated_Source\PSoC4/cyfitter_cfg.c **** }
 215:Generated_Source\PSoC4/cyfitter_cfg.c **** 
 216:Generated_Source\PSoC4/cyfitter_cfg.c **** 
 217:Generated_Source\PSoC4/cyfitter_cfg.c **** 
 218:Generated_Source\PSoC4/cyfitter_cfg.c **** 
 219:Generated_Source\PSoC4/cyfitter_cfg.c **** /*******************************************************************************
 220:Generated_Source\PSoC4/cyfitter_cfg.c **** * Function Name: cyfitter_cfg
 221:Generated_Source\PSoC4/cyfitter_cfg.c **** ********************************************************************************
 222:Generated_Source\PSoC4/cyfitter_cfg.c **** * Summary:
ARM GAS  C:\Users\ivddo\AppData\Local\Temp\cc95ADQL.s 			page 7


 223:Generated_Source\PSoC4/cyfitter_cfg.c **** *  This function is called by the start-up code for the selected device. It
 224:Generated_Source\PSoC4/cyfitter_cfg.c **** *  performs all of the necessary device configuration based on the design
 225:Generated_Source\PSoC4/cyfitter_cfg.c **** *  settings.  This includes settings from the Design Wide Resources (DWR) such
 226:Generated_Source\PSoC4/cyfitter_cfg.c **** *  as Clocks and Pins as well as any component configuration that is necessary.
 227:Generated_Source\PSoC4/cyfitter_cfg.c **** *
 228:Generated_Source\PSoC4/cyfitter_cfg.c **** * Parameters:
 229:Generated_Source\PSoC4/cyfitter_cfg.c **** *   void
 230:Generated_Source\PSoC4/cyfitter_cfg.c **** *
 231:Generated_Source\PSoC4/cyfitter_cfg.c **** * Return:
 232:Generated_Source\PSoC4/cyfitter_cfg.c **** *   void
 233:Generated_Source\PSoC4/cyfitter_cfg.c **** *
 234:Generated_Source\PSoC4/cyfitter_cfg.c **** *******************************************************************************/
 235:Generated_Source\PSoC4/cyfitter_cfg.c **** CY_CFG_SECTION
 236:Generated_Source\PSoC4/cyfitter_cfg.c **** void cyfitter_cfg(void)
 237:Generated_Source\PSoC4/cyfitter_cfg.c **** {
 121              		.loc 1 237 0
 122              		.cfi_startproc
 123              		@ args = 0, pretend = 0, frame = 0
 124              		@ frame_needed = 0, uses_anonymous_args = 0
 125 0050 10B5     		push	{r4, lr}
 126              		.cfi_def_cfa_offset 8
 127              		.cfi_offset 4, -8
 128              		.cfi_offset 14, -4
 238:Generated_Source\PSoC4/cyfitter_cfg.c **** 	/* Disable interrupts by default. Let user enable if/when they want. */
 239:Generated_Source\PSoC4/cyfitter_cfg.c **** 	CyGlobalIntDisable;
 129              		.loc 1 239 0
 130              		.syntax divided
 131              	@ 239 "Generated_Source\PSoC4\cyfitter_cfg.c" 1
 132 0052 72B6     		CPSID   i
 133              	@ 0 "" 2
 134              	.LVL6:
 135              		.thumb
 136              		.syntax unified
 137              	.LBB2:
 240:Generated_Source\PSoC4/cyfitter_cfg.c **** 
 241:Generated_Source\PSoC4/cyfitter_cfg.c **** 	{
 242:Generated_Source\PSoC4/cyfitter_cfg.c **** 
 243:Generated_Source\PSoC4/cyfitter_cfg.c **** 		CYPACKED typedef struct {
 244:Generated_Source\PSoC4/cyfitter_cfg.c **** 			void CYFAR *address;
 245:Generated_Source\PSoC4/cyfitter_cfg.c **** 			uint16 size;
 246:Generated_Source\PSoC4/cyfitter_cfg.c **** 		} CYPACKED_ATTR cfg_memset_t;
 247:Generated_Source\PSoC4/cyfitter_cfg.c **** 
 248:Generated_Source\PSoC4/cyfitter_cfg.c **** 		static const cfg_memset_t CYCODE cfg_memset_list[] = {
 249:Generated_Source\PSoC4/cyfitter_cfg.c **** 			/* address, size */
 250:Generated_Source\PSoC4/cyfitter_cfg.c **** 			{(void CYFAR *)(CYDEV_UDB_P0_U0_BASE), 1024u},
 251:Generated_Source\PSoC4/cyfitter_cfg.c **** 			{(void CYFAR *)(CYDEV_UDB_DSI0_BASE), 1024u},
 252:Generated_Source\PSoC4/cyfitter_cfg.c **** 		};
 253:Generated_Source\PSoC4/cyfitter_cfg.c **** 
 254:Generated_Source\PSoC4/cyfitter_cfg.c **** 		uint8 CYDATA i;
 255:Generated_Source\PSoC4/cyfitter_cfg.c **** 
 256:Generated_Source\PSoC4/cyfitter_cfg.c **** 		/* Zero out critical memory blocks before beginning configuration */
 257:Generated_Source\PSoC4/cyfitter_cfg.c **** 		for (i = 0u; i < (sizeof(cfg_memset_list)/sizeof(cfg_memset_list[0])); i++)
 138              		.loc 1 257 0
 139 0054 0024     		movs	r4, #0
 140 0056 0FE0     		b	.L6
 141              	.LVL7:
 142              	.L7:
ARM GAS  C:\Users\ivddo\AppData\Local\Temp\cc95ADQL.s 			page 8


 143              	.LBB3:
 258:Generated_Source\PSoC4/cyfitter_cfg.c **** 		{
 259:Generated_Source\PSoC4/cyfitter_cfg.c **** 			const cfg_memset_t CYCODE * CYDATA ms = &cfg_memset_list[i];
 260:Generated_Source\PSoC4/cyfitter_cfg.c **** 			CYMEMZERO(ms->address, (size_t)(uint32)(ms->size));
 144              		.loc 1 260 0 discriminator 3
 145 0058 1848     		ldr	r0, .L8
 146 005a 6200     		lsls	r2, r4, #1
 147 005c 1319     		adds	r3, r2, r4
 148 005e 5900     		lsls	r1, r3, #1
 149 0060 0B00     		movs	r3, r1
 150 0062 4118     		adds	r1, r0, r1
 151 0064 8988     		ldrh	r1, [r1, #4]
 152 0066 1A5A     		ldrh	r2, [r3, r0]
 153 0068 C318     		adds	r3, r0, r3
 154 006a 5888     		ldrh	r0, [r3, #2]
 155 006c 0004     		lsls	r0, r0, #16
 156 006e 1043     		orrs	r0, r2
 157 0070 FFF7FEFF 		bl	CYMEMZERO
 158              	.LVL8:
 159              	.LBE3:
 257:Generated_Source\PSoC4/cyfitter_cfg.c **** 		{
 160              		.loc 1 257 0 discriminator 3
 161 0074 0134     		adds	r4, r4, #1
 162              	.LVL9:
 163 0076 E4B2     		uxtb	r4, r4
 164              	.LVL10:
 165              	.L6:
 257:Generated_Source\PSoC4/cyfitter_cfg.c **** 		{
 166              		.loc 1 257 0 is_stmt 0 discriminator 1
 167 0078 012C     		cmp	r4, #1
 168 007a EDD9     		bls	.L7
 261:Generated_Source\PSoC4/cyfitter_cfg.c **** 		}
 262:Generated_Source\PSoC4/cyfitter_cfg.c **** 
 263:Generated_Source\PSoC4/cyfitter_cfg.c **** 		/* FORCED_HSIOM Starting address: CYDEV_HSIOM_PORT_SEL3 */
 264:Generated_Source\PSoC4/cyfitter_cfg.c **** 		CY_SET_REG32((void *)(CYREG_HSIOM_PORT_SEL3), 0x00000000u);
 169              		.loc 1 264 0 is_stmt 1
 170 007c 0023     		movs	r3, #0
 171 007e 104A     		ldr	r2, .L8+4
 172 0080 1360     		str	r3, [r2]
 265:Generated_Source\PSoC4/cyfitter_cfg.c **** 
 266:Generated_Source\PSoC4/cyfitter_cfg.c **** 		/* IOPINS0_3 Starting address: CYDEV_PRT3_PC */
 267:Generated_Source\PSoC4/cyfitter_cfg.c **** 		CY_SET_REG32((void *)(CYREG_PRT3_PC), 0x00000000u);
 173              		.loc 1 267 0
 174 0082 104A     		ldr	r2, .L8+8
 175 0084 1360     		str	r3, [r2]
 268:Generated_Source\PSoC4/cyfitter_cfg.c **** 
 269:Generated_Source\PSoC4/cyfitter_cfg.c **** 		/* UDB_PA_0 Starting address: CYDEV_UDB_PA0_BASE */
 270:Generated_Source\PSoC4/cyfitter_cfg.c **** 		CY_SET_REG32((void *)(CYDEV_UDB_PA0_BASE), 0x00990000u);
 176              		.loc 1 270 0
 177 0086 9923     		movs	r3, #153
 178 0088 1B04     		lsls	r3, r3, #16
 179 008a 0F4A     		ldr	r2, .L8+12
 180 008c 1360     		str	r3, [r2]
 271:Generated_Source\PSoC4/cyfitter_cfg.c **** 
 272:Generated_Source\PSoC4/cyfitter_cfg.c **** 		/* UDB_PA_1 Starting address: CYDEV_UDB_PA1_BASE */
 273:Generated_Source\PSoC4/cyfitter_cfg.c **** 		CY_SET_REG32((void *)(CYDEV_UDB_PA1_BASE), 0x00990000u);
 181              		.loc 1 273 0
ARM GAS  C:\Users\ivddo\AppData\Local\Temp\cc95ADQL.s 			page 9


 182 008e 0F4A     		ldr	r2, .L8+16
 183 0090 1360     		str	r3, [r2]
 274:Generated_Source\PSoC4/cyfitter_cfg.c **** 
 275:Generated_Source\PSoC4/cyfitter_cfg.c **** 		/* Enable digital routing */
 276:Generated_Source\PSoC4/cyfitter_cfg.c **** 		CY_SET_XTND_REG8((void *)CYREG_UDB_UDBIF_BANK_CTL, (uint8)(CY_GET_XTND_REG8((void *)CYREG_UDB_UDB
 184              		.loc 1 276 0
 185 0092 0F4A     		ldr	r2, .L8+20
 186 0094 1178     		ldrb	r1, [r2]
 187 0096 0623     		movs	r3, #6
 188 0098 0B43     		orrs	r3, r1
 189 009a DBB2     		uxtb	r3, r3
 190 009c 1370     		strb	r3, [r2]
 191              	.LBE2:
 277:Generated_Source\PSoC4/cyfitter_cfg.c **** 	}
 278:Generated_Source\PSoC4/cyfitter_cfg.c **** 
 279:Generated_Source\PSoC4/cyfitter_cfg.c **** 	/* Perform second pass device configuration. These items must be configured in specific order afte
 280:Generated_Source\PSoC4/cyfitter_cfg.c **** 	/* IOPINS0_0 Starting address: CYDEV_PRT0_BASE */
 281:Generated_Source\PSoC4/cyfitter_cfg.c **** 	CY_SET_REG32((void *)(CYDEV_PRT0_BASE), 0x00000080u);
 192              		.loc 1 281 0
 193 009e 8022     		movs	r2, #128
 194 00a0 0C4B     		ldr	r3, .L8+24
 195 00a2 1A60     		str	r2, [r3]
 282:Generated_Source\PSoC4/cyfitter_cfg.c **** 	CY_SET_REG32((void *)(CYREG_PRT0_PC), 0x00400000u);
 196              		.loc 1 282 0
 197 00a4 8022     		movs	r2, #128
 198 00a6 D203     		lsls	r2, r2, #15
 199 00a8 0B4B     		ldr	r3, .L8+28
 200 00aa 1A60     		str	r2, [r3]
 283:Generated_Source\PSoC4/cyfitter_cfg.c **** 
 284:Generated_Source\PSoC4/cyfitter_cfg.c **** 	/* IOPINS0_1 Starting address: CYDEV_PRT1_BASE */
 285:Generated_Source\PSoC4/cyfitter_cfg.c **** 	CY_SET_REG32((void *)(CYREG_PRT1_PC), 0x00180000u);
 201              		.loc 1 285 0
 202 00ac C022     		movs	r2, #192
 203 00ae 5203     		lsls	r2, r2, #13
 204 00b0 0A4B     		ldr	r3, .L8+32
 205 00b2 1A60     		str	r2, [r3]
 286:Generated_Source\PSoC4/cyfitter_cfg.c **** 
 287:Generated_Source\PSoC4/cyfitter_cfg.c **** 
 288:Generated_Source\PSoC4/cyfitter_cfg.c **** 	/* Setup clocks based on selections from Clock DWR */
 289:Generated_Source\PSoC4/cyfitter_cfg.c **** 	ClockSetup();
 206              		.loc 1 289 0
 207 00b4 FFF7A4FF 		bl	ClockSetup
 208              	.LVL11:
 290:Generated_Source\PSoC4/cyfitter_cfg.c **** 
 291:Generated_Source\PSoC4/cyfitter_cfg.c **** 	/* Perform basic analog initialization to defaults */
 292:Generated_Source\PSoC4/cyfitter_cfg.c **** 	AnalogSetDefault();
 293:Generated_Source\PSoC4/cyfitter_cfg.c **** 
 294:Generated_Source\PSoC4/cyfitter_cfg.c **** }
 209              		.loc 1 294 0
 210              		@ sp needed
 211              	.LVL12:
 212 00b8 10BD     		pop	{r4, pc}
 213              	.L9:
 214 00ba C046     		.align	2
 215              	.L8:
 216 00bc 00000000 		.word	.LANCHOR0
 217 00c0 0C000140 		.word	1073807372
ARM GAS  C:\Users\ivddo\AppData\Local\Temp\cc95ADQL.s 			page 10


 218 00c4 08030440 		.word	1074004744
 219 00c8 00500F40 		.word	1074745344
 220 00cc 10500F40 		.word	1074745360
 221 00d0 00700F40 		.word	1074753536
 222 00d4 00000440 		.word	1074003968
 223 00d8 08000440 		.word	1074003976
 224 00dc 08010440 		.word	1074004232
 225              		.cfi_endproc
 226              	.LFE5:
 227              		.size	cyfitter_cfg, .-cyfitter_cfg
 228              		.section	.rodata
 229              		.align	2
 230              		.set	.LANCHOR0,. + 0
 231              		.type	cfg_memset_list.4847, %object
 232              		.size	cfg_memset_list.4847, 12
 233              	cfg_memset_list.4847:
 234 0000 00300F40 		.word	1074737152
 235 0004 0004     		.short	1024
 236 0006 00400F40 		.4byte	1074741248
 237 000a 0004     		.short	1024
 238              		.text
 239              	.Letext0:
 240              		.file 2 "c:\\program files (x86)\\cypress\\psoc creator\\4.4\\psoc creator\\import\\gnu\\arm\\5.4.
 241              		.file 3 "Generated_Source\\PSoC4\\cytypes.h"
 242              		.file 4 "Generated_Source\\PSoC4\\CyLib.h"
 243              		.section	.debug_info,"",%progbits
 244              	.Ldebug_info0:
 245 0000 74020000 		.4byte	0x274
 246 0004 0400     		.2byte	0x4
 247 0006 00000000 		.4byte	.Ldebug_abbrev0
 248 000a 04       		.byte	0x4
 249 000b 01       		.uleb128 0x1
 250 000c 1A010000 		.4byte	.LASF29
 251 0010 0C       		.byte	0xc
 252 0011 11020000 		.4byte	.LASF30
 253 0015 6C000000 		.4byte	.LASF31
 254 0019 00000000 		.4byte	.Ldebug_ranges0+0
 255 001d 00000000 		.4byte	0
 256 0021 00000000 		.4byte	.Ldebug_line0
 257 0025 02       		.uleb128 0x2
 258 0026 04       		.byte	0x4
 259 0027 05       		.byte	0x5
 260 0028 696E7400 		.ascii	"int\000"
 261 002c 03       		.uleb128 0x3
 262 002d 06000000 		.4byte	.LASF12
 263 0031 02       		.byte	0x2
 264 0032 D8       		.byte	0xd8
 265 0033 37000000 		.4byte	0x37
 266 0037 04       		.uleb128 0x4
 267 0038 04       		.byte	0x4
 268 0039 07       		.byte	0x7
 269 003a E1000000 		.4byte	.LASF0
 270 003e 04       		.uleb128 0x4
 271 003f 08       		.byte	0x8
 272 0040 05       		.byte	0x5
 273 0041 BE010000 		.4byte	.LASF1
 274 0045 04       		.uleb128 0x4
ARM GAS  C:\Users\ivddo\AppData\Local\Temp\cc95ADQL.s 			page 11


 275 0046 08       		.byte	0x8
 276 0047 04       		.byte	0x4
 277 0048 F9010000 		.4byte	.LASF2
 278 004c 04       		.uleb128 0x4
 279 004d 01       		.byte	0x1
 280 004e 06       		.byte	0x6
 281 004f 05020000 		.4byte	.LASF3
 282 0053 04       		.uleb128 0x4
 283 0054 01       		.byte	0x1
 284 0055 08       		.byte	0x8
 285 0056 AB000000 		.4byte	.LASF4
 286 005a 04       		.uleb128 0x4
 287 005b 02       		.byte	0x2
 288 005c 05       		.byte	0x5
 289 005d D1010000 		.4byte	.LASF5
 290 0061 04       		.uleb128 0x4
 291 0062 02       		.byte	0x2
 292 0063 07       		.byte	0x7
 293 0064 37000000 		.4byte	.LASF6
 294 0068 04       		.uleb128 0x4
 295 0069 04       		.byte	0x4
 296 006a 05       		.byte	0x5
 297 006b F0010000 		.4byte	.LASF7
 298 006f 04       		.uleb128 0x4
 299 0070 04       		.byte	0x4
 300 0071 07       		.byte	0x7
 301 0072 5A000000 		.4byte	.LASF8
 302 0076 04       		.uleb128 0x4
 303 0077 08       		.byte	0x8
 304 0078 07       		.byte	0x7
 305 0079 03010000 		.4byte	.LASF9
 306 007d 04       		.uleb128 0x4
 307 007e 04       		.byte	0x4
 308 007f 07       		.byte	0x7
 309 0080 B5010000 		.4byte	.LASF10
 310 0084 05       		.uleb128 0x5
 311 0085 04       		.byte	0x4
 312 0086 04       		.uleb128 0x4
 313 0087 01       		.byte	0x1
 314 0088 08       		.byte	0x8
 315 0089 CC010000 		.4byte	.LASF11
 316 008d 06       		.uleb128 0x6
 317 008e 9B000000 		.4byte	.LASF13
 318 0092 03       		.byte	0x3
 319 0093 FB01     		.2byte	0x1fb
 320 0095 53000000 		.4byte	0x53
 321 0099 06       		.uleb128 0x6
 322 009a D3000000 		.4byte	.LASF14
 323 009e 03       		.byte	0x3
 324 009f FC01     		.2byte	0x1fc
 325 00a1 61000000 		.4byte	0x61
 326 00a5 06       		.uleb128 0x6
 327 00a6 DA000000 		.4byte	.LASF15
 328 00aa 03       		.byte	0x3
 329 00ab FD01     		.2byte	0x1fd
 330 00ad 6F000000 		.4byte	0x6f
 331 00b1 04       		.uleb128 0x4
ARM GAS  C:\Users\ivddo\AppData\Local\Temp\cc95ADQL.s 			page 12


 332 00b2 04       		.byte	0x4
 333 00b3 04       		.byte	0x4
 334 00b4 4A000000 		.4byte	.LASF16
 335 00b8 04       		.uleb128 0x4
 336 00b9 08       		.byte	0x8
 337 00ba 04       		.byte	0x4
 338 00bb C0000000 		.4byte	.LASF17
 339 00bf 06       		.uleb128 0x6
 340 00c0 55000000 		.4byte	.LASF18
 341 00c4 03       		.byte	0x3
 342 00c5 A502     		.2byte	0x2a5
 343 00c7 CB000000 		.4byte	0xcb
 344 00cb 07       		.uleb128 0x7
 345 00cc 8D000000 		.4byte	0x8d
 346 00d0 06       		.uleb128 0x6
 347 00d1 00000000 		.4byte	.LASF19
 348 00d5 03       		.byte	0x3
 349 00d6 A702     		.2byte	0x2a7
 350 00d8 DC000000 		.4byte	0xdc
 351 00dc 07       		.uleb128 0x7
 352 00dd A5000000 		.4byte	0xa5
 353 00e1 08       		.uleb128 0x8
 354 00e2 A1000000 		.4byte	.LASF20
 355 00e6 01       		.byte	0x1
 356 00e7 4C       		.byte	0x4c
 357 00e8 00000000 		.4byte	.LFB0
 358 00ec 0C000000 		.4byte	.LFE0-.LFB0
 359 00f0 01       		.uleb128 0x1
 360 00f1 9C       		.byte	0x9c
 361 00f2 2E010000 		.4byte	0x12e
 362 00f6 09       		.uleb128 0x9
 363 00f7 7300     		.ascii	"s\000"
 364 00f9 01       		.byte	0x1
 365 00fa 4C       		.byte	0x4c
 366 00fb 84000000 		.4byte	0x84
 367 00ff 00000000 		.4byte	.LLST0
 368 0103 09       		.uleb128 0x9
 369 0104 6E00     		.ascii	"n\000"
 370 0106 01       		.byte	0x1
 371 0107 4C       		.byte	0x4c
 372 0108 2C000000 		.4byte	0x2c
 373 010c 21000000 		.4byte	.LLST1
 374 0110 0A       		.uleb128 0xa
 375 0111 0A000000 		.4byte	.LVL2
 376 0115 4D020000 		.4byte	0x24d
 377 0119 0B       		.uleb128 0xb
 378 011a 01       		.uleb128 0x1
 379 011b 50       		.byte	0x50
 380 011c 03       		.uleb128 0x3
 381 011d F3       		.byte	0xf3
 382 011e 01       		.uleb128 0x1
 383 011f 50       		.byte	0x50
 384 0120 0B       		.uleb128 0xb
 385 0121 01       		.uleb128 0x1
 386 0122 51       		.byte	0x51
 387 0123 01       		.uleb128 0x1
 388 0124 30       		.byte	0x30
ARM GAS  C:\Users\ivddo\AppData\Local\Temp\cc95ADQL.s 			page 13


 389 0125 0B       		.uleb128 0xb
 390 0126 01       		.uleb128 0x1
 391 0127 52       		.byte	0x52
 392 0128 03       		.uleb128 0x3
 393 0129 F3       		.byte	0xf3
 394 012a 01       		.uleb128 0x1
 395 012b 51       		.byte	0x51
 396 012c 00       		.byte	0
 397 012d 00       		.byte	0
 398 012e 08       		.uleb128 0x8
 399 012f 2C000000 		.4byte	.LASF21
 400 0133 01       		.byte	0x1
 401 0134 AA       		.byte	0xaa
 402 0135 00000000 		.4byte	.LFB3
 403 0139 50000000 		.4byte	.LFE3-.LFB3
 404 013d 01       		.uleb128 0x1
 405 013e 9C       		.byte	0x9c
 406 013f 7A010000 		.4byte	0x17a
 407 0143 0C       		.uleb128 0xc
 408 0144 14000000 		.4byte	.LVL3
 409 0148 56020000 		.4byte	0x256
 410 014c 57010000 		.4byte	0x157
 411 0150 0B       		.uleb128 0xb
 412 0151 01       		.uleb128 0x1
 413 0152 50       		.byte	0x50
 414 0153 02       		.uleb128 0x2
 415 0154 08       		.byte	0x8
 416 0155 30       		.byte	0x30
 417 0156 00       		.byte	0
 418 0157 0C       		.uleb128 0xc
 419 0158 2A000000 		.4byte	.LVL4
 420 015c 61020000 		.4byte	0x261
 421 0160 6A010000 		.4byte	0x16a
 422 0164 0B       		.uleb128 0xb
 423 0165 01       		.uleb128 0x1
 424 0166 50       		.byte	0x50
 425 0167 01       		.uleb128 0x1
 426 0168 39       		.byte	0x39
 427 0169 00       		.byte	0
 428 016a 0A       		.uleb128 0xa
 429 016b 30000000 		.4byte	.LVL5
 430 016f 6C020000 		.4byte	0x26c
 431 0173 0B       		.uleb128 0xb
 432 0174 01       		.uleb128 0x1
 433 0175 50       		.byte	0x50
 434 0176 01       		.uleb128 0x1
 435 0177 39       		.byte	0x39
 436 0178 00       		.byte	0
 437 0179 00       		.byte	0
 438 017a 0D       		.uleb128 0xd
 439 017b EE000000 		.4byte	.LASF32
 440 017f 01       		.byte	0x1
 441 0180 EC       		.byte	0xec
 442 0181 50000000 		.4byte	.LFB5
 443 0185 90000000 		.4byte	.LFE5-.LFB5
 444 0189 01       		.uleb128 0x1
 445 018a 9C       		.byte	0x9c
ARM GAS  C:\Users\ivddo\AppData\Local\Temp\cc95ADQL.s 			page 14


 446 018b 4D020000 		.4byte	0x24d
 447 018f 0E       		.uleb128 0xe
 448 0190 54000000 		.4byte	.LBB2
 449 0194 4A000000 		.4byte	.LBE2-.LBB2
 450 0198 43020000 		.4byte	0x243
 451 019c 0F       		.uleb128 0xf
 452 019d 06       		.byte	0x6
 453 019e 01       		.byte	0x1
 454 019f F3       		.byte	0xf3
 455 01a0 BD010000 		.4byte	0x1bd
 456 01a4 10       		.uleb128 0x10
 457 01a5 FB000000 		.4byte	.LASF22
 458 01a9 01       		.byte	0x1
 459 01aa F4       		.byte	0xf4
 460 01ab 84000000 		.4byte	0x84
 461 01af 00       		.byte	0
 462 01b0 10       		.uleb128 0x10
 463 01b1 50000000 		.4byte	.LASF23
 464 01b5 01       		.byte	0x1
 465 01b6 F5       		.byte	0xf5
 466 01b7 99000000 		.4byte	0x99
 467 01bb 04       		.byte	0x4
 468 01bc 00       		.byte	0
 469 01bd 03       		.uleb128 0x3
 470 01be A8010000 		.4byte	.LASF24
 471 01c2 01       		.byte	0x1
 472 01c3 F6       		.byte	0xf6
 473 01c4 9C010000 		.4byte	0x19c
 474 01c8 11       		.uleb128 0x11
 475 01c9 D8010000 		.4byte	0x1d8
 476 01cd D8010000 		.4byte	0x1d8
 477 01d1 12       		.uleb128 0x12
 478 01d2 7D000000 		.4byte	0x7d
 479 01d6 01       		.byte	0x1
 480 01d7 00       		.byte	0
 481 01d8 13       		.uleb128 0x13
 482 01d9 BD010000 		.4byte	0x1bd
 483 01dd 14       		.uleb128 0x14
 484 01de 1C000000 		.4byte	.LASF25
 485 01e2 01       		.byte	0x1
 486 01e3 F8       		.byte	0xf8
 487 01e4 EE010000 		.4byte	0x1ee
 488 01e8 05       		.uleb128 0x5
 489 01e9 03       		.byte	0x3
 490 01ea 00000000 		.4byte	cfg_memset_list.4847
 491 01ee 13       		.uleb128 0x13
 492 01ef C8010000 		.4byte	0x1c8
 493 01f3 15       		.uleb128 0x15
 494 01f4 6900     		.ascii	"i\000"
 495 01f6 01       		.byte	0x1
 496 01f7 FE       		.byte	0xfe
 497 01f8 8D000000 		.4byte	0x8d
 498 01fc 4D000000 		.4byte	.LLST2
 499 0200 16       		.uleb128 0x16
 500 0201 58000000 		.4byte	.LBB3
 501 0205 1C000000 		.4byte	.LBE3-.LBB3
 502 0209 17       		.uleb128 0x17
ARM GAS  C:\Users\ivddo\AppData\Local\Temp\cc95ADQL.s 			page 15


 503 020a 6D7300   		.ascii	"ms\000"
 504 020d 01       		.byte	0x1
 505 020e 0301     		.2byte	0x103
 506 0210 18020000 		.4byte	0x218
 507 0214 77000000 		.4byte	.LLST3
 508 0218 18       		.uleb128 0x18
 509 0219 04       		.byte	0x4
 510 021a D8010000 		.4byte	0x1d8
 511 021e 0A       		.uleb128 0xa
 512 021f 74000000 		.4byte	.LVL8
 513 0223 E1000000 		.4byte	0xe1
 514 0227 0B       		.uleb128 0xb
 515 0228 01       		.uleb128 0x1
 516 0229 51       		.byte	0x51
 517 022a 15       		.uleb128 0x15
 518 022b 74       		.byte	0x74
 519 022c 00       		.sleb128 0
 520 022d 31       		.byte	0x31
 521 022e 24       		.byte	0x24
 522 022f 74       		.byte	0x74
 523 0230 00       		.sleb128 0
 524 0231 22       		.byte	0x22
 525 0232 31       		.byte	0x31
 526 0233 24       		.byte	0x24
 527 0234 03       		.byte	0x3
 528 0235 04000000 		.4byte	.LANCHOR0+4
 529 0239 22       		.byte	0x22
 530 023a 94       		.byte	0x94
 531 023b 02       		.byte	0x2
 532 023c 0A       		.byte	0xa
 533 023d FFFF     		.2byte	0xffff
 534 023f 1A       		.byte	0x1a
 535 0240 00       		.byte	0
 536 0241 00       		.byte	0
 537 0242 00       		.byte	0
 538 0243 19       		.uleb128 0x19
 539 0244 B8000000 		.4byte	.LVL11
 540 0248 2E010000 		.4byte	0x12e
 541 024c 00       		.byte	0
 542 024d 1A       		.uleb128 0x1a
 543 024e B9000000 		.4byte	.LASF33
 544 0252 B9000000 		.4byte	.LASF33
 545 0256 1B       		.uleb128 0x1b
 546 0257 DB010000 		.4byte	.LASF26
 547 025b DB010000 		.4byte	.LASF26
 548 025f 04       		.byte	0x4
 549 0260 6C       		.byte	0x6c
 550 0261 1B       		.uleb128 0x1b
 551 0262 0D000000 		.4byte	.LASF27
 552 0266 0D000000 		.4byte	.LASF27
 553 026a 04       		.byte	0x4
 554 026b D0       		.byte	0xd0
 555 026c 1B       		.uleb128 0x1b
 556 026d C7000000 		.4byte	.LASF28
 557 0271 C7000000 		.4byte	.LASF28
 558 0275 04       		.byte	0x4
 559 0276 D6       		.byte	0xd6
ARM GAS  C:\Users\ivddo\AppData\Local\Temp\cc95ADQL.s 			page 16


 560 0277 00       		.byte	0
 561              		.section	.debug_abbrev,"",%progbits
 562              	.Ldebug_abbrev0:
 563 0000 01       		.uleb128 0x1
 564 0001 11       		.uleb128 0x11
 565 0002 01       		.byte	0x1
 566 0003 25       		.uleb128 0x25
 567 0004 0E       		.uleb128 0xe
 568 0005 13       		.uleb128 0x13
 569 0006 0B       		.uleb128 0xb
 570 0007 03       		.uleb128 0x3
 571 0008 0E       		.uleb128 0xe
 572 0009 1B       		.uleb128 0x1b
 573 000a 0E       		.uleb128 0xe
 574 000b 55       		.uleb128 0x55
 575 000c 17       		.uleb128 0x17
 576 000d 11       		.uleb128 0x11
 577 000e 01       		.uleb128 0x1
 578 000f 10       		.uleb128 0x10
 579 0010 17       		.uleb128 0x17
 580 0011 00       		.byte	0
 581 0012 00       		.byte	0
 582 0013 02       		.uleb128 0x2
 583 0014 24       		.uleb128 0x24
 584 0015 00       		.byte	0
 585 0016 0B       		.uleb128 0xb
 586 0017 0B       		.uleb128 0xb
 587 0018 3E       		.uleb128 0x3e
 588 0019 0B       		.uleb128 0xb
 589 001a 03       		.uleb128 0x3
 590 001b 08       		.uleb128 0x8
 591 001c 00       		.byte	0
 592 001d 00       		.byte	0
 593 001e 03       		.uleb128 0x3
 594 001f 16       		.uleb128 0x16
 595 0020 00       		.byte	0
 596 0021 03       		.uleb128 0x3
 597 0022 0E       		.uleb128 0xe
 598 0023 3A       		.uleb128 0x3a
 599 0024 0B       		.uleb128 0xb
 600 0025 3B       		.uleb128 0x3b
 601 0026 0B       		.uleb128 0xb
 602 0027 49       		.uleb128 0x49
 603 0028 13       		.uleb128 0x13
 604 0029 00       		.byte	0
 605 002a 00       		.byte	0
 606 002b 04       		.uleb128 0x4
 607 002c 24       		.uleb128 0x24
 608 002d 00       		.byte	0
 609 002e 0B       		.uleb128 0xb
 610 002f 0B       		.uleb128 0xb
 611 0030 3E       		.uleb128 0x3e
 612 0031 0B       		.uleb128 0xb
 613 0032 03       		.uleb128 0x3
 614 0033 0E       		.uleb128 0xe
 615 0034 00       		.byte	0
 616 0035 00       		.byte	0
ARM GAS  C:\Users\ivddo\AppData\Local\Temp\cc95ADQL.s 			page 17


 617 0036 05       		.uleb128 0x5
 618 0037 0F       		.uleb128 0xf
 619 0038 00       		.byte	0
 620 0039 0B       		.uleb128 0xb
 621 003a 0B       		.uleb128 0xb
 622 003b 00       		.byte	0
 623 003c 00       		.byte	0
 624 003d 06       		.uleb128 0x6
 625 003e 16       		.uleb128 0x16
 626 003f 00       		.byte	0
 627 0040 03       		.uleb128 0x3
 628 0041 0E       		.uleb128 0xe
 629 0042 3A       		.uleb128 0x3a
 630 0043 0B       		.uleb128 0xb
 631 0044 3B       		.uleb128 0x3b
 632 0045 05       		.uleb128 0x5
 633 0046 49       		.uleb128 0x49
 634 0047 13       		.uleb128 0x13
 635 0048 00       		.byte	0
 636 0049 00       		.byte	0
 637 004a 07       		.uleb128 0x7
 638 004b 35       		.uleb128 0x35
 639 004c 00       		.byte	0
 640 004d 49       		.uleb128 0x49
 641 004e 13       		.uleb128 0x13
 642 004f 00       		.byte	0
 643 0050 00       		.byte	0
 644 0051 08       		.uleb128 0x8
 645 0052 2E       		.uleb128 0x2e
 646 0053 01       		.byte	0x1
 647 0054 03       		.uleb128 0x3
 648 0055 0E       		.uleb128 0xe
 649 0056 3A       		.uleb128 0x3a
 650 0057 0B       		.uleb128 0xb
 651 0058 3B       		.uleb128 0x3b
 652 0059 0B       		.uleb128 0xb
 653 005a 27       		.uleb128 0x27
 654 005b 19       		.uleb128 0x19
 655 005c 11       		.uleb128 0x11
 656 005d 01       		.uleb128 0x1
 657 005e 12       		.uleb128 0x12
 658 005f 06       		.uleb128 0x6
 659 0060 40       		.uleb128 0x40
 660 0061 18       		.uleb128 0x18
 661 0062 9742     		.uleb128 0x2117
 662 0064 19       		.uleb128 0x19
 663 0065 01       		.uleb128 0x1
 664 0066 13       		.uleb128 0x13
 665 0067 00       		.byte	0
 666 0068 00       		.byte	0
 667 0069 09       		.uleb128 0x9
 668 006a 05       		.uleb128 0x5
 669 006b 00       		.byte	0
 670 006c 03       		.uleb128 0x3
 671 006d 08       		.uleb128 0x8
 672 006e 3A       		.uleb128 0x3a
 673 006f 0B       		.uleb128 0xb
ARM GAS  C:\Users\ivddo\AppData\Local\Temp\cc95ADQL.s 			page 18


 674 0070 3B       		.uleb128 0x3b
 675 0071 0B       		.uleb128 0xb
 676 0072 49       		.uleb128 0x49
 677 0073 13       		.uleb128 0x13
 678 0074 02       		.uleb128 0x2
 679 0075 17       		.uleb128 0x17
 680 0076 00       		.byte	0
 681 0077 00       		.byte	0
 682 0078 0A       		.uleb128 0xa
 683 0079 898201   		.uleb128 0x4109
 684 007c 01       		.byte	0x1
 685 007d 11       		.uleb128 0x11
 686 007e 01       		.uleb128 0x1
 687 007f 31       		.uleb128 0x31
 688 0080 13       		.uleb128 0x13
 689 0081 00       		.byte	0
 690 0082 00       		.byte	0
 691 0083 0B       		.uleb128 0xb
 692 0084 8A8201   		.uleb128 0x410a
 693 0087 00       		.byte	0
 694 0088 02       		.uleb128 0x2
 695 0089 18       		.uleb128 0x18
 696 008a 9142     		.uleb128 0x2111
 697 008c 18       		.uleb128 0x18
 698 008d 00       		.byte	0
 699 008e 00       		.byte	0
 700 008f 0C       		.uleb128 0xc
 701 0090 898201   		.uleb128 0x4109
 702 0093 01       		.byte	0x1
 703 0094 11       		.uleb128 0x11
 704 0095 01       		.uleb128 0x1
 705 0096 31       		.uleb128 0x31
 706 0097 13       		.uleb128 0x13
 707 0098 01       		.uleb128 0x1
 708 0099 13       		.uleb128 0x13
 709 009a 00       		.byte	0
 710 009b 00       		.byte	0
 711 009c 0D       		.uleb128 0xd
 712 009d 2E       		.uleb128 0x2e
 713 009e 01       		.byte	0x1
 714 009f 3F       		.uleb128 0x3f
 715 00a0 19       		.uleb128 0x19
 716 00a1 03       		.uleb128 0x3
 717 00a2 0E       		.uleb128 0xe
 718 00a3 3A       		.uleb128 0x3a
 719 00a4 0B       		.uleb128 0xb
 720 00a5 3B       		.uleb128 0x3b
 721 00a6 0B       		.uleb128 0xb
 722 00a7 27       		.uleb128 0x27
 723 00a8 19       		.uleb128 0x19
 724 00a9 11       		.uleb128 0x11
 725 00aa 01       		.uleb128 0x1
 726 00ab 12       		.uleb128 0x12
 727 00ac 06       		.uleb128 0x6
 728 00ad 40       		.uleb128 0x40
 729 00ae 18       		.uleb128 0x18
 730 00af 9742     		.uleb128 0x2117
ARM GAS  C:\Users\ivddo\AppData\Local\Temp\cc95ADQL.s 			page 19


 731 00b1 19       		.uleb128 0x19
 732 00b2 01       		.uleb128 0x1
 733 00b3 13       		.uleb128 0x13
 734 00b4 00       		.byte	0
 735 00b5 00       		.byte	0
 736 00b6 0E       		.uleb128 0xe
 737 00b7 0B       		.uleb128 0xb
 738 00b8 01       		.byte	0x1
 739 00b9 11       		.uleb128 0x11
 740 00ba 01       		.uleb128 0x1
 741 00bb 12       		.uleb128 0x12
 742 00bc 06       		.uleb128 0x6
 743 00bd 01       		.uleb128 0x1
 744 00be 13       		.uleb128 0x13
 745 00bf 00       		.byte	0
 746 00c0 00       		.byte	0
 747 00c1 0F       		.uleb128 0xf
 748 00c2 13       		.uleb128 0x13
 749 00c3 01       		.byte	0x1
 750 00c4 0B       		.uleb128 0xb
 751 00c5 0B       		.uleb128 0xb
 752 00c6 3A       		.uleb128 0x3a
 753 00c7 0B       		.uleb128 0xb
 754 00c8 3B       		.uleb128 0x3b
 755 00c9 0B       		.uleb128 0xb
 756 00ca 01       		.uleb128 0x1
 757 00cb 13       		.uleb128 0x13
 758 00cc 00       		.byte	0
 759 00cd 00       		.byte	0
 760 00ce 10       		.uleb128 0x10
 761 00cf 0D       		.uleb128 0xd
 762 00d0 00       		.byte	0
 763 00d1 03       		.uleb128 0x3
 764 00d2 0E       		.uleb128 0xe
 765 00d3 3A       		.uleb128 0x3a
 766 00d4 0B       		.uleb128 0xb
 767 00d5 3B       		.uleb128 0x3b
 768 00d6 0B       		.uleb128 0xb
 769 00d7 49       		.uleb128 0x49
 770 00d8 13       		.uleb128 0x13
 771 00d9 38       		.uleb128 0x38
 772 00da 0B       		.uleb128 0xb
 773 00db 00       		.byte	0
 774 00dc 00       		.byte	0
 775 00dd 11       		.uleb128 0x11
 776 00de 01       		.uleb128 0x1
 777 00df 01       		.byte	0x1
 778 00e0 49       		.uleb128 0x49
 779 00e1 13       		.uleb128 0x13
 780 00e2 01       		.uleb128 0x1
 781 00e3 13       		.uleb128 0x13
 782 00e4 00       		.byte	0
 783 00e5 00       		.byte	0
 784 00e6 12       		.uleb128 0x12
 785 00e7 21       		.uleb128 0x21
 786 00e8 00       		.byte	0
 787 00e9 49       		.uleb128 0x49
ARM GAS  C:\Users\ivddo\AppData\Local\Temp\cc95ADQL.s 			page 20


 788 00ea 13       		.uleb128 0x13
 789 00eb 2F       		.uleb128 0x2f
 790 00ec 0B       		.uleb128 0xb
 791 00ed 00       		.byte	0
 792 00ee 00       		.byte	0
 793 00ef 13       		.uleb128 0x13
 794 00f0 26       		.uleb128 0x26
 795 00f1 00       		.byte	0
 796 00f2 49       		.uleb128 0x49
 797 00f3 13       		.uleb128 0x13
 798 00f4 00       		.byte	0
 799 00f5 00       		.byte	0
 800 00f6 14       		.uleb128 0x14
 801 00f7 34       		.uleb128 0x34
 802 00f8 00       		.byte	0
 803 00f9 03       		.uleb128 0x3
 804 00fa 0E       		.uleb128 0xe
 805 00fb 3A       		.uleb128 0x3a
 806 00fc 0B       		.uleb128 0xb
 807 00fd 3B       		.uleb128 0x3b
 808 00fe 0B       		.uleb128 0xb
 809 00ff 49       		.uleb128 0x49
 810 0100 13       		.uleb128 0x13
 811 0101 02       		.uleb128 0x2
 812 0102 18       		.uleb128 0x18
 813 0103 00       		.byte	0
 814 0104 00       		.byte	0
 815 0105 15       		.uleb128 0x15
 816 0106 34       		.uleb128 0x34
 817 0107 00       		.byte	0
 818 0108 03       		.uleb128 0x3
 819 0109 08       		.uleb128 0x8
 820 010a 3A       		.uleb128 0x3a
 821 010b 0B       		.uleb128 0xb
 822 010c 3B       		.uleb128 0x3b
 823 010d 0B       		.uleb128 0xb
 824 010e 49       		.uleb128 0x49
 825 010f 13       		.uleb128 0x13
 826 0110 02       		.uleb128 0x2
 827 0111 17       		.uleb128 0x17
 828 0112 00       		.byte	0
 829 0113 00       		.byte	0
 830 0114 16       		.uleb128 0x16
 831 0115 0B       		.uleb128 0xb
 832 0116 01       		.byte	0x1
 833 0117 11       		.uleb128 0x11
 834 0118 01       		.uleb128 0x1
 835 0119 12       		.uleb128 0x12
 836 011a 06       		.uleb128 0x6
 837 011b 00       		.byte	0
 838 011c 00       		.byte	0
 839 011d 17       		.uleb128 0x17
 840 011e 34       		.uleb128 0x34
 841 011f 00       		.byte	0
 842 0120 03       		.uleb128 0x3
 843 0121 08       		.uleb128 0x8
 844 0122 3A       		.uleb128 0x3a
ARM GAS  C:\Users\ivddo\AppData\Local\Temp\cc95ADQL.s 			page 21


 845 0123 0B       		.uleb128 0xb
 846 0124 3B       		.uleb128 0x3b
 847 0125 05       		.uleb128 0x5
 848 0126 49       		.uleb128 0x49
 849 0127 13       		.uleb128 0x13
 850 0128 02       		.uleb128 0x2
 851 0129 17       		.uleb128 0x17
 852 012a 00       		.byte	0
 853 012b 00       		.byte	0
 854 012c 18       		.uleb128 0x18
 855 012d 0F       		.uleb128 0xf
 856 012e 00       		.byte	0
 857 012f 0B       		.uleb128 0xb
 858 0130 0B       		.uleb128 0xb
 859 0131 49       		.uleb128 0x49
 860 0132 13       		.uleb128 0x13
 861 0133 00       		.byte	0
 862 0134 00       		.byte	0
 863 0135 19       		.uleb128 0x19
 864 0136 898201   		.uleb128 0x4109
 865 0139 00       		.byte	0
 866 013a 11       		.uleb128 0x11
 867 013b 01       		.uleb128 0x1
 868 013c 31       		.uleb128 0x31
 869 013d 13       		.uleb128 0x13
 870 013e 00       		.byte	0
 871 013f 00       		.byte	0
 872 0140 1A       		.uleb128 0x1a
 873 0141 2E       		.uleb128 0x2e
 874 0142 00       		.byte	0
 875 0143 3F       		.uleb128 0x3f
 876 0144 19       		.uleb128 0x19
 877 0145 3C       		.uleb128 0x3c
 878 0146 19       		.uleb128 0x19
 879 0147 6E       		.uleb128 0x6e
 880 0148 0E       		.uleb128 0xe
 881 0149 03       		.uleb128 0x3
 882 014a 0E       		.uleb128 0xe
 883 014b 00       		.byte	0
 884 014c 00       		.byte	0
 885 014d 1B       		.uleb128 0x1b
 886 014e 2E       		.uleb128 0x2e
 887 014f 00       		.byte	0
 888 0150 3F       		.uleb128 0x3f
 889 0151 19       		.uleb128 0x19
 890 0152 3C       		.uleb128 0x3c
 891 0153 19       		.uleb128 0x19
 892 0154 6E       		.uleb128 0x6e
 893 0155 0E       		.uleb128 0xe
 894 0156 03       		.uleb128 0x3
 895 0157 0E       		.uleb128 0xe
 896 0158 3A       		.uleb128 0x3a
 897 0159 0B       		.uleb128 0xb
 898 015a 3B       		.uleb128 0x3b
 899 015b 0B       		.uleb128 0xb
 900 015c 00       		.byte	0
 901 015d 00       		.byte	0
ARM GAS  C:\Users\ivddo\AppData\Local\Temp\cc95ADQL.s 			page 22


 902 015e 00       		.byte	0
 903              		.section	.debug_loc,"",%progbits
 904              	.Ldebug_loc0:
 905              	.LLST0:
 906 0000 00000000 		.4byte	.LVL0
 907 0004 09000000 		.4byte	.LVL2-1
 908 0008 0100     		.2byte	0x1
 909 000a 50       		.byte	0x50
 910 000b 09000000 		.4byte	.LVL2-1
 911 000f 0C000000 		.4byte	.LFE0
 912 0013 0400     		.2byte	0x4
 913 0015 F3       		.byte	0xf3
 914 0016 01       		.uleb128 0x1
 915 0017 50       		.byte	0x50
 916 0018 9F       		.byte	0x9f
 917 0019 00000000 		.4byte	0
 918 001d 00000000 		.4byte	0
 919              	.LLST1:
 920 0021 00000000 		.4byte	.LVL0
 921 0025 06000000 		.4byte	.LVL1
 922 0029 0100     		.2byte	0x1
 923 002b 51       		.byte	0x51
 924 002c 06000000 		.4byte	.LVL1
 925 0030 09000000 		.4byte	.LVL2-1
 926 0034 0100     		.2byte	0x1
 927 0036 52       		.byte	0x52
 928 0037 09000000 		.4byte	.LVL2-1
 929 003b 0C000000 		.4byte	.LFE0
 930 003f 0400     		.2byte	0x4
 931 0041 F3       		.byte	0xf3
 932 0042 01       		.uleb128 0x1
 933 0043 51       		.byte	0x51
 934 0044 9F       		.byte	0x9f
 935 0045 00000000 		.4byte	0
 936 0049 00000000 		.4byte	0
 937              	.LLST2:
 938 004d 54000000 		.4byte	.LVL6
 939 0051 58000000 		.4byte	.LVL7
 940 0055 0200     		.2byte	0x2
 941 0057 30       		.byte	0x30
 942 0058 9F       		.byte	0x9f
 943 0059 58000000 		.4byte	.LVL7
 944 005d 76000000 		.4byte	.LVL9
 945 0061 0100     		.2byte	0x1
 946 0063 54       		.byte	0x54
 947 0064 78000000 		.4byte	.LVL10
 948 0068 B8000000 		.4byte	.LVL12
 949 006c 0100     		.2byte	0x1
 950 006e 54       		.byte	0x54
 951 006f 00000000 		.4byte	0
 952 0073 00000000 		.4byte	0
 953              	.LLST3:
 954 0077 58000000 		.4byte	.LVL7
 955 007b 76000000 		.4byte	.LVL9
 956 007f 0B00     		.2byte	0xb
 957 0081 74       		.byte	0x74
 958 0082 00       		.sleb128 0
ARM GAS  C:\Users\ivddo\AppData\Local\Temp\cc95ADQL.s 			page 23


 959 0083 36       		.byte	0x36
 960 0084 1E       		.byte	0x1e
 961 0085 03       		.byte	0x3
 962 0086 00000000 		.4byte	cfg_memset_list.4847
 963 008a 22       		.byte	0x22
 964 008b 9F       		.byte	0x9f
 965 008c 76000000 		.4byte	.LVL9
 966 0090 78000000 		.4byte	.LVL10
 967 0094 0B00     		.2byte	0xb
 968 0096 74       		.byte	0x74
 969 0097 7F       		.sleb128 -1
 970 0098 36       		.byte	0x36
 971 0099 1E       		.byte	0x1e
 972 009a 03       		.byte	0x3
 973 009b 00000000 		.4byte	cfg_memset_list.4847
 974 009f 22       		.byte	0x22
 975 00a0 9F       		.byte	0x9f
 976 00a1 00000000 		.4byte	0
 977 00a5 00000000 		.4byte	0
 978              		.section	.debug_aranges,"",%progbits
 979 0000 2C000000 		.4byte	0x2c
 980 0004 0200     		.2byte	0x2
 981 0006 00000000 		.4byte	.Ldebug_info0
 982 000a 04       		.byte	0x4
 983 000b 00       		.byte	0
 984 000c 0000     		.2byte	0
 985 000e 0000     		.2byte	0
 986 0010 00000000 		.4byte	.LFB0
 987 0014 0C000000 		.4byte	.LFE0-.LFB0
 988 0018 00000000 		.4byte	.LFB3
 989 001c 50000000 		.4byte	.LFE3-.LFB3
 990 0020 50000000 		.4byte	.LFB5
 991 0024 90000000 		.4byte	.LFE5-.LFB5
 992 0028 00000000 		.4byte	0
 993 002c 00000000 		.4byte	0
 994              		.section	.debug_ranges,"",%progbits
 995              	.Ldebug_ranges0:
 996 0000 00000000 		.4byte	.LFB0
 997 0004 0C000000 		.4byte	.LFE0
 998 0008 00000000 		.4byte	.LFB3
 999 000c 50000000 		.4byte	.LFE3
 1000 0010 50000000 		.4byte	.LFB5
 1001 0014 E0000000 		.4byte	.LFE5
 1002 0018 00000000 		.4byte	0
 1003 001c 00000000 		.4byte	0
 1004              		.section	.debug_line,"",%progbits
 1005              	.Ldebug_line0:
 1006 0000 29010000 		.section	.debug_str,"MS",%progbits,1
 1006      0200D600 
 1006      00000201 
 1006      FB0E0D00 
 1006      01010101 
 1007              	.LASF19:
 1008 0000 72656733 		.ascii	"reg32\000"
 1008      3200
 1009              	.LASF12:
 1010 0006 73697A65 		.ascii	"size_t\000"
ARM GAS  C:\Users\ivddo\AppData\Local\Temp\cc95ADQL.s 			page 24


 1010      5F7400
 1011              	.LASF27:
 1012 000d 4379496E 		.ascii	"CyIntSetVector\000"
 1012      74536574 
 1012      56656374 
 1012      6F7200
 1013              	.LASF25:
 1014 001c 6366675F 		.ascii	"cfg_memset_list\000"
 1014      6D656D73 
 1014      65745F6C 
 1014      69737400 
 1015              	.LASF21:
 1016 002c 436C6F63 		.ascii	"ClockSetup\000"
 1016      6B536574 
 1016      757000
 1017              	.LASF6:
 1018 0037 73686F72 		.ascii	"short unsigned int\000"
 1018      7420756E 
 1018      7369676E 
 1018      65642069 
 1018      6E7400
 1019              	.LASF16:
 1020 004a 666C6F61 		.ascii	"float\000"
 1020      7400
 1021              	.LASF23:
 1022 0050 73697A65 		.ascii	"size\000"
 1022      00
 1023              	.LASF18:
 1024 0055 72656738 		.ascii	"reg8\000"
 1024      00
 1025              	.LASF8:
 1026 005a 6C6F6E67 		.ascii	"long unsigned int\000"
 1026      20756E73 
 1026      69676E65 
 1026      6420696E 
 1026      7400
 1027              	.LASF31:
 1028 006c 433A5C55 		.ascii	"C:\\Users\\ivddo\\OneDrive\\dcmotor\\Design04.cydsn"
 1028      73657273 
 1028      5C697664 
 1028      646F5C4F 
 1028      6E654472 
 1029 009a 00       		.ascii	"\000"
 1030              	.LASF13:
 1031 009b 75696E74 		.ascii	"uint8\000"
 1031      3800
 1032              	.LASF20:
 1033 00a1 43594D45 		.ascii	"CYMEMZERO\000"
 1033      4D5A4552 
 1033      4F00
 1034              	.LASF4:
 1035 00ab 756E7369 		.ascii	"unsigned char\000"
 1035      676E6564 
 1035      20636861 
 1035      7200
 1036              	.LASF33:
 1037 00b9 6D656D73 		.ascii	"memset\000"
ARM GAS  C:\Users\ivddo\AppData\Local\Temp\cc95ADQL.s 			page 25


 1037      657400
 1038              	.LASF17:
 1039 00c0 646F7562 		.ascii	"double\000"
 1039      6C6500
 1040              	.LASF28:
 1041 00c7 4379496E 		.ascii	"CyIntEnable\000"
 1041      74456E61 
 1041      626C6500 
 1042              	.LASF14:
 1043 00d3 75696E74 		.ascii	"uint16\000"
 1043      313600
 1044              	.LASF15:
 1045 00da 75696E74 		.ascii	"uint32\000"
 1045      333200
 1046              	.LASF0:
 1047 00e1 756E7369 		.ascii	"unsigned int\000"
 1047      676E6564 
 1047      20696E74 
 1047      00
 1048              	.LASF32:
 1049 00ee 63796669 		.ascii	"cyfitter_cfg\000"
 1049      74746572 
 1049      5F636667 
 1049      00
 1050              	.LASF22:
 1051 00fb 61646472 		.ascii	"address\000"
 1051      65737300 
 1052              	.LASF9:
 1053 0103 6C6F6E67 		.ascii	"long long unsigned int\000"
 1053      206C6F6E 
 1053      6720756E 
 1053      7369676E 
 1053      65642069 
 1054              	.LASF29:
 1055 011a 474E5520 		.ascii	"GNU C11 5.4.1 20160609 (release) [ARM/embedded-5-br"
 1055      43313120 
 1055      352E342E 
 1055      31203230 
 1055      31363036 
 1056 014d 616E6368 		.ascii	"anch revision 237715] -mcpu=cortex-m0 -mthumb -g -O"
 1056      20726576 
 1056      6973696F 
 1056      6E203233 
 1056      37373135 
 1057 0180 67202D66 		.ascii	"g -ffunction-sections -ffat-lto-objects\000"
 1057      66756E63 
 1057      74696F6E 
 1057      2D736563 
 1057      74696F6E 
 1058              	.LASF24:
 1059 01a8 6366675F 		.ascii	"cfg_memset_t\000"
 1059      6D656D73 
 1059      65745F74 
 1059      00
 1060              	.LASF10:
 1061 01b5 73697A65 		.ascii	"sizetype\000"
 1061      74797065 
ARM GAS  C:\Users\ivddo\AppData\Local\Temp\cc95ADQL.s 			page 26


 1061      00
 1062              	.LASF1:
 1063 01be 6C6F6E67 		.ascii	"long long int\000"
 1063      206C6F6E 
 1063      6720696E 
 1063      7400
 1064              	.LASF11:
 1065 01cc 63686172 		.ascii	"char\000"
 1065      00
 1066              	.LASF5:
 1067 01d1 73686F72 		.ascii	"short int\000"
 1067      7420696E 
 1067      7400
 1068              	.LASF26:
 1069 01db 43795379 		.ascii	"CySysClkWriteImoFreq\000"
 1069      73436C6B 
 1069      57726974 
 1069      65496D6F 
 1069      46726571 
 1070              	.LASF7:
 1071 01f0 6C6F6E67 		.ascii	"long int\000"
 1071      20696E74 
 1071      00
 1072              	.LASF2:
 1073 01f9 6C6F6E67 		.ascii	"long double\000"
 1073      20646F75 
 1073      626C6500 
 1074              	.LASF3:
 1075 0205 7369676E 		.ascii	"signed char\000"
 1075      65642063 
 1075      68617200 
 1076              	.LASF30:
 1077 0211 47656E65 		.ascii	"Generated_Source\\PSoC4\\cyfitter_cfg.c\000"
 1077      72617465 
 1077      645F536F 
 1077      75726365 
 1077      5C50536F 
 1078              		.ident	"GCC: (GNU Tools for ARM Embedded Processors) 5.4.1 20160609 (release) [ARM/embedded-5-bran
